******************************************************************************
                  TI ARM Linker PC v16.9.4                     
******************************************************************************
>> Linked Wed Jan 24 20:42:06 2018

OUTPUT FILE NAME:   <Competition.out>
ENTRY POINT SYMBOL: "_c_int00"  address: 000055ad


MEMORY CONFIGURATION

         name            origin    length      used     unused   attr    fill
----------------------  --------  ---------  --------  --------  ----  --------
  MAIN                  00000000   00040000  00005e28  0003a1d8  R  X
  INFO                  00200000   00004000  00000000  00004000  R  X
  SRAM_CODE             01000000   00010000  00003c57  0000c3a9  RW X
  SRAM_DATA             20000000   00010000  00003c57  0000c3a9  RW  


SEGMENT ALLOCATION MAP

run origin  load origin   length   init length attrs members
----------  ----------- ---------- ----------- ----- -------
00000000    00000000    00005e28   00005e28    r-x
  00000000    00000000    000000e4   000000e4    r-- .intvecs
  000000e4    000000e4    00005970   00005970    r-x .text
  00005a54    00005a54    0000032c   0000032c    r-- .const
  00005d80    00005d80    000000a8   000000a8    r-- .cinit
20000000    20000000    00003a5c   00000000    rw-
  20000000    20000000    0000342b   00000000    rw- .bss
  20003430    20003430    00000400   00000000    rw- .sysmem
  20003830    20003830    0000022c   00000000    rw- .data
2000fe00    2000fe00    00000200   00000000    rw-
  2000fe00    2000fe00    00000200   00000000    rw- .stack


SECTION ALLOCATION MAP

 output                                  attributes/
section   page    origin      length       input sections
--------  ----  ----------  ----------   ----------------
.intvecs   0    00000000    000000e4     
                  00000000    000000e4     startup_msp432p401r_ccs.obj (.intvecs:retain)

.binit     0    00000000    00000000     

.text      0    000000e4    00005970     
                  000000e4    0000113e     rtsv7M4_T_le_v4SPD16_eabi.lib : _printfi.obj (.text)
                  00001222    00000002                                   : mpu_init.obj (.text)
                  00001224    0000093c     Nokia5110.obj (.text)
                  00001b60    000006bc     UART0.obj (.text)
                  0000221c    000003e8     Robotmain.obj (.text)
                  00002604    000003d0     rtsv7M4_T_le_v4SPD16_eabi.lib : memory.obj (.text)
                  000029d4    0000032c     system_msp432p401r.obj (.text)
                  00002d00    00000304     LPF.obj (.text)
                  00003004    000002ec     ADC14.obj (.text)
                  000032f0    00000228     PWM.obj (.text)
                  00003518    000001f4     rtsv7M4_T_le_v4SPD16_eabi.lib : ull_div_t2.obj (.text)
                  0000370c    000001e8     Reflectance.obj (.text)
                  000038f4    000001e0     Clock.obj (.text)
                  00003ad4    000001c4     rtsv7M4_T_le_v4SPD16_eabi.lib : fopen.obj (.text)
                  00003c98    000001b6                                   : fd_add_t2.obj (.text)
                  00003e4e    00000002                                   : startup.obj (.text)
                  00003e50    0000018c     Motor.obj (.text)
                  00003fdc    00000168     Tachometer.obj (.text)
                  00004144    00000136     rtsv7M4_T_le_v4SPD16_eabi.lib : fd_div_t2.obj (.text)
                  0000427a    00000002     --HOLE-- [fill = 0]
                  0000427c    00000134     TA3InputCapture.obj (.text)
                  000043b0    00000134     rtsv7M4_T_le_v4SPD16_eabi.lib : fputs.obj (.text)
                  000044e4    000000fc                                   : fd_mul_t2.obj (.text)
                  000045e0    000000fc                                   : s_scalbn.obj (.text)
                  000046dc    000000f4     LaunchPad.obj (.text)
                  000047d0    000000dc     rtsv7M4_T_le_v4SPD16_eabi.lib : setvbuf.obj (.text)
                  000048ac    000000c8                                   : fflush.obj (.text)
                  00004974    000000bc                                   : open.obj (.text)
                  00004a30    000000b8                                   : add_device.obj (.text)
                  00004ae8    000000ac                                   : _io_perm.obj (.text)
                  00004b94    000000a8     TimerA1.obj (.text)
                  00004c3c    0000009c     rtsv7M4_T_le_v4SPD16_eabi.lib : memcpy_t2.obj (.text)
                  00004cd8    00000098                                   : fclose.obj (.text)
                  00004d70    00000098                                   : fputc.obj (.text)
                  00004e08    00000086                                   : fd_cmp_t2.obj (.text:__aeabi_cdcmple)
                  00004e8e    00000086                                   : fd_cmp_t2.obj (.text:__aeabi_cdrcmple)
                  00004f14    0000007c     IRDistance.obj (.text)
                  00004f90    0000007a     rtsv7M4_T_le_v4SPD16_eabi.lib : memset_t2.obj (.text)
                  0000500a    00000002     --HOLE-- [fill = 0]
                  0000500c    00000078     Bump_port4.obj (.text)
                  00005084    00000070     rtsv7M4_T_le_v4SPD16_eabi.lib : autoinit.obj (.text)
                  000050f4    00000070                                   : getdevice.obj (.text)
                  00005164    00000070                                   : printf.obj (.text)
                  000051d4    0000006c                                   : hostrename.obj (.text)
                  00005240    00000068                                   : copy_decompress_lzss.obj (.text:decompress:lzss)
                  000052a8    00000068                                   : hostlseek.obj (.text)
                  00005310    00000068                                   : trgmsg.obj (.text)
                  00005378    00000064                                   : fseek.obj (.text)
                  000053dc    00000064                                   : s_frexp.obj (.text)
                  00005440    00000060                                   : hostopen.obj (.text)
                  000054a0    0000005c                                   : close.obj (.text)
                  000054fc    00000058                                   : hostread.obj (.text)
                  00005554    00000058                                   : hostwrite.obj (.text)
                  000055ac    00000054                                   : boot.obj (.text)
                  00005600    00000054                                   : exit.obj (.text)
                  00005654    00000054                                   : ltoa.obj (.text)
                  000056a8    0000004c                                   : atoi.obj (.text)
                  000056f4    0000004c                                   : cpy_tbl.obj (.text)
                  00005740    00000048                                   : fd_toi_t2.obj (.text)
                  00005788    00000044                                   : hostclose.obj (.text)
                  000057cc    00000044                                   : hostunlink.obj (.text)
                  00005810    00000040     SysTickInts.obj (.text)
                  00005850    00000036     rtsv7M4_T_le_v4SPD16_eabi.lib : strncpy.obj (.text)
                  00005886    0000002e                                   : i_tofd_t2.obj (.text)
                  000058b4    0000002c                                   : unlink.obj (.text)
                  000058e0    00000028                                   : lseek.obj (.text)
                  00005908    00000028                                   : write.obj (.text)
                  00005930    00000024     CortexM.obj (.text)
                  00005954    00000020     rtsv7M4_T_le_v4SPD16_eabi.lib : memchr.obj (.text)
                  00005974    0000001c                                   : memccpy.obj (.text)
                  00005990    00000018                                   : args_main.obj (.text)
                  000059a8    00000018                                   : strcmp.obj (.text)
                  000059c0    00000016                                   : strchr.obj (.text)
                  000059d6    00000002     --HOLE-- [fill = 0]
                  000059d8    00000014                                   : _lock.obj (.text)
                  000059ec    00000014                                   : s_copysign.obj (.text)
                  00005a00    00000014                                   : strcpy.obj (.text)
                  00005a14    00000014                                   : strlen.obj (.text)
                  00005a28    0000000e                                   : copy_decompress_none.obj (.text:decompress:none)
                  00005a36    0000000e     startup_msp432p401r_ccs.obj (.text)
                  00005a44    0000000c     rtsv7M4_T_le_v4SPD16_eabi.lib : copy_zero_init.obj (.text:decompress:ZI)
                  00005a50    00000004                                   : pre_init.obj (.text)

.const     0    00005a54    0000032c     
                  00005a54    000001e0     Nokia5110.obj (.const:ASCII)
                  00005c34    00000101     rtsv7M4_T_le_v4SPD16_eabi.lib : ctype.obj (.const:.string:_ctypes_)
                  00005d35    00000003     --HOLE-- [fill = 0]
                  00005d38    00000020     Reflectance.obj (.const:Mask)
                  00005d58    00000020     Reflectance.obj (.const:Weight)
                  00005d78    00000008     Nokia5110.obj (.const:.string:Masks)

.cinit     0    00005d80    000000a8     
                  00005d80    00000080     (.cinit..data.load) [load image, compression = lzss]
                  00005e00    0000000c     (__TI_handler_table)
                  00005e0c    00000004     --HOLE-- [fill = 0]
                  00005e10    00000008     (.cinit..bss.load) [load image, compression = zero_init]
                  00005e18    00000010     (__TI_cinit_table)

.init_array 
*          0    00000000    00000000     UNINITIALIZED

.bss       0    20000000    0000342b     UNINITIALIZED
                  20000000    00001000     (.common:x)
                  20001000    00001000     (.common:x2)
                  20002000    00001000     (.common:x3)
                  20003000    000001f8     (.common:Screen)
                  200031f8    00000120     rtsv7M4_T_le_v4SPD16_eabi.lib : trgmsg.obj (.bss:_CIOBUF_)
                  20003318    000000a0     (.common:__TI_tmpnams)
                  200033b8    00000008     (.common:Messageb)
                  200033c0    00000008     (.common:parmbuf)
                  200033c8    00000004     (.common:Center)
                  200033cc    00000004     (.common:I1)
                  200033d0    00000004     (.common:LPFSum)
                  200033d4    00000004     (.common:LPFSum2)
                  200033d8    00000004     (.common:LPFSum3)
                  200033dc    00000004     (.common:Left)
                  200033e0    00000004     (.common:LeftSteps)
                  200033e4    00000004     (.common:Messageindexb)
                  200033e8    00000004     (.common:Position)
                  200033ec    00000004     (.common:Pt)
                  200033f0    00000004     (.common:Pt2)
                  200033f4    00000004     (.common:Pt3)
                  200033f8    00000004     (.common:Right)
                  200033fc    00000004     (.common:RightSteps)
                  20003400    00000004     (.common:Size)
                  20003404    00000004     (.common:Time)
                  20003408    00000004     (.common:TimerA1Task)
                  2000340c    00000004     (.common:nc)
                  20003410    00000004     (.common:nl)
                  20003414    00000004     (.common:nr)
                  20003418    00000002     (.common:LeftSpeed)
                  2000341a    00000002     (.common:LeftTach)
                  2000341c    00000002     (.common:RightSpeed)
                  2000341e    00000002     (.common:RightTach)
                  20003420    00000002     (.common:Tachometer_FirstLeftTime)
                  20003422    00000002     (.common:Tachometer_FirstRightTime)
                  20003424    00000002     (.common:Tachometer_SecondLeftTime)
                  20003426    00000002     (.common:Tachometer_SecondRightTime)
                  20003428    00000001     (.common:Data)
                  20003429    00000001     (.common:LeftDir)
                  2000342a    00000001     (.common:RightDir)

.sysmem    0    20003430    00000400     UNINITIALIZED
                  20003430    00000008     rtsv7M4_T_le_v4SPD16_eabi.lib : memory.obj (.sysmem)
                  20003438    000003f8     --HOLE--

.data      0    20003830    0000022c     UNINITIALIZED
                  20003830    000000f0     rtsv7M4_T_le_v4SPD16_eabi.lib : defs.obj (.data:_ftable)
                  20003920    00000078                                   : write.obj (.data:_device)
                  20003998    00000050                                   : write.obj (.data:_stream)
                  200039e8    00000018     Clock.obj (.data)
                  20003a00    00000010     rtsv7M4_T_le_v4SPD16_eabi.lib : defs.obj (.data)
                  20003a10    0000000c                                   : exit.obj (.data:$O1$$)
                  20003a1c    0000000c                                   : memory.obj (.data:$O1$$)
                  20003a28    0000000a     Tachometer.obj (.data)
                  20003a32    00000002     --HOLE--
                  20003a34    00000008     rtsv7M4_T_le_v4SPD16_eabi.lib : _lock.obj (.data:$O1$$)
                  20003a3c    00000008     TA3InputCapture.obj (.data)
                  20003a44    00000004     rtsv7M4_T_le_v4SPD16_eabi.lib : add_device.obj (.data)
                  20003a48    00000004                                   : errno.obj (.data)
                  20003a4c    00000004                                   : fopen.obj (.data)
                  20003a50    00000004                                   : open.obj (.data)
                  20003a54    00000004                                   : stkdepth_vars.obj (.data)
                  20003a58    00000004     system_msp432p401r.obj (.data)

.stack     0    2000fe00    00000200     UNINITIALIZED
                  2000fe00    00000200     --HOLE--

MODULE SUMMARY

       Module                        code    ro data   rw data
       ------                        ----    -------   -------
    ..\
       LPF.obj                       772     0         24640  
       Nokia5110.obj                 2364    488       1008   
       UART0.obj                     1724    0         24     
       ADC14.obj                     748     0         0      
       PWM.obj                       552     0         0      
       Reflectance.obj               488     64        0      
       Clock.obj                     480     0         48     
       Motor.obj                     396     0         0      
       Tachometer.obj                360     0         36     
       TA3InputCapture.obj           308     0         16     
       LaunchPad.obj                 244     0         0      
       TimerA1.obj                   168     0         8      
       IRDistance.obj                124     0         0      
       Bump_port4.obj                120     0         0      
       SysTickInts.obj               64      0         0      
       CortexM.obj                   36      0         0      
    +--+-----------------------------+-------+---------+---------+
       Total:                        8948    552       25780  
                                                              
    .\
       Robotmain.obj                 1000    0         102    
       system_msp432p401r.obj        812     0         8      
       startup_msp432p401r_ccs.obj   14      228       0      
    +--+-----------------------------+-------+---------+---------+
       Total:                        1826    228       110    
                                                              
    C:\ti\ccsv7\tools\compiler\ti-cgt-arm_16.9.4.LTS\lib\rtsv7M4_T_le_v4SPD16_eabi.lib
       _printfi.obj                  4414    0         0      
       memory.obj                    976     0         24     
       defs.obj                      0       0         832    
       trgmsg.obj                    104     0         576    
       ull_div_t2.obj                500     0         0      
       fopen.obj                     452     0         8      
       write.obj                     40      0         400    
       fd_add_t2.obj                 438     0         0      
       fd_div_t2.obj                 310     0         0      
       fputs.obj                     308     0         0      
       fd_cmp_t2.obj                 268     0         0      
       ctype.obj                     0       257       0      
       fd_mul_t2.obj                 252     0         0      
       s_scalbn.obj                  252     0         0      
       setvbuf.obj                   220     0         0      
       fflush.obj                    200     0         0      
       open.obj                      188     0         8      
       add_device.obj                184     0         8      
       _io_perm.obj                  172     0         0      
       memcpy_t2.obj                 156     0         0      
       fclose.obj                    152     0         0      
       fputc.obj                     152     0         0      
       memset_t2.obj                 122     0         0      
       autoinit.obj                  112     0         0      
       getdevice.obj                 112     0         0      
       hostopen.obj                  96      0         16     
       printf.obj                    112     0         0      
       exit.obj                      84      0         24     
       hostrename.obj                108     0         0      
       copy_decompress_lzss.obj      104     0         0      
       hostlseek.obj                 104     0         0      
       fseek.obj                     100     0         0      
       s_frexp.obj                   100     0         0      
       close.obj                     92      0         0      
       hostread.obj                  88      0         0      
       hostwrite.obj                 88      0         0      
       boot.obj                      84      0         0      
       ltoa.obj                      84      0         0      
       atoi.obj                      76      0         0      
       cpy_tbl.obj                   76      0         0      
       fd_toi_t2.obj                 72      0         0      
       hostclose.obj                 68      0         0      
       hostunlink.obj                68      0         0      
       strncpy.obj                   54      0         0      
       i_tofd_t2.obj                 46      0         0      
       unlink.obj                    44      0         0      
       lseek.obj                     40      0         0      
       _lock.obj                     20      0         16     
       memchr.obj                    32      0         0      
       memccpy.obj                   28      0         0      
       args_main.obj                 24      0         0      
       strcmp.obj                    24      0         0      
       strchr.obj                    22      0         0      
       s_copysign.obj                20      0         0      
       strcpy.obj                    20      0         0      
       strlen.obj                    20      0         0      
       copy_decompress_none.obj      14      0         0      
       copy_zero_init.obj            12      0         0      
       errno.obj                     0       0         8      
       stkdepth_vars.obj             0       0         8      
       pre_init.obj                  4       0         0      
       mpu_init.obj                  2       0         0      
       startup.obj                   2       0         0      
    +--+-----------------------------+-------+---------+---------+
       Total:                        12116   257       1928   
                                                              
       Heap:                         0       0         2048   
       Stack:                        0       0         1024   
       Linker Generated:             0       164       0      
    +--+-----------------------------+-------+---------+---------+
       Grand Total:                  22890   1201      30890  


LINKER GENERATED COPY TABLES

__TI_cinit_table @ 00005e18 records: 2, size/record: 8, table size: 16
	.data: load addr=00005d80, load size=00000080 bytes, run addr=20003830, run size=0000022c bytes, compression=lzss
	.bss: load addr=00005e10, load size=00000008 bytes, run addr=20000000, run size=0000342b bytes, compression=zero_init


LINKER GENERATED HANDLER TABLE

__TI_handler_table @ 00005e00 records: 3, size/record: 4, table size: 12
	index: 0, handler: __TI_decompress_lzss
	index: 1, handler: __TI_decompress_none
	index: 2, handler: __TI_zero_init


GLOBAL SYMBOLS: SORTED ALPHABETICALLY BY Name 

address   name                           
-------   ----                           
00003101  ADC0_InitSWTriggerCh12         
00003171  ADC0_InitSWTriggerCh17_12_16   
00003221  ADC0_InitSWTriggerCh19         
00003005  ADC0_InitSWTriggerCh6          
00003075  ADC0_InitSWTriggerCh67         
00005a43  ADC14_IRQHandler               
00003151  ADC_In12                       
000031e1  ADC_In17_12_16                 
00003271  ADC_In19                       
00003055  ADC_In6                        
000030cb  ADC_In67                       
00005a43  AES256_IRQHandler              
0000500d  Bump_Init                      
00005041  Bump_Read                      
00005a43  BusFault_Handler               
00005601  C$$EXIT                        
0000533f  C$$IO$$                        
00005a43  COMP_E0_IRQHandler             
00005a43  COMP_E1_IRQHandler             
200039f0  CPMwait                        
00005a43  CS_IRQHandler                  
20003a3c  CaptureTask0                   
20003a40  CaptureTask2                   
200033c8  Center                         
00004f3d  CenterConvert                  
200039e8  ClockFrequency                 
00003a49  Clock_Delay1ms                 
00003a1f  Clock_Delay1us                 
00003a0b  Clock_GetFreq                  
000038f5  Clock_Init48MHz                
200039fc  Crystalstable                  
00005a43  DMA_ERR_IRQHandler             
00005a43  DMA_INT0_IRQHandler            
00005a43  DMA_INT1_IRQHandler            
00005a43  DMA_INT2_IRQHandler            
00005a43  DMA_INT3_IRQHandler            
20003428  Data                           
00005a43  DebugMon_Handler               
00005a43  Default_Handler                
00005931  DisableInterrupts              
00005a43  EUSCIA0_IRQHandler             
00005a43  EUSCIA1_IRQHandler             
00005a43  EUSCIA2_IRQHandler             
00005a43  EUSCIA3_IRQHandler             
00005a43  EUSCIB0_IRQHandler             
00005a43  EUSCIB1_IRQHandler             
00005a43  EUSCIB2_IRQHandler             
00005a43  EUSCIB3_IRQHandler             
00005937  EnableInterrupts               
00005947  EndCritical                    
00005a43  FLCTL_IRQHandler               
00005a43  FPU_IRQHandler                 
00005789  HOSTclose                      
000052a9  HOSTlseek                      
00005441  HOSTopen                       
000054fd  HOSTread                       
000051d5  HOSTrename                     
000057cd  HOSTunlink                     
00005555  HOSTwrite                      
00005a43  HardFault_Handler              
200033cc  I1                             
200039f8  IFlags                         
0000221d  IRsampling                     
200033d0  LPFSum                         
200033d4  LPFSum2                        
200033d8  LPFSum3                        
00002e15  LPF_Calc                       
00002eb9  LPF_Calc2                      
00002f7d  LPF_Calc3                      
00002d55  LPF_Calc_old                   
00002db7  LPF_Init                       
00002e65  LPF_Init2                      
00002f1b  LPF_Init3                      
00002d01  LPF_Init_old                   
000046dd  LaunchPad_Init                 
0000474d  LaunchPad_Input                
00004767  LaunchPad_LED                  
00004785  LaunchPad_Output               
200033dc  Left                           
00004f15  LeftConvert                    
20003429  LeftDir                        
20003418  LeftSpeed                      
200033e0  LeftSteps                      
2000341a  LeftTach                       
00005d38  Mask                           
00005d78  Masks                          
00005a43  MemManage_Handler              
200033b8  Messageb                       
200033e4  Messageindexb                  
00003f7f  Motor_Backward                 
00003eb7  Motor_Forward                  
00003e51  Motor_Init                     
00003f39  Motor_Left                     
00003ef3  Motor_Right                    
00003ea3  Motor_Stop                     
00005a43  NMI_Handler                    
00001895  Nokia5110_Clear                
00001ad7  Nokia5110_ClearBuffer          
00001b0b  Nokia5110_ClrPxl               
00001b01  Nokia5110_DisplayBuffer        
000018c1  Nokia5110_DrawFullImage        
0000127b  Nokia5110_Init                 
00001325  Nokia5110_OutChar              
00001595  Nokia5110_OutSDec              
00001365  Nokia5110_OutString            
00001383  Nokia5110_OutUDec              
000017cb  Nokia5110_OutUFix1             
000018f3  Nokia5110_PrintBMP             
00001859  Nokia5110_SetCursor            
00001b31  Nokia5110_SetPxl               
00005a43  PCM_IRQHandler                 
00005a43  PORT1_IRQHandler               
00005a43  PORT2_IRQHandler               
00005a43  PORT3_IRQHandler               
00005a43  PORT4_IRQHandler               
00005a43  PORT5_IRQHandler               
00005a43  PORT6_IRQHandler               
00005a43  PSS_IRQHandler                 
000033db  PWM_Duty1                      
000033fb  PWM_Duty2                      
0000349f  PWM_Duty3                      
000034bf  PWM_Duty4                      
000032f1  PWM_Init1                      
00003357  PWM_Init12                     
0000341b  PWM_Init34                     
00005a43  PendSV_Handler                 
200033e8  Position                       
200039f4  Postwait                       
200039ec  Prewait                        
200033ec  Pt                             
200033f0  Pt2                            
200033f4  Pt3                            
00005a43  RTC_C_IRQHandler               
0000378d  Reflectance_Center             
000038ab  Reflectance_End                
0000370d  Reflectance_Init               
0000379f  Reflectance_Init2              
0000381f  Reflectance_Position           
00003749  Reflectance_Read               
000037e1  Reflectance_Read2              
00003885  Reflectance_Start              
00005a37  Reset_Handler                  
200033f8  Right                          
00004f65  RightConvert                   
2000342a  RightDir                       
2000341c  RightSpeed                     
200033fc  RightSteps                     
2000341e  RightTach                      
UNDEFED   SHT$$INIT_ARRAY$$Base          
UNDEFED   SHT$$INIT_ARRAY$$Limit         
00005a43  SVC_Handler                    
20003000  Screen                         
20003400  Size                           
0000593d  StartCritical                  
00002249  SysTick_Handler                
00002249  SysTick_Handler                
00005811  SysTick_Init                   
20003a58  SystemCoreClock                
000029d5  SystemCoreClockUpdate          
00002c49  SystemInit                     
00005a43  T32_INT1_IRQHandler            
00005a43  T32_INT2_IRQHandler            
00005a43  T32_INTC_IRQHandler            
00005a43  TA0_0_IRQHandler               
00005a43  TA0_N_IRQHandler               
00004c07  TA1_0_IRQHandler               
00004c07  TA1_0_IRQHandler               
00005a43  TA1_N_IRQHandler               
00005a43  TA2_0_IRQHandler               
00005a43  TA2_N_IRQHandler               
0000433b  TA3_0_IRQHandler               
0000433b  TA3_0_IRQHandler               
00004355  TA3_N_IRQHandler               
00004355  TA3_N_IRQHandler               
20003420  Tachometer_FirstLeftTime       
20003422  Tachometer_FirstRightTime      
000040b1  Tachometer_Get                 
00004069  Tachometer_Init                
20003a31  Tachometer_LeftDir             
20003a2c  Tachometer_LeftSteps           
20003a30  Tachometer_RightDir            
20003a28  Tachometer_RightSteps          
20003424  Tachometer_SecondLeftTime      
20003426  Tachometer_SecondRightTime     
0000124f  Testlcdcommandwrite            
20003404  Time                           
20003408  TimerA1Task                    
00004b95  TimerA1_Init                   
00004bf3  TimerA1_Stop                   
00004289  TimerA3Capture_Init            
00001ba7  UART0_InChar                   
00002031  UART0_InString                 
00001bf1  UART0_InUDec                   
00001ee5  UART0_InUHex                   
00001b61  UART0_Init                     
00002191  UART0_Initprintf               
00001bb7  UART0_OutChar                  
00001bd3  UART0_OutString                
00001c75  UART0_OutUDec                  
00001de1  UART0_OutUDec4                 
00001e35  UART0_OutUDec5                 
00001e71  UART0_OutUFix1                 
00001e99  UART0_OutUFix2                 
00001fa9  UART0_OutUHex                  
00002015  UART0_OutUHex2                 
00005a43  UsageFault_Handler             
4000480c  WDTCTL_SYM                     
00005a43  WDT_A_IRQHandler               
0000594f  WaitForInterrupt               
00005d58  Weight                         
200031f8  __CIOBUF_                      
20010000  __STACK_END                    
00000200  __STACK_SIZE                   
00000400  __SYSMEM_SIZE                  
00005e18  __TI_CINIT_Base                
00005e28  __TI_CINIT_Limit               
00005e00  __TI_Handler_Table_Base        
00005e0c  __TI_Handler_Table_Limit       
00005085  __TI_auto_init                 
00003b9d  __TI_cleanup                   
20003a10  __TI_cleanup_ptr               
00004cd9  __TI_closefile                 
00005241  __TI_decompress_lzss           
00005a29  __TI_decompress_none           
000048ad  __TI_doflush                   
20003a14  __TI_dtors_ptr                 
20003a18  __TI_enable_exit_profile_output
20003a00  __TI_ft_end                    
ffffffff  __TI_pprof_out_hndl            
00000929  __TI_printfi                   
ffffffff  __TI_prof_data_size            
ffffffff  __TI_prof_data_start           
00004b4b  __TI_rd_ok                     
00005343  __TI_readmsg                   
00000000  __TI_static_base__             
20003318  __TI_tmpnams                   
00005311  __TI_writemsg                  
00004ae9  __TI_wrt_ok                    
00005a45  __TI_zero_init                 
00004e09  __aeabi_cdcmpeq                
00004e09  __aeabi_cdcmple                
00004e8f  __aeabi_cdrcmple               
00005741  __aeabi_d2iz                   
00003ca3  __aeabi_dadd                   
00004145  __aeabi_ddiv                   
000044e5  __aeabi_dmul                   
00003c99  __aeabi_dsub                   
00005887  __aeabi_i2d                    
00004f91  __aeabi_memclr                 
00004f91  __aeabi_memclr4                
00004f91  __aeabi_memclr8                
00004c3d  __aeabi_memcpy                 
00004c3d  __aeabi_memcpy4                
00004c3d  __aeabi_memcpy8                
00004f93  __aeabi_memset                 
00004f93  __aeabi_memset4                
00004f93  __aeabi_memset8                
20003a0c  __aeabi_stderr                 
20003a04  __aeabi_stdin                  
20003a08  __aeabi_stdout                 
00003519  __aeabi_uldivmod               
ffffffff  __binit__                      
ffffffff  __c_args__                     
00001223  __mpu_init                     
2000fe00  __stack                        
00005991  _args_main                     
000055ad  _c_int00                       
00005c34  _ctypes_                       
20003920  _device                        
20003830  _ftable                        
20003a34  _lock                          
000059e7  _nop                           
000059df  _register_lock                 
000059d9  _register_unlock               
20003998  _stream                        
20003430  _sys_memory                    
00003e4f  _system_post_cinit             
00005a51  _system_pre_init               
20003a38  _unlock                        
00005605  abort                          
00004a31  add_device                     
000056a9  atoi                           
ffffffff  binit                          
000029a5  calloc                         
000054a1  close                          
000056f5  copy_in                        
000059ed  copysign                       
000059ed  copysignl                      
00003a11  delay                          
20003a48  errno                          
0000560d  exit                           
00004d3f  fclose                         
000020cb  ferror                         
000048f9  fflush                         
000020ab  fgetc                          
000050f5  finddevice                     
00003bf3  fopen                          
00004d71  fputc                          
000043b1  fputs                          
000026ef  free                           
00003bc9  freopen                        
000053dd  frexp                          
000053dd  frexpl                         
00005379  fseek                          
0000511f  getdevice                      
00000000  interruptVectors               
000045e1  ldexp                          
000045e1  ldexpl                         
000058e1  lseek                          
00005655  ltoa                           
00002293  main                           
20003a54  main_func_sp                   
00002685  malloc                         
000028b9  memalign                       
00005975  memccpy                        
00005955  memchr                         
00004c3d  memcpy                         
00004f99  memset                         
00002605  minit                          
2000340c  nc                             
20003410  nl                             
20003414  nr                             
00004975  open                           
00001fed  outnibble                      
200033c0  parmbuf                        
0000516d  printf                         
00004d71  putc                           
00004df5  putchar                        
000044bd  puts                           
000027b1  realloc                        
000058b5  remove                         
000045e1  scalbn                         
000045e1  scalbnl                        
000047d1  setvbuf                        
000059c1  strchr                         
000059a9  strcmp                         
00005a01  strcpy                         
00005a15  strlen                         
00005851  strncpy                        
0000427d  ta3dummy                       
00004023  tachometerLeftInt              
00003fdd  tachometerRightInt             
000020e9  uart_close                     
00002167  uart_lseek                     
000020d9  uart_open                      
000020fb  uart_read                      
00002183  uart_rename                    
00002177  uart_unlink                    
00002125  uart_write                     
000058b5  unlink                         
00005909  write                          
20000000  x                              
20001000  x2                             
20002000  x3                             


GLOBAL SYMBOLS: SORTED BY Symbol Address 

address   name                           
-------   ----                           
00000000  __TI_static_base__             
00000000  interruptVectors               
00000200  __STACK_SIZE                   
00000400  __SYSMEM_SIZE                  
00000929  __TI_printfi                   
00001223  __mpu_init                     
0000124f  Testlcdcommandwrite            
0000127b  Nokia5110_Init                 
00001325  Nokia5110_OutChar              
00001365  Nokia5110_OutString            
00001383  Nokia5110_OutUDec              
00001595  Nokia5110_OutSDec              
000017cb  Nokia5110_OutUFix1             
00001859  Nokia5110_SetCursor            
00001895  Nokia5110_Clear                
000018c1  Nokia5110_DrawFullImage        
000018f3  Nokia5110_PrintBMP             
00001ad7  Nokia5110_ClearBuffer          
00001b01  Nokia5110_DisplayBuffer        
00001b0b  Nokia5110_ClrPxl               
00001b31  Nokia5110_SetPxl               
00001b61  UART0_Init                     
00001ba7  UART0_InChar                   
00001bb7  UART0_OutChar                  
00001bd3  UART0_OutString                
00001bf1  UART0_InUDec                   
00001c75  UART0_OutUDec                  
00001de1  UART0_OutUDec4                 
00001e35  UART0_OutUDec5                 
00001e71  UART0_OutUFix1                 
00001e99  UART0_OutUFix2                 
00001ee5  UART0_InUHex                   
00001fa9  UART0_OutUHex                  
00001fed  outnibble                      
00002015  UART0_OutUHex2                 
00002031  UART0_InString                 
000020ab  fgetc                          
000020cb  ferror                         
000020d9  uart_open                      
000020e9  uart_close                     
000020fb  uart_read                      
00002125  uart_write                     
00002167  uart_lseek                     
00002177  uart_unlink                    
00002183  uart_rename                    
00002191  UART0_Initprintf               
0000221d  IRsampling                     
00002249  SysTick_Handler                
00002249  SysTick_Handler                
00002293  main                           
00002605  minit                          
00002685  malloc                         
000026ef  free                           
000027b1  realloc                        
000028b9  memalign                       
000029a5  calloc                         
000029d5  SystemCoreClockUpdate          
00002c49  SystemInit                     
00002d01  LPF_Init_old                   
00002d55  LPF_Calc_old                   
00002db7  LPF_Init                       
00002e15  LPF_Calc                       
00002e65  LPF_Init2                      
00002eb9  LPF_Calc2                      
00002f1b  LPF_Init3                      
00002f7d  LPF_Calc3                      
00003005  ADC0_InitSWTriggerCh6          
00003055  ADC_In6                        
00003075  ADC0_InitSWTriggerCh67         
000030cb  ADC_In67                       
00003101  ADC0_InitSWTriggerCh12         
00003151  ADC_In12                       
00003171  ADC0_InitSWTriggerCh17_12_16   
000031e1  ADC_In17_12_16                 
00003221  ADC0_InitSWTriggerCh19         
00003271  ADC_In19                       
000032f1  PWM_Init1                      
00003357  PWM_Init12                     
000033db  PWM_Duty1                      
000033fb  PWM_Duty2                      
0000341b  PWM_Init34                     
0000349f  PWM_Duty3                      
000034bf  PWM_Duty4                      
00003519  __aeabi_uldivmod               
0000370d  Reflectance_Init               
00003749  Reflectance_Read               
0000378d  Reflectance_Center             
0000379f  Reflectance_Init2              
000037e1  Reflectance_Read2              
0000381f  Reflectance_Position           
00003885  Reflectance_Start              
000038ab  Reflectance_End                
000038f5  Clock_Init48MHz                
00003a0b  Clock_GetFreq                  
00003a11  delay                          
00003a1f  Clock_Delay1us                 
00003a49  Clock_Delay1ms                 
00003b9d  __TI_cleanup                   
00003bc9  freopen                        
00003bf3  fopen                          
00003c99  __aeabi_dsub                   
00003ca3  __aeabi_dadd                   
00003e4f  _system_post_cinit             
00003e51  Motor_Init                     
00003ea3  Motor_Stop                     
00003eb7  Motor_Forward                  
00003ef3  Motor_Right                    
00003f39  Motor_Left                     
00003f7f  Motor_Backward                 
00003fdd  tachometerRightInt             
00004023  tachometerLeftInt              
00004069  Tachometer_Init                
000040b1  Tachometer_Get                 
00004145  __aeabi_ddiv                   
0000427d  ta3dummy                       
00004289  TimerA3Capture_Init            
0000433b  TA3_0_IRQHandler               
0000433b  TA3_0_IRQHandler               
00004355  TA3_N_IRQHandler               
00004355  TA3_N_IRQHandler               
000043b1  fputs                          
000044bd  puts                           
000044e5  __aeabi_dmul                   
000045e1  ldexp                          
000045e1  ldexpl                         
000045e1  scalbn                         
000045e1  scalbnl                        
000046dd  LaunchPad_Init                 
0000474d  LaunchPad_Input                
00004767  LaunchPad_LED                  
00004785  LaunchPad_Output               
000047d1  setvbuf                        
000048ad  __TI_doflush                   
000048f9  fflush                         
00004975  open                           
00004a31  add_device                     
00004ae9  __TI_wrt_ok                    
00004b4b  __TI_rd_ok                     
00004b95  TimerA1_Init                   
00004bf3  TimerA1_Stop                   
00004c07  TA1_0_IRQHandler               
00004c07  TA1_0_IRQHandler               
00004c3d  __aeabi_memcpy                 
00004c3d  __aeabi_memcpy4                
00004c3d  __aeabi_memcpy8                
00004c3d  memcpy                         
00004cd9  __TI_closefile                 
00004d3f  fclose                         
00004d71  fputc                          
00004d71  putc                           
00004df5  putchar                        
00004e09  __aeabi_cdcmpeq                
00004e09  __aeabi_cdcmple                
00004e8f  __aeabi_cdrcmple               
00004f15  LeftConvert                    
00004f3d  CenterConvert                  
00004f65  RightConvert                   
00004f91  __aeabi_memclr                 
00004f91  __aeabi_memclr4                
00004f91  __aeabi_memclr8                
00004f93  __aeabi_memset                 
00004f93  __aeabi_memset4                
00004f93  __aeabi_memset8                
00004f99  memset                         
0000500d  Bump_Init                      
00005041  Bump_Read                      
00005085  __TI_auto_init                 
000050f5  finddevice                     
0000511f  getdevice                      
0000516d  printf                         
000051d5  HOSTrename                     
00005241  __TI_decompress_lzss           
000052a9  HOSTlseek                      
00005311  __TI_writemsg                  
0000533f  C$$IO$$                        
00005343  __TI_readmsg                   
00005379  fseek                          
000053dd  frexp                          
000053dd  frexpl                         
00005441  HOSTopen                       
000054a1  close                          
000054fd  HOSTread                       
00005555  HOSTwrite                      
000055ad  _c_int00                       
00005601  C$$EXIT                        
00005605  abort                          
0000560d  exit                           
00005655  ltoa                           
000056a9  atoi                           
000056f5  copy_in                        
00005741  __aeabi_d2iz                   
00005789  HOSTclose                      
000057cd  HOSTunlink                     
00005811  SysTick_Init                   
00005851  strncpy                        
00005887  __aeabi_i2d                    
000058b5  remove                         
000058b5  unlink                         
000058e1  lseek                          
00005909  write                          
00005931  DisableInterrupts              
00005937  EnableInterrupts               
0000593d  StartCritical                  
00005947  EndCritical                    
0000594f  WaitForInterrupt               
00005955  memchr                         
00005975  memccpy                        
00005991  _args_main                     
000059a9  strcmp                         
000059c1  strchr                         
000059d9  _register_unlock               
000059df  _register_lock                 
000059e7  _nop                           
000059ed  copysign                       
000059ed  copysignl                      
00005a01  strcpy                         
00005a15  strlen                         
00005a29  __TI_decompress_none           
00005a37  Reset_Handler                  
00005a43  ADC14_IRQHandler               
00005a43  AES256_IRQHandler              
00005a43  BusFault_Handler               
00005a43  COMP_E0_IRQHandler             
00005a43  COMP_E1_IRQHandler             
00005a43  CS_IRQHandler                  
00005a43  DMA_ERR_IRQHandler             
00005a43  DMA_INT0_IRQHandler            
00005a43  DMA_INT1_IRQHandler            
00005a43  DMA_INT2_IRQHandler            
00005a43  DMA_INT3_IRQHandler            
00005a43  DebugMon_Handler               
00005a43  Default_Handler                
00005a43  EUSCIA0_IRQHandler             
00005a43  EUSCIA1_IRQHandler             
00005a43  EUSCIA2_IRQHandler             
00005a43  EUSCIA3_IRQHandler             
00005a43  EUSCIB0_IRQHandler             
00005a43  EUSCIB1_IRQHandler             
00005a43  EUSCIB2_IRQHandler             
00005a43  EUSCIB3_IRQHandler             
00005a43  FLCTL_IRQHandler               
00005a43  FPU_IRQHandler                 
00005a43  HardFault_Handler              
00005a43  MemManage_Handler              
00005a43  NMI_Handler                    
00005a43  PCM_IRQHandler                 
00005a43  PORT1_IRQHandler               
00005a43  PORT2_IRQHandler               
00005a43  PORT3_IRQHandler               
00005a43  PORT4_IRQHandler               
00005a43  PORT5_IRQHandler               
00005a43  PORT6_IRQHandler               
00005a43  PSS_IRQHandler                 
00005a43  PendSV_Handler                 
00005a43  RTC_C_IRQHandler               
00005a43  SVC_Handler                    
00005a43  T32_INT1_IRQHandler            
00005a43  T32_INT2_IRQHandler            
00005a43  T32_INTC_IRQHandler            
00005a43  TA0_0_IRQHandler               
00005a43  TA0_N_IRQHandler               
00005a43  TA1_N_IRQHandler               
00005a43  TA2_0_IRQHandler               
00005a43  TA2_N_IRQHandler               
00005a43  UsageFault_Handler             
00005a43  WDT_A_IRQHandler               
00005a45  __TI_zero_init                 
00005a51  _system_pre_init               
00005c34  _ctypes_                       
00005d38  Mask                           
00005d58  Weight                         
00005d78  Masks                          
00005e00  __TI_Handler_Table_Base        
00005e0c  __TI_Handler_Table_Limit       
00005e18  __TI_CINIT_Base                
00005e28  __TI_CINIT_Limit               
20000000  x                              
20001000  x2                             
20002000  x3                             
20003000  Screen                         
200031f8  __CIOBUF_                      
20003318  __TI_tmpnams                   
200033b8  Messageb                       
200033c0  parmbuf                        
200033c8  Center                         
200033cc  I1                             
200033d0  LPFSum                         
200033d4  LPFSum2                        
200033d8  LPFSum3                        
200033dc  Left                           
200033e0  LeftSteps                      
200033e4  Messageindexb                  
200033e8  Position                       
200033ec  Pt                             
200033f0  Pt2                            
200033f4  Pt3                            
200033f8  Right                          
200033fc  RightSteps                     
20003400  Size                           
20003404  Time                           
20003408  TimerA1Task                    
2000340c  nc                             
20003410  nl                             
20003414  nr                             
20003418  LeftSpeed                      
2000341a  LeftTach                       
2000341c  RightSpeed                     
2000341e  RightTach                      
20003420  Tachometer_FirstLeftTime       
20003422  Tachometer_FirstRightTime      
20003424  Tachometer_SecondLeftTime      
20003426  Tachometer_SecondRightTime     
20003428  Data                           
20003429  LeftDir                        
2000342a  RightDir                       
20003430  _sys_memory                    
20003830  _ftable                        
20003920  _device                        
20003998  _stream                        
200039e8  ClockFrequency                 
200039ec  Prewait                        
200039f0  CPMwait                        
200039f4  Postwait                       
200039f8  IFlags                         
200039fc  Crystalstable                  
20003a00  __TI_ft_end                    
20003a04  __aeabi_stdin                  
20003a08  __aeabi_stdout                 
20003a0c  __aeabi_stderr                 
20003a10  __TI_cleanup_ptr               
20003a14  __TI_dtors_ptr                 
20003a18  __TI_enable_exit_profile_output
20003a28  Tachometer_RightSteps          
20003a2c  Tachometer_LeftSteps           
20003a30  Tachometer_RightDir            
20003a31  Tachometer_LeftDir             
20003a34  _lock                          
20003a38  _unlock                        
20003a3c  CaptureTask0                   
20003a40  CaptureTask2                   
20003a48  errno                          
20003a54  main_func_sp                   
20003a58  SystemCoreClock                
2000fe00  __stack                        
20010000  __STACK_END                    
4000480c  WDTCTL_SYM                     
ffffffff  __TI_pprof_out_hndl            
ffffffff  __TI_prof_data_size            
ffffffff  __TI_prof_data_start           
ffffffff  __binit__                      
ffffffff  __c_args__                     
ffffffff  binit                          
UNDEFED   SHT$$INIT_ARRAY$$Base          
UNDEFED   SHT$$INIT_ARRAY$$Limit         

[354 symbols]
