******************************************************************************
                  TI ARM Linker PC v16.9.1                     
******************************************************************************
>> Linked Wed Jan 24 20:48:19 2018

OUTPUT FILE NAME:   <Lab15_ADC.out>
ENTRY POINT SYMBOL: "_c_int00"  address: 00002ca5


MEMORY CONFIGURATION

         name            origin    length      used     unused   attr    fill
----------------------  --------  ---------  --------  --------  ----  --------
  MAIN                  00000000   00040000  00002f44  0003d0bc  R  X
  INFO                  00200000   00004000  00000000  00004000  R  X
  SRAM_CODE             01000000   00010000  00004634  0000b9cc  RW X
  SRAM_DATA             20000000   00010000  00004634  0000b9cc  RW  


SEGMENT ALLOCATION MAP

run origin  load origin   length   init length attrs members
----------  ----------- ---------- ----------- ----- -------
00000000    00000000    00002f48   00002f48    r-x
  00000000    00000000    000000e4   000000e4    r-- .intvecs
  000000e4    000000e4    00002dc0   00002dc0    r-x .text
  00002ea8    00002ea8    000000a0   000000a0    r-- .cinit
20000000    20000000    00004434   00000000    rw-
  20000000    20000000    00003e20   00000000    rw- .bss
  20003e20    20003e20    00000400   00000000    rw- .sysmem
  20004220    20004220    00000214   00000000    rw- .data
2000fe00    2000fe00    00000200   00000000    rw-
  2000fe00    2000fe00    00000200   00000000    rw- .stack


SECTION ALLOCATION MAP

 output                                  attributes/
section   page    origin      length       input sections
--------  ----  ----------  ----------   ----------------
.intvecs   0    00000000    000000e4     
                  00000000    000000e4     startup_msp432p401r_ccs.obj (.intvecs:retain)

.binit     0    00000000    00000000     

.text      0    000000e4    00002dc0     
                  000000e4    00000798     Lab15_ADCmain.obj (.text)
                  0000087c    000006bc     UART0.obj (.text)
                  00000f38    000003d0     rtsv7M4_T_le_v4SPD16_eabi.lib : memory.obj (.text)
                  00001308    0000032c     system_msp432p401r.obj (.text)
                  00001634    00000324     rtsv7M4_T_le_v4SPD16_eabi.lib : trgdrv.obj (.text)
                  00001958    0000030c                                   : lowlev.obj (.text)
                  00001c64    00000304     LPF.obj (.text)
                  00001f68    000002ec     ADC14.obj (.text)
                  00002254    000001e0     Clock.obj (.text)
                  00002434    000001c4     rtsv7M4_T_le_v4SPD16_eabi.lib : fopen.obj (.text)
                  000025f8    000000f4     LaunchPad.obj (.text)
                  000026ec    000000dc     rtsv7M4_T_le_v4SPD16_eabi.lib : setvbuf.obj (.text)
                  000027c8    000000c8                                   : fflush.obj (.text)
                  00002890    000000a8     TimerA1.obj (.text)
                  00002938    0000009c     rtsv7M4_T_le_v4SPD16_eabi.lib : memcpy_t2.obj (.text)
                  000029d4    00000098                                   : fclose.obj (.text)
                  00002a6c    0000007c     IRDistance.obj (.text)
                  00002ae8    0000007a     rtsv7M4_T_le_v4SPD16_eabi.lib : memset_t2.obj (.text)
                  00002b62    00000002                                   : mpu_init.obj (.text)
                  00002b64    00000070                                   : autoinit.obj (.text)
                  00002bd4    00000068                                   : copy_decompress_lzss.obj (.text:decompress:lzss)
                  00002c3c    00000068                                   : trgmsg.obj (.text)
                  00002ca4    00000054                                   : boot.obj (.text)
                  00002cf8    00000054                                   : exit.obj (.text)
                  00002d4c    0000004c                                   : cpy_tbl.obj (.text)
                  00002d98    00000036                                   : strncpy.obj (.text)
                  00002dce    00000024     CortexM.obj (.text)
                  00002df2    00000002     rtsv7M4_T_le_v4SPD16_eabi.lib : startup.obj (.text)
                  00002df4    00000018                                   : args_main.obj (.text)
                  00002e0c    00000018                                   : strcmp.obj (.text)
                  00002e24    00000016                                   : strchr.obj (.text)
                  00002e3a    00000002     --HOLE-- [fill = 0]
                  00002e3c    00000014                                   : _lock.obj (.text)
                  00002e50    00000014                                   : strcpy.obj (.text)
                  00002e64    00000014                                   : strlen.obj (.text)
                  00002e78    0000000e                                   : copy_decompress_none.obj (.text:decompress:none)
                  00002e86    0000000e     startup_msp432p401r_ccs.obj (.text)
                  00002e94    0000000c     rtsv7M4_T_le_v4SPD16_eabi.lib : copy_zero_init.obj (.text:decompress:ZI)
                  00002ea0    00000004                                   : pre_init.obj (.text)

.cinit     0    00002ea8    000000a0     
                  00002ea8    00000076     (.cinit..data.load) [load image, compression = lzss]
                  00002f1e    00000002     --HOLE-- [fill = 0]
                  00002f20    0000000c     (__TI_handler_table)
                  00002f2c    00000004     --HOLE-- [fill = 0]
                  00002f30    00000008     (.cinit..bss.load) [load image, compression = zero_init]
                  00002f38    00000010     (__TI_cinit_table)

.init_array 
*          0    00000000    00000000     UNINITIALIZED

.bss       0    20000000    00003e20     UNINITIALIZED
                  20000000    00001000     (.common:x)
                  20001000    00001000     (.common:x2)
                  20002000    00001000     (.common:x3)
                  20003000    00000800     (.common:Histogram)
                  20003800    00000400     (.common:Data)
                  20003c00    00000120     rtsv7M4_T_le_v4SPD16_eabi.lib : trgmsg.obj (.bss:_CIOBUF_)
                  20003d20    000000a0     (.common:__TI_tmpnams)
                  20003dc0    00000008                                   : trgdrv.obj (.bss:parmbuf)
                  20003dc8    00000008     (.common:Messageb)
                  20003dd0    00000004     (.common:ADCflag)
                  20003dd4    00000004     (.common:ADCvalue)
                  20003dd8    00000004     (.common:Average)
                  20003ddc    00000004     (.common:I1)
                  20003de0    00000004     (.common:LPFSum)
                  20003de4    00000004     (.common:LPFSum2)
                  20003de8    00000004     (.common:LPFSum3)
                  20003dec    00000004     (.common:Messageindexb)
                  20003df0    00000004     (.common:Pt)
                  20003df4    00000004     (.common:Pt2)
                  20003df8    00000004     (.common:Pt3)
                  20003dfc    00000004     (.common:Sigma)
                  20003e00    00000004     (.common:Size)
                  20003e04    00000004     (.common:Sum)
                  20003e08    00000004     (.common:Sum2)
                  20003e0c    00000004     (.common:TimerA1Task)
                  20003e10    00000004     (.common:Variance)
                  20003e14    00000004     (.common:nc)
                  20003e18    00000004     (.common:nl)
                  20003e1c    00000004     (.common:nr)

.sysmem    0    20003e20    00000400     UNINITIALIZED
                  20003e20    00000008     rtsv7M4_T_le_v4SPD16_eabi.lib : memory.obj (.sysmem)
                  20003e28    000003f8     --HOLE--

.data      0    20004220    00000214     UNINITIALIZED
                  20004220    000000f0     rtsv7M4_T_le_v4SPD16_eabi.lib : defs.obj (.data:_ftable)
                  20004310    000000d0                                   : lowlev.obj (.data:$O1$$)
                  200043e0    00000018     Clock.obj (.data)
                  200043f8    00000010     rtsv7M4_T_le_v4SPD16_eabi.lib : defs.obj (.data)
                  20004408    0000000c                                   : exit.obj (.data:$O1$$)
                  20004414    0000000c                                   : memory.obj (.data:$O1$$)
                  20004420    00000008                                   : _lock.obj (.data:$O1$$)
                  20004428    00000004                                   : fopen.obj (.data)
                  2000442c    00000004                                   : stkdepth_vars.obj (.data)
                  20004430    00000004     system_msp432p401r.obj (.data)

.stack     0    2000fe00    00000200     UNINITIALIZED
                  2000fe00    00000200     --HOLE--

MODULE SUMMARY

       Module                        code    ro data   rw data
       ------                        ----    -------   -------
    .\
       LPF.obj                       772     0         24640  
       Lab15_ADCmain.obj             1944    0         6224   
       UART0.obj                     1724    0         24     
       system_msp432p401r.obj        812     0         8      
       ADC14.obj                     748     0         0      
       Clock.obj                     480     0         48     
       LaunchPad.obj                 244     0         0      
       startup_msp432p401r_ccs.obj   14      228       0      
       TimerA1.obj                   168     0         8      
       IRDistance.obj                124     0         0      
       CortexM.obj                   36      0         0      
    +--+-----------------------------+-------+---------+---------+
       Total:                        7066    228       30952  
                                                              
    C:\ti\ccsv7\tools\compiler\ti-cgt-arm_16.9.1.LTS\lib\rtsv7M4_T_le_v4SPD16_eabi.lib
       lowlev.obj                    780     0         416    
       memory.obj                    976     0         24     
       defs.obj                      0       0         832    
       trgdrv.obj                    804     0         16     
       trgmsg.obj                    104     0         576    
       fopen.obj                     452     0         8      
       setvbuf.obj                   220     0         0      
       fflush.obj                    200     0         0      
       memcpy_t2.obj                 156     0         0      
       fclose.obj                    152     0         0      
       memset_t2.obj                 122     0         0      
       autoinit.obj                  112     0         0      
       exit.obj                      84      0         24     
       copy_decompress_lzss.obj      104     0         0      
       boot.obj                      84      0         0      
       cpy_tbl.obj                   76      0         0      
       strncpy.obj                   54      0         0      
       _lock.obj                     20      0         16     
       args_main.obj                 24      0         0      
       strcmp.obj                    24      0         0      
       strchr.obj                    22      0         0      
       strcpy.obj                    20      0         0      
       strlen.obj                    20      0         0      
       copy_decompress_none.obj      14      0         0      
       copy_zero_init.obj            12      0         0      
       stkdepth_vars.obj             0       0         8      
       pre_init.obj                  4       0         0      
       mpu_init.obj                  2       0         0      
       startup.obj                   2       0         0      
    +--+-----------------------------+-------+---------+---------+
       Total:                        4644    0         1920   
                                                              
       Heap:                         0       0         2048   
       Stack:                        0       0         1024   
       Linker Generated:             0       154       0      
    +--+-----------------------------+-------+---------+---------+
       Grand Total:                  11710   382       35944  


LINKER GENERATED COPY TABLES

__TI_cinit_table @ 00002f38 records: 2, size/record: 8, table size: 16
	.data: load addr=00002ea8, load size=00000076 bytes, run addr=20004220, run size=00000214 bytes, compression=lzss
	.bss: load addr=00002f30, load size=00000008 bytes, run addr=20000000, run size=00003e20 bytes, compression=zero_init


LINKER GENERATED HANDLER TABLE

__TI_handler_table @ 00002f20 records: 3, size/record: 4, table size: 12
	index: 0, handler: __TI_decompress_lzss
	index: 1, handler: __TI_decompress_none
	index: 2, handler: __TI_zero_init


GLOBAL SYMBOLS: SORTED ALPHABETICALLY BY Name 

address   name                           
-------   ----                           
00002065  ADC0_InitSWTriggerCh12         
000020d5  ADC0_InitSWTriggerCh17_12_16   
00002185  ADC0_InitSWTriggerCh19         
00001f69  ADC0_InitSWTriggerCh6          
00001fd9  ADC0_InitSWTriggerCh67         
00002e93  ADC14_IRQHandler               
000020b5  ADC_In12                       
00002145  ADC_In17_12_16                 
000021d5  ADC_In19                       
00001fb9  ADC_In6                        
0000202f  ADC_In67                       
20003dd0  ADCflag                        
20003dd4  ADCvalue                       
00002e93  AES256_IRQHandler              
20003dd8  Average                        
00002e93  BusFault_Handler               
00002cf9  C$$EXIT                        
00002c6b  C$$IO$$                        
00002e93  COMP_E0_IRQHandler             
00002e93  COMP_E1_IRQHandler             
200043e8  CPMwait                        
00002e93  CS_IRQHandler                  
00002a95  CenterConvert                  
200043e0  ClockFrequency                 
000023a9  Clock_Delay1ms                 
0000237f  Clock_Delay1us                 
0000236b  Clock_GetFreq                  
00002255  Clock_Init48MHz                
200043f4  Crystalstable                  
00002e93  DMA_ERR_IRQHandler             
00002e93  DMA_INT0_IRQHandler            
00002e93  DMA_INT1_IRQHandler            
00002e93  DMA_INT2_IRQHandler            
00002e93  DMA_INT3_IRQHandler            
20003800  Data                           
00002e93  DebugMon_Handler               
00002e93  Default_Handler                
00002dcf  DisableInterrupts              
00002e93  EUSCIA0_IRQHandler             
00002e93  EUSCIA1_IRQHandler             
00002e93  EUSCIA2_IRQHandler             
00002e93  EUSCIA3_IRQHandler             
00002e93  EUSCIB0_IRQHandler             
00002e93  EUSCIB1_IRQHandler             
00002e93  EUSCIB2_IRQHandler             
00002e93  EUSCIB3_IRQHandler             
00002dd5  EnableInterrupts               
00002de5  EndCritical                    
00002e93  FLCTL_IRQHandler               
00002e93  FPU_IRQHandler                 
0000190f  HOSTclock                      
000018d7  HOSTclose                      
00001899  HOSTgetenv                     
0000183d  HOSTlseek                      
000017eb  HOSTopen                       
0000179f  HOSTread                       
00001741  HOSTrename                     
00001707  HOSTtime                       
000016b9  HOSTtime64                     
00001681  HOSTunlink                     
00001635  HOSTwrite                      
00002e93  HardFault_Handler              
20003000  Histogram                      
20003ddc  I1                             
200043f0  IFlags                         
20003de0  LPFSum                         
20003de4  LPFSum2                        
20003de8  LPFSum3                        
00001d79  LPF_Calc                       
00001e1d  LPF_Calc2                      
00001ee1  LPF_Calc3                      
00001cb9  LPF_Calc_old                   
00001d1b  LPF_Init                       
00001dc9  LPF_Init2                      
00001e7f  LPF_Init3                      
00001c65  LPF_Init_old                   
000025f9  LaunchPad_Init                 
00002669  LaunchPad_Input                
00002683  LaunchPad_LED                  
000026a1  LaunchPad_Output               
00002a6d  LeftConvert                    
00002e93  MemManage_Handler              
20003dc8  Messageb                       
20003dec  Messageindexb                  
00002e93  NMI_Handler                    
00002e93  PCM_IRQHandler                 
00002e93  PORT1_IRQHandler               
00002e93  PORT2_IRQHandler               
00002e93  PORT3_IRQHandler               
00002e93  PORT4_IRQHandler               
00002e93  PORT5_IRQHandler               
00002e93  PORT6_IRQHandler               
00002e93  PSS_IRQHandler                 
00002e93  PendSV_Handler                 
200043ec  Postwait                       
200043e4  Prewait                        
00000161  Program15_1                    
000000e5  Program15_1_ISR                
00000579  Program15_2                    
0000051d  Program15_2_ISR                
20003df0  Pt                             
20003df4  Pt2                            
20003df8  Pt3                            
00002e93  RTC_C_IRQHandler               
00002e87  Reset_Handler                  
00002abd  RightConvert                   
UNDEFED   SHT$$INIT_ARRAY$$Base          
UNDEFED   SHT$$INIT_ARRAY$$Limit         
00002e93  SVC_Handler                    
20003dfc  Sigma                          
20003e00  Size                           
00002ddb  StartCritical                  
20003e04  Sum                            
20003e08  Sum2                           
00002e93  SysTick_Handler                
20004430  SystemCoreClock                
00001309  SystemCoreClockUpdate          
0000157d  SystemInit                     
00002e93  T32_INT1_IRQHandler            
00002e93  T32_INT2_IRQHandler            
00002e93  T32_INTC_IRQHandler            
00002e93  TA0_0_IRQHandler               
00002e93  TA0_N_IRQHandler               
00002903  TA1_0_IRQHandler               
00002903  TA1_0_IRQHandler               
00002e93  TA1_N_IRQHandler               
00002e93  TA2_0_IRQHandler               
00002e93  TA2_N_IRQHandler               
00002e93  TA3_0_IRQHandler               
00002e93  TA3_N_IRQHandler               
20003e0c  TimerA1Task                    
00002891  TimerA1_Init                   
000028ef  TimerA1_Stop                   
000008c3  UART0_InChar                   
00000d4d  UART0_InString                 
0000090d  UART0_InUDec                   
00000c01  UART0_InUHex                   
0000087d  UART0_Init                     
00000ead  UART0_Initprintf               
000008d3  UART0_OutChar                  
000008ef  UART0_OutString                
00000991  UART0_OutUDec                  
00000afd  UART0_OutUDec4                 
00000b51  UART0_OutUDec5                 
00000b8d  UART0_OutUFix1                 
00000bb5  UART0_OutUFix2                 
00000cc5  UART0_OutUHex                  
00000d31  UART0_OutUHex2                 
00002e93  UsageFault_Handler             
20003e10  Variance                       
4000480c  WDTCTL_SYM                     
00002e93  WDT_A_IRQHandler               
00002ded  WaitForInterrupt               
20003c00  __CIOBUF_                      
20010000  __STACK_END                    
00000200  __STACK_SIZE                   
00000400  __SYSMEM_SIZE                  
00002f38  __TI_CINIT_Base                
00002f48  __TI_CINIT_Limit               
00002f20  __TI_Handler_Table_Base        
00002f2c  __TI_Handler_Table_Limit       
00002b65  __TI_auto_init                 
000024fd  __TI_cleanup                   
20004408  __TI_cleanup_ptr               
000029d5  __TI_closefile                 
00002bd5  __TI_decompress_lzss           
00002e79  __TI_decompress_none           
000027c9  __TI_doflush                   
2000440c  __TI_dtors_ptr                 
20004410  __TI_enable_exit_profile_output
200043f8  __TI_ft_end                    
ffffffff  __TI_pprof_out_hndl            
ffffffff  __TI_prof_data_size            
ffffffff  __TI_prof_data_start           
00002c6f  __TI_readmsg                   
00000000  __TI_static_base__             
20003d20  __TI_tmpnams                   
00002c3d  __TI_writemsg                  
00002e95  __TI_zero_init                 
00002ae9  __aeabi_memclr                 
00002ae9  __aeabi_memclr4                
00002ae9  __aeabi_memclr8                
00002939  __aeabi_memcpy                 
00002939  __aeabi_memcpy4                
00002939  __aeabi_memcpy8                
00002aeb  __aeabi_memset                 
00002aeb  __aeabi_memset4                
00002aeb  __aeabi_memset8                
20004404  __aeabi_stderr                 
200043fc  __aeabi_stdin                  
20004400  __aeabi_stdout                 
ffffffff  __binit__                      
ffffffff  __c_args__                     
00002b63  __mpu_init                     
2000fe00  __stack                        
00002df5  _args_main                     
00002ca5  _c_int00                       
20004220  _ftable                        
20004420  _lock                          
00002e4b  _nop                           
00002e43  _register_lock                 
00002e3d  _register_unlock               
20003e20  _sys_memory                    
00002df3  _system_post_cinit             
00002ea1  _system_pre_init               
20004424  _unlock                        
00002cfd  abort                          
00001bb9  add_device                     
ffffffff  binit                          
000012d9  calloc                         
00001b69  close                          
00002d4d  copy_in                        
00002371  delay                          
00002d05  exit                           
00002a3b  fclose                         
00000de7  ferror                         
00002815  fflush                         
00000dc7  fgetc                          
00002553  fopen                          
00001023  free                           
00002529  freopen                        
00000000  interruptVectors               
00001b45  lseek                          
00000681  main                           
2000442c  main_func_sp                   
00000fb9  malloc                         
000011ed  memalign                       
00002939  memcpy                         
00002af1  memset                         
00000f39  minit                          
20003e14  nc                             
20003e18  nl                             
20003e1c  nr                             
00001a97  open                           
00000d09  outnibble                      
00001a73  read                           
000010e5  realloc                        
000019e9  remove                         
00001a4b  remove_device                  
00001a0d  rename                         
000026ed  setvbuf                        
0000011d  sqrt                           
00002e25  strchr                         
00002e0d  strcmp                         
00002e51  strcpy                         
00002e65  strlen                         
00002d99  strncpy                        
00000e05  uart_close                     
00000e83  uart_lseek                     
00000df5  uart_open                      
00000e17  uart_read                      
00000e9f  uart_rename                    
00000e93  uart_unlink                    
00000e41  uart_write                     
000019e9  unlink                         
00001959  write                          
20000000  x                              
20001000  x2                             
20002000  x3                             


GLOBAL SYMBOLS: SORTED BY Symbol Address 

address   name                           
-------   ----                           
00000000  __TI_static_base__             
00000000  interruptVectors               
000000e5  Program15_1_ISR                
0000011d  sqrt                           
00000161  Program15_1                    
00000200  __STACK_SIZE                   
00000400  __SYSMEM_SIZE                  
0000051d  Program15_2_ISR                
00000579  Program15_2                    
00000681  main                           
0000087d  UART0_Init                     
000008c3  UART0_InChar                   
000008d3  UART0_OutChar                  
000008ef  UART0_OutString                
0000090d  UART0_InUDec                   
00000991  UART0_OutUDec                  
00000afd  UART0_OutUDec4                 
00000b51  UART0_OutUDec5                 
00000b8d  UART0_OutUFix1                 
00000bb5  UART0_OutUFix2                 
00000c01  UART0_InUHex                   
00000cc5  UART0_OutUHex                  
00000d09  outnibble                      
00000d31  UART0_OutUHex2                 
00000d4d  UART0_InString                 
00000dc7  fgetc                          
00000de7  ferror                         
00000df5  uart_open                      
00000e05  uart_close                     
00000e17  uart_read                      
00000e41  uart_write                     
00000e83  uart_lseek                     
00000e93  uart_unlink                    
00000e9f  uart_rename                    
00000ead  UART0_Initprintf               
00000f39  minit                          
00000fb9  malloc                         
00001023  free                           
000010e5  realloc                        
000011ed  memalign                       
000012d9  calloc                         
00001309  SystemCoreClockUpdate          
0000157d  SystemInit                     
00001635  HOSTwrite                      
00001681  HOSTunlink                     
000016b9  HOSTtime64                     
00001707  HOSTtime                       
00001741  HOSTrename                     
0000179f  HOSTread                       
000017eb  HOSTopen                       
0000183d  HOSTlseek                      
00001899  HOSTgetenv                     
000018d7  HOSTclose                      
0000190f  HOSTclock                      
00001959  write                          
000019e9  remove                         
000019e9  unlink                         
00001a0d  rename                         
00001a4b  remove_device                  
00001a73  read                           
00001a97  open                           
00001b45  lseek                          
00001b69  close                          
00001bb9  add_device                     
00001c65  LPF_Init_old                   
00001cb9  LPF_Calc_old                   
00001d1b  LPF_Init                       
00001d79  LPF_Calc                       
00001dc9  LPF_Init2                      
00001e1d  LPF_Calc2                      
00001e7f  LPF_Init3                      
00001ee1  LPF_Calc3                      
00001f69  ADC0_InitSWTriggerCh6          
00001fb9  ADC_In6                        
00001fd9  ADC0_InitSWTriggerCh67         
0000202f  ADC_In67                       
00002065  ADC0_InitSWTriggerCh12         
000020b5  ADC_In12                       
000020d5  ADC0_InitSWTriggerCh17_12_16   
00002145  ADC_In17_12_16                 
00002185  ADC0_InitSWTriggerCh19         
000021d5  ADC_In19                       
00002255  Clock_Init48MHz                
0000236b  Clock_GetFreq                  
00002371  delay                          
0000237f  Clock_Delay1us                 
000023a9  Clock_Delay1ms                 
000024fd  __TI_cleanup                   
00002529  freopen                        
00002553  fopen                          
000025f9  LaunchPad_Init                 
00002669  LaunchPad_Input                
00002683  LaunchPad_LED                  
000026a1  LaunchPad_Output               
000026ed  setvbuf                        
000027c9  __TI_doflush                   
00002815  fflush                         
00002891  TimerA1_Init                   
000028ef  TimerA1_Stop                   
00002903  TA1_0_IRQHandler               
00002903  TA1_0_IRQHandler               
00002939  __aeabi_memcpy                 
00002939  __aeabi_memcpy4                
00002939  __aeabi_memcpy8                
00002939  memcpy                         
000029d5  __TI_closefile                 
00002a3b  fclose                         
00002a6d  LeftConvert                    
00002a95  CenterConvert                  
00002abd  RightConvert                   
00002ae9  __aeabi_memclr                 
00002ae9  __aeabi_memclr4                
00002ae9  __aeabi_memclr8                
00002aeb  __aeabi_memset                 
00002aeb  __aeabi_memset4                
00002aeb  __aeabi_memset8                
00002af1  memset                         
00002b63  __mpu_init                     
00002b65  __TI_auto_init                 
00002bd5  __TI_decompress_lzss           
00002c3d  __TI_writemsg                  
00002c6b  C$$IO$$                        
00002c6f  __TI_readmsg                   
00002ca5  _c_int00                       
00002cf9  C$$EXIT                        
00002cfd  abort                          
00002d05  exit                           
00002d4d  copy_in                        
00002d99  strncpy                        
00002dcf  DisableInterrupts              
00002dd5  EnableInterrupts               
00002ddb  StartCritical                  
00002de5  EndCritical                    
00002ded  WaitForInterrupt               
00002df3  _system_post_cinit             
00002df5  _args_main                     
00002e0d  strcmp                         
00002e25  strchr                         
00002e3d  _register_unlock               
00002e43  _register_lock                 
00002e4b  _nop                           
00002e51  strcpy                         
00002e65  strlen                         
00002e79  __TI_decompress_none           
00002e87  Reset_Handler                  
00002e93  ADC14_IRQHandler               
00002e93  AES256_IRQHandler              
00002e93  BusFault_Handler               
00002e93  COMP_E0_IRQHandler             
00002e93  COMP_E1_IRQHandler             
00002e93  CS_IRQHandler                  
00002e93  DMA_ERR_IRQHandler             
00002e93  DMA_INT0_IRQHandler            
00002e93  DMA_INT1_IRQHandler            
00002e93  DMA_INT2_IRQHandler            
00002e93  DMA_INT3_IRQHandler            
00002e93  DebugMon_Handler               
00002e93  Default_Handler                
00002e93  EUSCIA0_IRQHandler             
00002e93  EUSCIA1_IRQHandler             
00002e93  EUSCIA2_IRQHandler             
00002e93  EUSCIA3_IRQHandler             
00002e93  EUSCIB0_IRQHandler             
00002e93  EUSCIB1_IRQHandler             
00002e93  EUSCIB2_IRQHandler             
00002e93  EUSCIB3_IRQHandler             
00002e93  FLCTL_IRQHandler               
00002e93  FPU_IRQHandler                 
00002e93  HardFault_Handler              
00002e93  MemManage_Handler              
00002e93  NMI_Handler                    
00002e93  PCM_IRQHandler                 
00002e93  PORT1_IRQHandler               
00002e93  PORT2_IRQHandler               
00002e93  PORT3_IRQHandler               
00002e93  PORT4_IRQHandler               
00002e93  PORT5_IRQHandler               
00002e93  PORT6_IRQHandler               
00002e93  PSS_IRQHandler                 
00002e93  PendSV_Handler                 
00002e93  RTC_C_IRQHandler               
00002e93  SVC_Handler                    
00002e93  SysTick_Handler                
00002e93  T32_INT1_IRQHandler            
00002e93  T32_INT2_IRQHandler            
00002e93  T32_INTC_IRQHandler            
00002e93  TA0_0_IRQHandler               
00002e93  TA0_N_IRQHandler               
00002e93  TA1_N_IRQHandler               
00002e93  TA2_0_IRQHandler               
00002e93  TA2_N_IRQHandler               
00002e93  TA3_0_IRQHandler               
00002e93  TA3_N_IRQHandler               
00002e93  UsageFault_Handler             
00002e93  WDT_A_IRQHandler               
00002e95  __TI_zero_init                 
00002ea1  _system_pre_init               
00002f20  __TI_Handler_Table_Base        
00002f2c  __TI_Handler_Table_Limit       
00002f38  __TI_CINIT_Base                
00002f48  __TI_CINIT_Limit               
20000000  x                              
20001000  x2                             
20002000  x3                             
20003000  Histogram                      
20003800  Data                           
20003c00  __CIOBUF_                      
20003d20  __TI_tmpnams                   
20003dc8  Messageb                       
20003dd0  ADCflag                        
20003dd4  ADCvalue                       
20003dd8  Average                        
20003ddc  I1                             
20003de0  LPFSum                         
20003de4  LPFSum2                        
20003de8  LPFSum3                        
20003dec  Messageindexb                  
20003df0  Pt                             
20003df4  Pt2                            
20003df8  Pt3                            
20003dfc  Sigma                          
20003e00  Size                           
20003e04  Sum                            
20003e08  Sum2                           
20003e0c  TimerA1Task                    
20003e10  Variance                       
20003e14  nc                             
20003e18  nl                             
20003e1c  nr                             
20003e20  _sys_memory                    
20004220  _ftable                        
200043e0  ClockFrequency                 
200043e4  Prewait                        
200043e8  CPMwait                        
200043ec  Postwait                       
200043f0  IFlags                         
200043f4  Crystalstable                  
200043f8  __TI_ft_end                    
200043fc  __aeabi_stdin                  
20004400  __aeabi_stdout                 
20004404  __aeabi_stderr                 
20004408  __TI_cleanup_ptr               
2000440c  __TI_dtors_ptr                 
20004410  __TI_enable_exit_profile_output
20004420  _lock                          
20004424  _unlock                        
2000442c  main_func_sp                   
20004430  SystemCoreClock                
2000fe00  __stack                        
20010000  __STACK_END                    
4000480c  WDTCTL_SYM                     
ffffffff  __TI_pprof_out_hndl            
ffffffff  __TI_prof_data_size            
ffffffff  __TI_prof_data_start           
ffffffff  __binit__                      
ffffffff  __c_args__                     
ffffffff  binit                          
UNDEFED   SHT$$INIT_ARRAY$$Base          
UNDEFED   SHT$$INIT_ARRAY$$Limit         

[259 symbols]
