******************************************************************************
                  TI ARM Linker PC v16.9.3                     
******************************************************************************
>> Linked Wed Jan 24 20:48:50 2018

OUTPUT FILE NAME:   <Lab16_Tach.out>
ENTRY POINT SYMBOL: "_c_int00"  address: 00003145


MEMORY CONFIGURATION

         name            origin    length      used     unused   attr    fill
----------------------  --------  ---------  --------  --------  ----  --------
  MAIN                  00000000   00040000  000034ee  0003cb12  R  X
  INFO                  00200000   00004000  00000000  00004000  R  X
  SRAM_CODE             01000000   00010000  0000183b  0000e7c5  RW X
  SRAM_DATA             20000000   00010000  0000183b  0000e7c5  RW  


SEGMENT ALLOCATION MAP

run origin  load origin   length   init length attrs members
----------  ----------- ---------- ----------- ----- -------
00000000    00000000    000034f0   000034f0    r-x
  00000000    00000000    000000e4   000000e4    r-- .intvecs
  000000e4    000000e4    000031d2   000031d2    r-x .text
  000032b6    000032b6    000001e8   000001e8    r-- .const
  000034a0    000034a0    00000050   00000050    r-- .cinit
20000000    20000000    0000163c   00000000    rw-
  20000000    20000000    000015df   00000000    rw- .bss
  200015e0    200015e0    0000005c   00000000    rw- .data
2000fe00    2000fe00    00000200   00000000    rw-
  2000fe00    2000fe00    00000200   00000000    rw- .stack


SECTION ALLOCATION MAP

 output                                  attributes/
section   page    origin      length       input sections
--------  ----  ----------  ----------   ----------------
.intvecs   0    00000000    000000e4     
                  00000000    000000e4     startup_msp432p401r_ccs.obj (.intvecs:retain)

.binit     0    00000000    00000000     

.text      0    000000e4    000031d2     
                  000000e4    000009e8     FlashProgram.obj (.text)
                  00000acc    0000093c     Nokia5110.obj (.text)
                  00001408    000007ac     Lab16_Tachmain.obj (.text)
                  00001bb4    00000630     TExaS.obj (.text)
                  000021e4    0000032c     system_msp432p401r.obj (.text)
                  00002510    00000228     PWM.obj (.text)
                  00002738    000001e0     Clock.obj (.text)
                  00002918    0000018c     Motor.obj (.text)
                  00002aa4    00000168     Tachometer.obj (.text)
                  00002c0c    00000134     TA3InputCapture.obj (.text)
                  00002d40    000000f4     LaunchPad.obj (.text)
                  00002e34    000000a8     TimerA1.obj (.text)
                  00002edc    0000009c     rtsv7M4_T_le_v4SPD16_eabi.lib : memcpy_t2.obj (.text)
                  00002f78    0000007a                                   : memset_t2.obj (.text)
                  00002ff2    00000002                                   : mpu_init.obj (.text)
                  00002ff4    00000078     Bump.obj (.text)
                  0000306c    00000070     rtsv7M4_T_le_v4SPD16_eabi.lib : autoinit.obj (.text)
                  000030dc    00000068                                   : copy_decompress_lzss.obj (.text:decompress:lzss)
                  00003144    00000054                                   : boot.obj (.text)
                  00003198    00000054                                   : exit.obj (.text)
                  000031ec    0000004c                                   : cpy_tbl.obj (.text)
                  00003238    00000024     CortexM.obj (.text)
                  0000325c    00000018     rtsv7M4_T_le_v4SPD16_eabi.lib : args_main.obj (.text)
                  00003274    00000014                                   : _lock.obj (.text)
                  00003288    0000000e                                   : copy_decompress_none.obj (.text:decompress:none)
                  00003296    0000000e     startup_msp432p401r_ccs.obj (.text)
                  000032a4    0000000c     rtsv7M4_T_le_v4SPD16_eabi.lib : copy_zero_init.obj (.text:decompress:ZI)
                  000032b0    00000004                                   : pre_init.obj (.text)
                  000032b4    00000002                                   : startup.obj (.text)

.const     0    000032b6    000001e8     
                  000032b6    000001e0     Nokia5110.obj (.const:ASCII)
                  00003496    00000008     Nokia5110.obj (.const:.string:Masks)

.cinit     0    000034a0    00000050     
                  000034a0    00000029     (.cinit..data.load) [load image, compression = lzss]
                  000034c9    00000003     --HOLE-- [fill = 0]
                  000034cc    0000000c     (__TI_handler_table)
                  000034d8    00000008     (.cinit..bss.load) [load image, compression = zero_init]
                  000034e0    00000010     (__TI_cinit_table)

.init_array 
*          0    00000000    00000000     UNINITIALIZED

.bss       0    20000000    000015df     UNINITIALIZED
                  20000000    000007d0     (.common:DutyBuffer)
                  200007d0    000007d0     (.common:PeriodBuffer)
                  20000fa0    000003e8     (.common:SpeedBuffer)
                  20001388    000001f8     (.common:Screen)
                  20001580    00000014     (.common:LeftTach)
                  20001594    00000014     (.common:RightTach)
                  200015a8    00000004     (.common:Done0)
                  200015ac    00000004     (.common:Done2)
                  200015b0    00000004     (.common:Duty)
                  200015b4    00000004     (.common:LeftSteps)
                  200015b8    00000004     (.common:PeriodicTask2)
                  200015bc    00000004     (.common:RightSteps)
                  200015c0    00000004     (.common:Time)
                  200015c4    00000004     (.common:TimerA1Task)
                  200015c8    00000002     (.common:ActualL)
                  200015ca    00000002     (.common:ActualR)
                  200015cc    00000002     (.common:First0)
                  200015ce    00000002     (.common:First2)
                  200015d0    00000002     (.common:Period0)
                  200015d2    00000002     (.common:Period2)
                  200015d4    00000002     (.common:Tachometer_FirstLeftTime)
                  200015d6    00000002     (.common:Tachometer_FirstRightTime)
                  200015d8    00000002     (.common:Tachometer_SecondLeftTime)
                  200015da    00000002     (.common:Tachometer_SecondRightTime)
                  200015dc    00000001     (.common:LeftDir)
                  200015dd    00000001     (.common:LogicData)
                  200015de    00000001     (.common:RightDir)

.data      0    200015e0    0000005c     UNINITIALIZED
                  200015e0    00000018     Clock.obj (.data)
                  200015f8    0000000c     rtsv7M4_T_le_v4SPD16_eabi.lib : exit.obj (.data:$O1$$)
                  20001604    0000000c     TExaS.obj (.data)
                  20001610    0000000a     Tachometer.obj (.data)
                  2000161a    00000002     --HOLE--
                  2000161c    00000008     rtsv7M4_T_le_v4SPD16_eabi.lib : _lock.obj (.data:$O1$$)
                  20001624    00000008     Lab16_Tachmain.obj (.data)
                  2000162c    00000008     TA3InputCapture.obj (.data)
                  20001634    00000004     rtsv7M4_T_le_v4SPD16_eabi.lib : stkdepth_vars.obj (.data)
                  20001638    00000004     system_msp432p401r.obj (.data)

.stack     0    2000fe00    00000200     UNINITIALIZED
                  2000fe00    00000200     --HOLE--

MODULE SUMMARY

       Module                        code    ro data   rw data
       ------                        ----    -------   -------
    .\
       Lab16_Tachmain.obj            1964    0         10172  
       Nokia5110.obj                 2364    488       1008   
       FlashProgram.obj              2536    0         0      
       TExaS.obj                     1584    0         34     
       system_msp432p401r.obj        812     0         8      
       PWM.obj                       552     0         0      
       Clock.obj                     480     0         48     
       Motor.obj                     396     0         0      
       Tachometer.obj                360     0         36     
       TA3InputCapture.obj           308     0         16     
       LaunchPad.obj                 244     0         0      
       startup_msp432p401r_ccs.obj   14      228       0      
       TimerA1.obj                   168     0         8      
       Bump.obj                      120     0         0      
       CortexM.obj                   36      0         0      
    +--+-----------------------------+-------+---------+---------+
       Total:                        11938   716       11330  
                                                              
    C:\ti\ccsv7\tools\compiler\ti-cgt-arm_16.9.3.LTS\lib\rtsv7M4_T_le_v4SPD16_eabi.lib
       memcpy_t2.obj                 156     0         0      
       memset_t2.obj                 122     0         0      
       autoinit.obj                  112     0         0      
       exit.obj                      84      0         24     
       copy_decompress_lzss.obj      104     0         0      
       boot.obj                      84      0         0      
       cpy_tbl.obj                   76      0         0      
       _lock.obj                     20      0         16     
       args_main.obj                 24      0         0      
       copy_decompress_none.obj      14      0         0      
       copy_zero_init.obj            12      0         0      
       stkdepth_vars.obj             0       0         8      
       pre_init.obj                  4       0         0      
       mpu_init.obj                  2       0         0      
       startup.obj                   2       0         0      
    +--+-----------------------------+-------+---------+---------+
       Total:                        816     0         48     
                                                              
       Stack:                        0       0         1024   
       Linker Generated:             0       77        0      
    +--+-----------------------------+-------+---------+---------+
       Grand Total:                  12754   793       12402  


LINKER GENERATED COPY TABLES

__TI_cinit_table @ 000034e0 records: 2, size/record: 8, table size: 16
	.data: load addr=000034a0, load size=00000029 bytes, run addr=200015e0, run size=0000005c bytes, compression=lzss
	.bss: load addr=000034d8, load size=00000008 bytes, run addr=20000000, run size=000015df bytes, compression=zero_init


LINKER GENERATED HANDLER TABLE

__TI_handler_table @ 000034cc records: 3, size/record: 4, table size: 12
	index: 0, handler: __TI_decompress_lzss
	index: 1, handler: __TI_decompress_none
	index: 2, handler: __TI_zero_init


GLOBAL SYMBOLS: SORTED ALPHABETICALLY BY Name 

address   name                           
-------   ----                           
000032a3  ADC14_IRQHandler               
00001f45  ADC_Init                       
000032a3  AES256_IRQHandler              
200015c8  ActualL                        
200015ca  ActualR                        
00002ff5  Bump_Init                      
00003029  Bump_Read                      
000032a3  BusFault_Handler               
00003199  C$$EXIT                        
000032a3  COMP_E0_IRQHandler             
000032a3  COMP_E1_IRQHandler             
200015e8  CPMwait                        
000032a3  CS_IRQHandler                  
2000162c  CaptureTask0                   
20001630  CaptureTask2                   
200015e0  ClockFrequency                 
0000288d  Clock_Delay1ms                 
00002863  Clock_Delay1us                 
0000284f  Clock_GetFreq                  
00002739  Clock_Init48MHz                
000014d3  Collect                        
200015f4  Crystalstable                  
000032a3  DMA_ERR_IRQHandler             
000032a3  DMA_INT0_IRQHandler            
000032a3  DMA_INT1_IRQHandler            
000032a3  DMA_INT2_IRQHandler            
000032a3  DMA_INT3_IRQHandler            
000032a3  DebugMon_Handler               
0000165f  Debug_FlashInit                
000016bb  Debug_FlashRecord              
000032a3  Default_Handler                
20001624  DesiredL                       
20001626  DesiredR                       
00003239  DisableInterrupts              
200015a8  Done0                          
200015ac  Done2                          
200015b0  Duty                           
20000000  DutyBuffer                     
000032a3  EUSCIA0_IRQHandler             
000032a3  EUSCIA1_IRQHandler             
000032a3  EUSCIA2_IRQHandler             
000032a3  EUSCIA3_IRQHandler             
000032a3  EUSCIB0_IRQHandler             
000032a3  EUSCIB1_IRQHandler             
000032a3  EUSCIB2_IRQHandler             
000032a3  EUSCIB3_IRQHandler             
0000323f  EnableInterrupts               
0000324f  EndCritical                    
000032a3  FLCTL_IRQHandler               
000032a3  FPU_IRQHandler                 
200015cc  First0                         
200015ce  First2                         
000008c9  Flash_Erase                    
0000040d  Flash_FastWrite                
00000187  Flash_Init                     
00000193  Flash_Write                    
000003a9  Flash_WriteArray               
000032a3  HardFault_Handler              
200015f0  IFlags                         
00002d41  LaunchPad_Init                 
00002db1  LaunchPad_Input                
00002dcb  LaunchPad_LED                  
00002de9  LaunchPad_Output               
200015dc  LeftDir                        
20001628  LeftDuty                       
200015b4  LeftSteps                      
20001580  LeftTach                       
00001bb5  LogicAnalyzer                  
00001bbf  LogicAnalyzer_P1               
00001c95  LogicAnalyzer_P10              
00001bcd  LogicAnalyzer_P2               
00001bdb  LogicAnalyzer_P2_7654          
00001beb  LogicAnalyzer_P3               
00001bf9  LogicAnalyzer_P4               
00001c17  LogicAnalyzer_P4_765320        
00001c07  LogicAnalyzer_P4_765432        
00001c4f  LogicAnalyzer_P5               
00001c5d  LogicAnalyzer_P6               
00001c6b  LogicAnalyzer_P7               
00001c79  LogicAnalyzer_P8               
00001c87  LogicAnalyzer_P9               
200015dd  LogicData                      
00003496  Masks                          
000032a3  MemManage_Handler              
00002a47  Motor_Backward                 
0000297f  Motor_Forward                  
00002919  Motor_Init                     
00002a01  Motor_Left                     
000029bb  Motor_Right                    
0000296b  Motor_Stop                     
000032a3  NMI_Handler                    
0000113d  Nokia5110_Clear                
0000137f  Nokia5110_ClearBuffer          
000013b3  Nokia5110_ClrPxl               
000013a9  Nokia5110_DisplayBuffer        
00001169  Nokia5110_DrawFullImage        
00000b23  Nokia5110_Init                 
00000bcd  Nokia5110_OutChar              
00000e3d  Nokia5110_OutSDec              
00000c0d  Nokia5110_OutString            
00000c2b  Nokia5110_OutUDec              
00001073  Nokia5110_OutUFix1             
0000119b  Nokia5110_PrintBMP             
00001101  Nokia5110_SetCursor            
000013d9  Nokia5110_SetPxl               
000032a3  PCM_IRQHandler                 
000032a3  PORT1_IRQHandler               
000032a3  PORT2_IRQHandler               
000032a3  PORT3_IRQHandler               
000032a3  PORT4_IRQHandler               
000032a3  PORT5_IRQHandler               
000032a3  PORT6_IRQHandler               
000032a3  PSS_IRQHandler                 
000025fb  PWM_Duty1                      
0000261b  PWM_Duty2                      
000026bf  PWM_Duty3                      
000026df  PWM_Duty4                      
00002511  PWM_Init1                      
00002577  PWM_Init12                     
0000263b  PWM_Init34                     
000032a3  PendSV_Handler                 
200015d0  Period0                        
200015d2  Period2                        
200007d0  PeriodBuffer                   
00001409  PeriodMeasure0                 
00001441  PeriodMeasure2                 
200015b8  PeriodicTask2                  
00001d27  PeriodicTask2_Init             
00001da1  PeriodicTask2_Stop             
200015ec  Postwait                       
200015e4  Prewait                        
00001479  Program16_1                    
000032a3  RTC_C_IRQHandler               
00003297  Reset_Handler                  
200015de  RightDir                       
2000162a  RightDuty                      
200015bc  RightSteps                     
20001594  RightTach                      
UNDEFED   SHT$$INIT_ARRAY$$Base          
UNDEFED   SHT$$INIT_ARRAY$$Limit         
000032a3  SVC_Handler                    
00001ca3  Scope                          
20001388  Screen                         
20000fa0  SpeedBuffer                    
00003245  StartCritical                  
000032a3  SysTick_Handler                
20001638  SystemCoreClock                
000021e5  SystemCoreClockUpdate          
00002459  SystemInit                     
00001d91  T32_INT1_IRQHandler            
00001d91  T32_INT1_IRQHandler            
000032a3  T32_INT2_IRQHandler            
000032a3  T32_INTC_IRQHandler            
000032a3  TA0_0_IRQHandler               
000032a3  TA0_N_IRQHandler               
00002ea7  TA1_0_IRQHandler               
00002ea7  TA1_0_IRQHandler               
000032a3  TA1_N_IRQHandler               
000032a3  TA2_0_IRQHandler               
000032a3  TA2_N_IRQHandler               
00002ccb  TA3_0_IRQHandler               
00002ccb  TA3_0_IRQHandler               
00002ce5  TA3_N_IRQHandler               
00002ce5  TA3_N_IRQHandler               
00001ee3  TExaS_Clear0                   
00001eef  TExaS_Clear1                   
00001efb  TExaS_Clear2                   
00001f07  TExaS_Clear3                   
00001f13  TExaS_Clear4                   
00001f15  TExaS_Clear5                   
00001f21  TExaS_Clear6                   
00002021  TExaS_Init                     
20001608  TExaS_ScopeErrConflict         
20001604  TExaS_ScopeErrLostData         
2000160c  TExaS_ScopeWrnReconfig         
00001e81  TExaS_Set                      
00001e99  TExaS_Set0                     
00001ea5  TExaS_Set1                     
00001eb1  TExaS_Set2                     
00001ebd  TExaS_Set3                     
00001ec9  TExaS_Set4                     
00001ecb  TExaS_Set5                     
00001ed7  TExaS_Set6                     
00002181  TExaS_Stop                     
00001e37  TExaS_Task0                    
00001e43  TExaS_Task1                    
00001e4f  TExaS_Task2                    
00001e5b  TExaS_Task3                    
00001e67  TExaS_Task4                    
00001e69  TExaS_Task5                    
00001e75  TExaS_Task6                    
200015d4  Tachometer_FirstLeftTime       
200015d6  Tachometer_FirstRightTime      
00002b79  Tachometer_Get                 
00002b31  Tachometer_Init                
20001619  Tachometer_LeftDir             
20001614  Tachometer_LeftSteps           
20001618  Tachometer_RightDir            
20001610  Tachometer_RightSteps          
200015d8  Tachometer_SecondLeftTime      
200015da  Tachometer_SecondRightTime     
00000af7  Testlcdcommandwrite            
200015c0  Time                           
200015c4  TimerA1Task                    
00002e35  TimerA1_Init                   
00002e93  TimerA1_Stop                   
00002c19  TimerA3Capture_Init            
00001e0b  UART_InChar                    
00001db1  UART_Init                      
00001e1b  UART_OutChar                   
000032a3  UsageFault_Handler             
4000480c  WDTCTL_SYM                     
000032a3  WDT_A_IRQHandler               
00003257  WaitForInterrupt               
20010000  __STACK_END                    
00000200  __STACK_SIZE                   
000034e0  __TI_CINIT_Base                
000034f0  __TI_CINIT_Limit               
000034cc  __TI_Handler_Table_Base        
000034d8  __TI_Handler_Table_Limit       
0000306d  __TI_auto_init                 
200015f8  __TI_cleanup_ptr               
000030dd  __TI_decompress_lzss           
00003289  __TI_decompress_none           
200015fc  __TI_dtors_ptr                 
20001600  __TI_enable_exit_profile_output
ffffffff  __TI_pprof_out_hndl            
ffffffff  __TI_prof_data_size            
ffffffff  __TI_prof_data_start           
00000000  __TI_static_base__             
000032a5  __TI_zero_init                 
00002f79  __aeabi_memclr                 
00002f79  __aeabi_memclr4                
00002f79  __aeabi_memclr8                
00002edd  __aeabi_memcpy                 
00002edd  __aeabi_memcpy4                
00002edd  __aeabi_memcpy8                
00002f7b  __aeabi_memset                 
00002f7b  __aeabi_memset4                
00002f7b  __aeabi_memset8                
ffffffff  __binit__                      
ffffffff  __c_args__                     
00002ff3  __mpu_init                     
2000fe00  __stack                        
0000325d  _args_main                     
00003145  _c_int00                       
2000161c  _lock                          
00003283  _nop                           
0000327b  _register_lock                 
00003275  _register_unlock               
000032b5  _system_post_cinit             
000032b1  _system_pre_init               
20001620  _unlock                        
0000319d  abort                          
00001811  avg                            
ffffffff  binit                          
000031ed  copy_in                        
00002855  delay                          
000031a5  exit                           
00000000  interruptVectors               
000015df  main                           
00001709  main2                          
20001634  main_func_sp                   
00002edd  memcpy                         
00002f81  memset                         
00001875  realmain                       
00002c0d  ta3dummy                       
00002aeb  tachometerLeftInt              
00002aa5  tachometerRightInt             


GLOBAL SYMBOLS: SORTED BY Symbol Address 

address   name                           
-------   ----                           
00000000  __TI_static_base__             
00000000  interruptVectors               
00000187  Flash_Init                     
00000193  Flash_Write                    
00000200  __STACK_SIZE                   
000003a9  Flash_WriteArray               
0000040d  Flash_FastWrite                
000008c9  Flash_Erase                    
00000af7  Testlcdcommandwrite            
00000b23  Nokia5110_Init                 
00000bcd  Nokia5110_OutChar              
00000c0d  Nokia5110_OutString            
00000c2b  Nokia5110_OutUDec              
00000e3d  Nokia5110_OutSDec              
00001073  Nokia5110_OutUFix1             
00001101  Nokia5110_SetCursor            
0000113d  Nokia5110_Clear                
00001169  Nokia5110_DrawFullImage        
0000119b  Nokia5110_PrintBMP             
0000137f  Nokia5110_ClearBuffer          
000013a9  Nokia5110_DisplayBuffer        
000013b3  Nokia5110_ClrPxl               
000013d9  Nokia5110_SetPxl               
00001409  PeriodMeasure0                 
00001441  PeriodMeasure2                 
00001479  Program16_1                    
000014d3  Collect                        
000015df  main                           
0000165f  Debug_FlashInit                
000016bb  Debug_FlashRecord              
00001709  main2                          
00001811  avg                            
00001875  realmain                       
00001bb5  LogicAnalyzer                  
00001bbf  LogicAnalyzer_P1               
00001bcd  LogicAnalyzer_P2               
00001bdb  LogicAnalyzer_P2_7654          
00001beb  LogicAnalyzer_P3               
00001bf9  LogicAnalyzer_P4               
00001c07  LogicAnalyzer_P4_765432        
00001c17  LogicAnalyzer_P4_765320        
00001c4f  LogicAnalyzer_P5               
00001c5d  LogicAnalyzer_P6               
00001c6b  LogicAnalyzer_P7               
00001c79  LogicAnalyzer_P8               
00001c87  LogicAnalyzer_P9               
00001c95  LogicAnalyzer_P10              
00001ca3  Scope                          
00001d27  PeriodicTask2_Init             
00001d91  T32_INT1_IRQHandler            
00001d91  T32_INT1_IRQHandler            
00001da1  PeriodicTask2_Stop             
00001db1  UART_Init                      
00001e0b  UART_InChar                    
00001e1b  UART_OutChar                   
00001e37  TExaS_Task0                    
00001e43  TExaS_Task1                    
00001e4f  TExaS_Task2                    
00001e5b  TExaS_Task3                    
00001e67  TExaS_Task4                    
00001e69  TExaS_Task5                    
00001e75  TExaS_Task6                    
00001e81  TExaS_Set                      
00001e99  TExaS_Set0                     
00001ea5  TExaS_Set1                     
00001eb1  TExaS_Set2                     
00001ebd  TExaS_Set3                     
00001ec9  TExaS_Set4                     
00001ecb  TExaS_Set5                     
00001ed7  TExaS_Set6                     
00001ee3  TExaS_Clear0                   
00001eef  TExaS_Clear1                   
00001efb  TExaS_Clear2                   
00001f07  TExaS_Clear3                   
00001f13  TExaS_Clear4                   
00001f15  TExaS_Clear5                   
00001f21  TExaS_Clear6                   
00001f45  ADC_Init                       
00002021  TExaS_Init                     
00002181  TExaS_Stop                     
000021e5  SystemCoreClockUpdate          
00002459  SystemInit                     
00002511  PWM_Init1                      
00002577  PWM_Init12                     
000025fb  PWM_Duty1                      
0000261b  PWM_Duty2                      
0000263b  PWM_Init34                     
000026bf  PWM_Duty3                      
000026df  PWM_Duty4                      
00002739  Clock_Init48MHz                
0000284f  Clock_GetFreq                  
00002855  delay                          
00002863  Clock_Delay1us                 
0000288d  Clock_Delay1ms                 
00002919  Motor_Init                     
0000296b  Motor_Stop                     
0000297f  Motor_Forward                  
000029bb  Motor_Right                    
00002a01  Motor_Left                     
00002a47  Motor_Backward                 
00002aa5  tachometerRightInt             
00002aeb  tachometerLeftInt              
00002b31  Tachometer_Init                
00002b79  Tachometer_Get                 
00002c0d  ta3dummy                       
00002c19  TimerA3Capture_Init            
00002ccb  TA3_0_IRQHandler               
00002ccb  TA3_0_IRQHandler               
00002ce5  TA3_N_IRQHandler               
00002ce5  TA3_N_IRQHandler               
00002d41  LaunchPad_Init                 
00002db1  LaunchPad_Input                
00002dcb  LaunchPad_LED                  
00002de9  LaunchPad_Output               
00002e35  TimerA1_Init                   
00002e93  TimerA1_Stop                   
00002ea7  TA1_0_IRQHandler               
00002ea7  TA1_0_IRQHandler               
00002edd  __aeabi_memcpy                 
00002edd  __aeabi_memcpy4                
00002edd  __aeabi_memcpy8                
00002edd  memcpy                         
00002f79  __aeabi_memclr                 
00002f79  __aeabi_memclr4                
00002f79  __aeabi_memclr8                
00002f7b  __aeabi_memset                 
00002f7b  __aeabi_memset4                
00002f7b  __aeabi_memset8                
00002f81  memset                         
00002ff3  __mpu_init                     
00002ff5  Bump_Init                      
00003029  Bump_Read                      
0000306d  __TI_auto_init                 
000030dd  __TI_decompress_lzss           
00003145  _c_int00                       
00003199  C$$EXIT                        
0000319d  abort                          
000031a5  exit                           
000031ed  copy_in                        
00003239  DisableInterrupts              
0000323f  EnableInterrupts               
00003245  StartCritical                  
0000324f  EndCritical                    
00003257  WaitForInterrupt               
0000325d  _args_main                     
00003275  _register_unlock               
0000327b  _register_lock                 
00003283  _nop                           
00003289  __TI_decompress_none           
00003297  Reset_Handler                  
000032a3  ADC14_IRQHandler               
000032a3  AES256_IRQHandler              
000032a3  BusFault_Handler               
000032a3  COMP_E0_IRQHandler             
000032a3  COMP_E1_IRQHandler             
000032a3  CS_IRQHandler                  
000032a3  DMA_ERR_IRQHandler             
000032a3  DMA_INT0_IRQHandler            
000032a3  DMA_INT1_IRQHandler            
000032a3  DMA_INT2_IRQHandler            
000032a3  DMA_INT3_IRQHandler            
000032a3  DebugMon_Handler               
000032a3  Default_Handler                
000032a3  EUSCIA0_IRQHandler             
000032a3  EUSCIA1_IRQHandler             
000032a3  EUSCIA2_IRQHandler             
000032a3  EUSCIA3_IRQHandler             
000032a3  EUSCIB0_IRQHandler             
000032a3  EUSCIB1_IRQHandler             
000032a3  EUSCIB2_IRQHandler             
000032a3  EUSCIB3_IRQHandler             
000032a3  FLCTL_IRQHandler               
000032a3  FPU_IRQHandler                 
000032a3  HardFault_Handler              
000032a3  MemManage_Handler              
000032a3  NMI_Handler                    
000032a3  PCM_IRQHandler                 
000032a3  PORT1_IRQHandler               
000032a3  PORT2_IRQHandler               
000032a3  PORT3_IRQHandler               
000032a3  PORT4_IRQHandler               
000032a3  PORT5_IRQHandler               
000032a3  PORT6_IRQHandler               
000032a3  PSS_IRQHandler                 
000032a3  PendSV_Handler                 
000032a3  RTC_C_IRQHandler               
000032a3  SVC_Handler                    
000032a3  SysTick_Handler                
000032a3  T32_INT2_IRQHandler            
000032a3  T32_INTC_IRQHandler            
000032a3  TA0_0_IRQHandler               
000032a3  TA0_N_IRQHandler               
000032a3  TA1_N_IRQHandler               
000032a3  TA2_0_IRQHandler               
000032a3  TA2_N_IRQHandler               
000032a3  UsageFault_Handler             
000032a3  WDT_A_IRQHandler               
000032a5  __TI_zero_init                 
000032b1  _system_pre_init               
000032b5  _system_post_cinit             
00003496  Masks                          
000034cc  __TI_Handler_Table_Base        
000034d8  __TI_Handler_Table_Limit       
000034e0  __TI_CINIT_Base                
000034f0  __TI_CINIT_Limit               
20000000  DutyBuffer                     
200007d0  PeriodBuffer                   
20000fa0  SpeedBuffer                    
20001388  Screen                         
20001580  LeftTach                       
20001594  RightTach                      
200015a8  Done0                          
200015ac  Done2                          
200015b0  Duty                           
200015b4  LeftSteps                      
200015b8  PeriodicTask2                  
200015bc  RightSteps                     
200015c0  Time                           
200015c4  TimerA1Task                    
200015c8  ActualL                        
200015ca  ActualR                        
200015cc  First0                         
200015ce  First2                         
200015d0  Period0                        
200015d2  Period2                        
200015d4  Tachometer_FirstLeftTime       
200015d6  Tachometer_FirstRightTime      
200015d8  Tachometer_SecondLeftTime      
200015da  Tachometer_SecondRightTime     
200015dc  LeftDir                        
200015dd  LogicData                      
200015de  RightDir                       
200015e0  ClockFrequency                 
200015e4  Prewait                        
200015e8  CPMwait                        
200015ec  Postwait                       
200015f0  IFlags                         
200015f4  Crystalstable                  
200015f8  __TI_cleanup_ptr               
200015fc  __TI_dtors_ptr                 
20001600  __TI_enable_exit_profile_output
20001604  TExaS_ScopeErrLostData         
20001608  TExaS_ScopeErrConflict         
2000160c  TExaS_ScopeWrnReconfig         
20001610  Tachometer_RightSteps          
20001614  Tachometer_LeftSteps           
20001618  Tachometer_RightDir            
20001619  Tachometer_LeftDir             
2000161c  _lock                          
20001620  _unlock                        
20001624  DesiredL                       
20001626  DesiredR                       
20001628  LeftDuty                       
2000162a  RightDuty                      
2000162c  CaptureTask0                   
20001630  CaptureTask2                   
20001634  main_func_sp                   
20001638  SystemCoreClock                
2000fe00  __stack                        
20010000  __STACK_END                    
4000480c  WDTCTL_SYM                     
ffffffff  __TI_pprof_out_hndl            
ffffffff  __TI_prof_data_size            
ffffffff  __TI_prof_data_start           
ffffffff  __binit__                      
ffffffff  __c_args__                     
ffffffff  binit                          
UNDEFED   SHT$$INIT_ARRAY$$Base          
UNDEFED   SHT$$INIT_ARRAY$$Limit         

[269 symbols]
