******************************************************************************
                  TI ARM Linker PC v16.9.3                     
******************************************************************************
>> Linked Wed Jan 24 20:50:58 2018

OUTPUT FILE NAME:   <LinearInterpolation_asm.out>
ENTRY POINT SYMBOL: "_c_int00"  address: 00000b05


MEMORY CONFIGURATION

         name            origin    length      used     unused   attr    fill
----------------------  --------  ---------  --------  --------  ----  --------
  MAIN                  00000000   00040000  00000c70  0003f390  R  X
  INFO                  00200000   00004000  00000000  00004000  R  X
  SRAM_CODE             01000000   00010000  0000021c  0000fde4  RW X
  SRAM_DATA             20000000   00010000  0000021c  0000fde4  RW  


SEGMENT ALLOCATION MAP

run origin  load origin   length   init length attrs members
----------  ----------- ---------- ----------- ----- -------
00000000    00000000    00000c70   00000c70    r-x
  00000000    00000000    000000e4   000000e4    r-- .intvecs
  000000e4    000000e4    00000b64   00000b64    r-x .text
  00000c48    00000c48    00000028   00000028    r-- .cinit
20000000    20000000    0000001c   00000000    rw-
  20000000    20000000    0000001c   00000000    rw- .data
2000fe00    2000fe00    00000200   00000000    rw-
  2000fe00    2000fe00    00000200   00000000    rw- .stack


SECTION ALLOCATION MAP

 output                                  attributes/
section   page    origin      length       input sections
--------  ----  ----------  ----------   ----------------
.intvecs   0    00000000    000000e4     
                  00000000    000000e4     startup_msp432p401r_ccs.obj (.intvecs:retain)

.binit     0    00000000    00000000     

.text      0    000000e4    00000b64     
                  000000e4    00000490     LinearInterpolation.obj (.text)
                  00000574    0000032c     system_msp432p401r.obj (.text)
                  000008a0    000000f0     sin.obj (.text)
                  00000990    0000009c     rtsv7M4_T_le_v4SPD16_eabi.lib : memcpy_t2.obj (.text)
                  00000a2c    00000070                                   : autoinit.obj (.text)
                  00000a9c    00000068                                   : copy_decompress_lzss.obj (.text:decompress:lzss)
                  00000b04    00000054                                   : boot.obj (.text)
                  00000b58    00000054                                   : exit.obj (.text)
                  00000bac    0000004c                                   : cpy_tbl.obj (.text)
                  00000bf8    00000018                                   : args_main.obj (.text)
                  00000c10    00000014                                   : _lock.obj (.text)
                  00000c24    0000000e                                   : copy_decompress_none.obj (.text:decompress:none)
                  00000c32    0000000e     startup_msp432p401r_ccs.obj (.text)
                  00000c40    00000004     rtsv7M4_T_le_v4SPD16_eabi.lib : pre_init.obj (.text)
                  00000c44    00000002                                   : mpu_init.obj (.text)
                  00000c46    00000002                                   : startup.obj (.text)

.cinit     0    00000c48    00000028     
                  00000c48    00000015     (.cinit..data.load) [load image, compression = lzss]
                  00000c5d    00000003     --HOLE-- [fill = 0]
                  00000c60    00000008     (__TI_handler_table)
                  00000c68    00000008     (__TI_cinit_table)

.init_array 
*          0    00000000    00000000     UNINITIALIZED

.data      0    20000000    0000001c     UNINITIALIZED
                  20000000    0000000c     rtsv7M4_T_le_v4SPD16_eabi.lib : exit.obj (.data:$O1$$)
                  2000000c    00000008                                   : _lock.obj (.data:$O1$$)
                  20000014    00000004                                   : stkdepth_vars.obj (.data)
                  20000018    00000004     system_msp432p401r.obj (.data)

.stack     0    2000fe00    00000200     UNINITIALIZED
                  2000fe00    00000200     --HOLE--

MODULE SUMMARY

       Module                        code   ro data   rw data
       ------                        ----   -------   -------
    .\
       LinearInterpolation.obj       1168   0         0      
       system_msp432p401r.obj        812    0         8      
       startup_msp432p401r_ccs.obj   14     228       0      
       sin.obj                       240    0         0      
    +--+-----------------------------+------+---------+---------+
       Total:                        2234   228       8      
                                                             
    C:\ti\ccsv7\tools\compiler\ti-cgt-arm_16.9.3.LTS\lib\rtsv7M4_T_le_v4SPD16_eabi.lib
       memcpy_t2.obj                 156    0         0      
       autoinit.obj                  112    0         0      
       exit.obj                      84     0         24     
       copy_decompress_lzss.obj      104    0         0      
       boot.obj                      84     0         0      
       cpy_tbl.obj                   76     0         0      
       _lock.obj                     20     0         16     
       args_main.obj                 24     0         0      
       copy_decompress_none.obj      14     0         0      
       stkdepth_vars.obj             0      0         8      
       pre_init.obj                  4      0         0      
       mpu_init.obj                  2      0         0      
       startup.obj                   2      0         0      
    +--+-----------------------------+------+---------+---------+
       Total:                        682    0         48     
                                                             
       Stack:                        0      0         1024   
       Linker Generated:             0      37        0      
    +--+-----------------------------+------+---------+---------+
       Grand Total:                  2916   265       1080   


LINKER GENERATED COPY TABLES

__TI_cinit_table @ 00000c68 records: 1, size/record: 8, table size: 8
	.data: load addr=00000c48, load size=00000015 bytes, run addr=20000000, run size=0000001c bytes, compression=lzss


LINKER GENERATED HANDLER TABLE

__TI_handler_table @ 00000c60 records: 2, size/record: 4, table size: 8
	index: 0, handler: __TI_decompress_lzss
	index: 1, handler: __TI_decompress_none


GLOBAL SYMBOLS: SORTED ALPHABETICALLY BY Name 

address   name                           
-------   ----                           
00000c3f  ADC14_IRQHandler               
00000c3f  AES256_IRQHandler              
00000c3f  BusFault_Handler               
00000b59  C$$EXIT                        
00000c3f  COMP_E0_IRQHandler             
00000c3f  COMP_E1_IRQHandler             
00000c3f  CS_IRQHandler                  
00000c3f  DMA_ERR_IRQHandler             
00000c3f  DMA_INT0_IRQHandler            
00000c3f  DMA_INT1_IRQHandler            
00000c3f  DMA_INT2_IRQHandler            
00000c3f  DMA_INT3_IRQHandler            
00000c3f  DebugMon_Handler               
00000c3f  Default_Handler                
00000c3f  EUSCIA0_IRQHandler             
00000c3f  EUSCIA1_IRQHandler             
00000c3f  EUSCIA2_IRQHandler             
00000c3f  EUSCIA3_IRQHandler             
00000c3f  EUSCIB0_IRQHandler             
00000c3f  EUSCIB1_IRQHandler             
00000c3f  EUSCIB2_IRQHandler             
00000c3f  EUSCIB3_IRQHandler             
00000c3f  FLCTL_IRQHandler               
00000c3f  FPU_IRQHandler                 
00000c3f  HardFault_Handler              
00000c3f  MemManage_Handler              
00000c3f  NMI_Handler                    
00000c3f  PCM_IRQHandler                 
00000c3f  PORT1_IRQHandler               
00000c3f  PORT2_IRQHandler               
00000c3f  PORT3_IRQHandler               
00000c3f  PORT4_IRQHandler               
00000c3f  PORT5_IRQHandler               
00000c3f  PORT6_IRQHandler               
00000c3f  PSS_IRQHandler                 
00000c3f  PendSV_Handler                 
00000c3f  RTC_C_IRQHandler               
00000c33  Reset_Handler                  
UNDEFED   SHT$$INIT_ARRAY$$Base          
UNDEFED   SHT$$INIT_ARRAY$$Limit         
00000c3f  SVC_Handler                    
00000951  Sin                            
00000c3f  SysTick_Handler                
20000018  SystemCoreClock                
00000575  SystemCoreClockUpdate          
000007e9  SystemInit                     
00000c3f  T32_INT1_IRQHandler            
00000c3f  T32_INT2_IRQHandler            
00000c3f  T32_INTC_IRQHandler            
00000c3f  TA0_0_IRQHandler               
00000c3f  TA0_N_IRQHandler               
00000c3f  TA1_0_IRQHandler               
00000c3f  TA1_N_IRQHandler               
00000c3f  TA2_0_IRQHandler               
00000c3f  TA2_N_IRQHandler               
00000c3f  TA3_0_IRQHandler               
00000c3f  TA3_N_IRQHandler               
00000c3f  UsageFault_Handler             
4000480c  WDTCTL_SYM                     
00000c3f  WDT_A_IRQHandler               
20010000  __STACK_END                    
00000200  __STACK_SIZE                   
00000c68  __TI_CINIT_Base                
00000c70  __TI_CINIT_Limit               
00000c60  __TI_Handler_Table_Base        
00000c68  __TI_Handler_Table_Limit       
00000a2d  __TI_auto_init                 
20000000  __TI_cleanup_ptr               
00000a9d  __TI_decompress_lzss           
00000c25  __TI_decompress_none           
20000004  __TI_dtors_ptr                 
20000008  __TI_enable_exit_profile_output
ffffffff  __TI_pprof_out_hndl            
ffffffff  __TI_prof_data_size            
ffffffff  __TI_prof_data_start           
00000000  __TI_static_base__             
00000991  __aeabi_memcpy                 
00000991  __aeabi_memcpy4                
00000991  __aeabi_memcpy8                
ffffffff  __binit__                      
ffffffff  __c_args__                     
00000c45  __mpu_init                     
2000fe00  __stack                        
00000bf9  _args_main                     
00000b05  _c_int00                       
2000000c  _lock                          
00000c1f  _nop                           
00000c17  _register_lock                 
00000c11  _register_unlock               
00000c47  _system_post_cinit             
00000c41  _system_pre_init               
20000010  _unlock                        
00000b5d  abort                          
ffffffff  binit                          
00000bad  copy_in                        
00000b65  exit                           
00000000  interruptVectors               
000004e5  main                           
20000014  main_func_sp                   
00000991  memcpy                         


GLOBAL SYMBOLS: SORTED BY Symbol Address 

address   name                           
-------   ----                           
00000000  __TI_static_base__             
00000000  interruptVectors               
00000200  __STACK_SIZE                   
000004e5  main                           
00000575  SystemCoreClockUpdate          
000007e9  SystemInit                     
00000951  Sin                            
00000991  __aeabi_memcpy                 
00000991  __aeabi_memcpy4                
00000991  __aeabi_memcpy8                
00000991  memcpy                         
00000a2d  __TI_auto_init                 
00000a9d  __TI_decompress_lzss           
00000b05  _c_int00                       
00000b59  C$$EXIT                        
00000b5d  abort                          
00000b65  exit                           
00000bad  copy_in                        
00000bf9  _args_main                     
00000c11  _register_unlock               
00000c17  _register_lock                 
00000c1f  _nop                           
00000c25  __TI_decompress_none           
00000c33  Reset_Handler                  
00000c3f  ADC14_IRQHandler               
00000c3f  AES256_IRQHandler              
00000c3f  BusFault_Handler               
00000c3f  COMP_E0_IRQHandler             
00000c3f  COMP_E1_IRQHandler             
00000c3f  CS_IRQHandler                  
00000c3f  DMA_ERR_IRQHandler             
00000c3f  DMA_INT0_IRQHandler            
00000c3f  DMA_INT1_IRQHandler            
00000c3f  DMA_INT2_IRQHandler            
00000c3f  DMA_INT3_IRQHandler            
00000c3f  DebugMon_Handler               
00000c3f  Default_Handler                
00000c3f  EUSCIA0_IRQHandler             
00000c3f  EUSCIA1_IRQHandler             
00000c3f  EUSCIA2_IRQHandler             
00000c3f  EUSCIA3_IRQHandler             
00000c3f  EUSCIB0_IRQHandler             
00000c3f  EUSCIB1_IRQHandler             
00000c3f  EUSCIB2_IRQHandler             
00000c3f  EUSCIB3_IRQHandler             
00000c3f  FLCTL_IRQHandler               
00000c3f  FPU_IRQHandler                 
00000c3f  HardFault_Handler              
00000c3f  MemManage_Handler              
00000c3f  NMI_Handler                    
00000c3f  PCM_IRQHandler                 
00000c3f  PORT1_IRQHandler               
00000c3f  PORT2_IRQHandler               
00000c3f  PORT3_IRQHandler               
00000c3f  PORT4_IRQHandler               
00000c3f  PORT5_IRQHandler               
00000c3f  PORT6_IRQHandler               
00000c3f  PSS_IRQHandler                 
00000c3f  PendSV_Handler                 
00000c3f  RTC_C_IRQHandler               
00000c3f  SVC_Handler                    
00000c3f  SysTick_Handler                
00000c3f  T32_INT1_IRQHandler            
00000c3f  T32_INT2_IRQHandler            
00000c3f  T32_INTC_IRQHandler            
00000c3f  TA0_0_IRQHandler               
00000c3f  TA0_N_IRQHandler               
00000c3f  TA1_0_IRQHandler               
00000c3f  TA1_N_IRQHandler               
00000c3f  TA2_0_IRQHandler               
00000c3f  TA2_N_IRQHandler               
00000c3f  TA3_0_IRQHandler               
00000c3f  TA3_N_IRQHandler               
00000c3f  UsageFault_Handler             
00000c3f  WDT_A_IRQHandler               
00000c41  _system_pre_init               
00000c45  __mpu_init                     
00000c47  _system_post_cinit             
00000c60  __TI_Handler_Table_Base        
00000c68  __TI_CINIT_Base                
00000c68  __TI_Handler_Table_Limit       
00000c70  __TI_CINIT_Limit               
20000000  __TI_cleanup_ptr               
20000004  __TI_dtors_ptr                 
20000008  __TI_enable_exit_profile_output
2000000c  _lock                          
20000010  _unlock                        
20000014  main_func_sp                   
20000018  SystemCoreClock                
2000fe00  __stack                        
20010000  __STACK_END                    
4000480c  WDTCTL_SYM                     
ffffffff  __TI_pprof_out_hndl            
ffffffff  __TI_prof_data_size            
ffffffff  __TI_prof_data_start           
ffffffff  __binit__                      
ffffffff  __c_args__                     
ffffffff  binit                          
UNDEFED   SHT$$INIT_ARRAY$$Base          
UNDEFED   SHT$$INIT_ARRAY$$Limit         

[100 symbols]
