******************************************************************************
                  TI ARM Linker PC v16.9.0                     
******************************************************************************
>> Linked Wed Jan 24 20:54:04 2018

OUTPUT FILE NAME:   <VerySimpleApplicationProcessor.out>
ENTRY POINT SYMBOL: "_c_int00"  address: 000036c9


MEMORY CONFIGURATION

         name            origin    length      used     unused   attr    fill
----------------------  --------  ---------  --------  --------  ----  --------
  MAIN                  00000000   00040000  00003b5b  0003c4a5  R  X
  INFO                  00200000   00004000  00000000  00004000  R  X
  SRAM_CODE             01000000   00010000  00000dae  0000f252  RW X
  SRAM_DATA             20000000   00010000  00000dae  0000f252  RW  


SEGMENT ALLOCATION MAP

run origin  load origin   length   init length attrs members
----------  ----------- ---------- ----------- ----- -------
00000000    00000000    00003b60   00003b60    r-x
  00000000    00000000    000000e4   000000e4    r-- .intvecs
  000000e4    000000e4    000037e4   000037e4    r-x .text
  000038c8    000038c8    0000013b   0000013b    r-- .const
  00003a08    00003a08    00000158   00000158    r-- .cinit
20000000    20000000    00000bb4   00000000    rw-
  20000000    20000000    0000046a   00000000    rw- .bss
  20000470    20000470    00000400   00000000    rw- .sysmem
  20000870    20000870    00000344   00000000    rw- .data
2000fe00    2000fe00    00000200   00000000    rw-
  2000fe00    2000fe00    00000200   00000000    rw- .stack


SECTION ALLOCATION MAP

 output                                  attributes/
section   page    origin      length       input sections
--------  ----  ----------  ----------   ----------------
.intvecs   0    00000000    000000e4     
                  00000000    000000e4     startup_msp432p401r_ccs.obj (.intvecs:retain)

.binit     0    00000000    00000000     

.text      0    000000e4    000037e4     
                  000000e4    00001010     AP.obj (.text)
                  000010f4    000006bc     UART0.obj (.text)
                  000017b0    0000065c     VerySimpleApplicationProcessor.obj (.text)
                  00001e0c    000003d0     rtsv7M4_T_le_v4SPD16_eabi.lib : memory.obj (.text)
                  000021dc    0000032c     system_msp432p401r.obj (.text)
                  00002508    00000324     rtsv7M4_T_le_v4SPD16_eabi.lib : trgdrv.obj (.text)
                  0000282c    0000030c                                   : lowlev.obj (.text)
                  00002b38    000001e0     Clock.obj (.text)
                  00002d18    000001c4     rtsv7M4_T_le_v4SPD16_eabi.lib : fopen.obj (.text)
                  00002edc    000001a4     UART1.obj (.text)
                  00003080    000000f4     LaunchPad.obj (.text)
                  00003174    000000dc     rtsv7M4_T_le_v4SPD16_eabi.lib : setvbuf.obj (.text)
                  00003250    000000c8                                   : fflush.obj (.text)
                  00003318    000000c0     GPIO.obj (.text)
                  000033d8    0000009c     rtsv7M4_T_le_v4SPD16_eabi.lib : memcpy_t2.obj (.text)
                  00003474    00000098                                   : fclose.obj (.text)
                  0000350c    0000007a                                   : memset_t2.obj (.text)
                  00003586    00000002                                   : mpu_init.obj (.text)
                  00003588    00000070                                   : autoinit.obj (.text)
                  000035f8    00000068                                   : copy_decompress_lzss.obj (.text:decompress:lzss)
                  00003660    00000068                                   : trgmsg.obj (.text)
                  000036c8    00000054                                   : boot.obj (.text)
                  0000371c    00000054                                   : exit.obj (.text)
                  00003770    0000004c                                   : cpy_tbl.obj (.text)
                  000037bc    00000036                                   : strncpy.obj (.text)
                  000037f2    00000024     CortexM.obj (.text)
                  00003816    00000002     rtsv7M4_T_le_v4SPD16_eabi.lib : startup.obj (.text)
                  00003818    00000018                                   : args_main.obj (.text)
                  00003830    00000018                                   : strcmp.obj (.text)
                  00003848    00000016                                   : strchr.obj (.text)
                  0000385e    00000002     --HOLE-- [fill = 0]
                  00003860    00000014                                   : _lock.obj (.text)
                  00003874    00000014                                   : strcpy.obj (.text)
                  00003888    00000014                                   : strlen.obj (.text)
                  0000389c    0000000e                                   : copy_decompress_none.obj (.text:decompress:none)
                  000038aa    0000000e     startup_msp432p401r_ccs.obj (.text)
                  000038b8    0000000c     rtsv7M4_T_le_v4SPD16_eabi.lib : copy_zero_init.obj (.text:decompress:ZI)
                  000038c4    00000004                                   : pre_init.obj (.text)

.const     0    000038c8    0000013b     
                  000038c8    00000021     VerySimpleApplicationProcessor.obj (.const:.string:NPI_SetAdvertisementDataMsg)
                  000038e9    00000018     VerySimpleApplicationProcessor.obj (.const:.string:NPI_GATTSetDeviceNameMsg)
                  00003901    00000015     VerySimpleApplicationProcessor.obj (.const:.string:NPI_AddCharDescriptor2)
                  00003916    00000014     AP.obj (.const:.string:NPI_StartAdvertisement)
                  0000392a    00000014     VerySimpleApplicationProcessor.obj (.const:.string:NPI_StartAdvertisementMsg)
                  0000393e    00000013     VerySimpleApplicationProcessor.obj (.const:.string:NPI_AddCharDescriptor4)
                  00003951    00000011     VerySimpleApplicationProcessor.obj (.const:.string:NPI_AddCharDescriptor1)
                  00003962    00000011     VerySimpleApplicationProcessor.obj (.const:.string:NPI_AddCharDescriptor3)
                  00003973    00000011     AP.obj (.const:.string:NPI_SetAdvertisement1)
                  00003984    00000011     VerySimpleApplicationProcessor.obj (.const:.string:NPI_SetAdvertisementMsg)
                  00003995    0000000e     VerySimpleApplicationProcessor.obj (.const:.string:NPI_AddCharValue1)
                  000039a3    0000000e     VerySimpleApplicationProcessor.obj (.const:.string:NPI_AddCharValue2)
                  000039b1    0000000e     VerySimpleApplicationProcessor.obj (.const:.string:NPI_AddCharValue3)
                  000039bf    0000000e     VerySimpleApplicationProcessor.obj (.const:.string:NPI_AddCharValue4)
                  000039cd    00000009     AP.obj (.const:.string:HCI_EXT_ResetSystemCmd)
                  000039d6    00000009     VerySimpleApplicationProcessor.obj (.const:.string:NPI_AddServiceMsg)
                  000039df    00000006     AP.obj (.const:.string:NPI_GetStatus)
                  000039e5    00000006     VerySimpleApplicationProcessor.obj (.const:.string:NPI_GetStatusMsg)
                  000039eb    00000006     AP.obj (.const:.string:NPI_GetVersion)
                  000039f1    00000006     VerySimpleApplicationProcessor.obj (.const:.string:NPI_GetVersionMsg)
                  000039f7    00000006     AP.obj (.const:.string:NPI_Register)
                  000039fd    00000006     VerySimpleApplicationProcessor.obj (.const:.string:NPI_RegisterMsg)

.cinit     0    00003a08    00000158     
                  00003a08    0000012d     (.cinit..data.load) [load image, compression = lzss]
                  00003b35    00000003     --HOLE-- [fill = 0]
                  00003b38    0000000c     (__TI_handler_table)
                  00003b44    00000004     --HOLE-- [fill = 0]
                  00003b48    00000008     (.cinit..bss.load) [load image, compression = zero_init]
                  00003b50    00000010     (__TI_cinit_table)

.init_array 
*          0    00000000    00000000     UNINITIALIZED

.bss       0    20000000    0000046a     UNINITIALIZED
                  20000000    00000120     rtsv7M4_T_le_v4SPD16_eabi.lib : trgmsg.obj (.bss:_CIOBUF_)
                  20000120    00000100     (.common:RxFIFO)
                  20000220    000000a0     (.common:CharacteristicList)
                  200002c0    000000a0     (.common:__TI_tmpnams)
                  20000360    00000080     (.common:RecvBuf)
                  200003e0    00000050     (.common:NotifyCharacteristicList)
                  20000430    00000008                                   : trgdrv.obj (.bss:parmbuf)
                  20000438    00000008     (.common:Messageb)
                  20000440    00000004     (.common:Messageindexb)
                  20000444    00000004     (.common:NoSOFErr)
                  20000448    00000004     (.common:RxFifoLost)
                  2000044c    00000004     (.common:RxGetI)
                  20000450    00000004     (.common:RxPutI)
                  20000454    00000004     (.common:TimeOutErr)
                  20000458    00000004     (.common:fcserr)
                  2000045c    00000002     (.common:CCCDhandle)
                  2000045e    00000002     (.common:CCCDvalue)
                  20000460    00000002     (.common:Handle1)
                  20000462    00000002     (.common:Handle2)
                  20000464    00000002     (.common:Handle3)
                  20000466    00000002     (.common:Handle4)
                  20000468    00000001     (.common:Count)
                  20000469    00000001     (.common:Data)

.sysmem    0    20000470    00000400     UNINITIALIZED
                  20000470    00000008     rtsv7M4_T_le_v4SPD16_eabi.lib : memory.obj (.sysmem)
                  20000478    000003f8     --HOLE--

.data      0    20000870    00000344     UNINITIALIZED
                  20000870    000000f0     rtsv7M4_T_le_v4SPD16_eabi.lib : defs.obj (.data:_ftable)
                  20000960    000000d0                                   : lowlev.obj (.data:$O1$$)
                  20000a30    00000025     AP.obj (.data:NPI_SetAdvertisementData)
                  20000a55    00000020     AP.obj (.data:NPI_AddCharDescriptor)
                  20000a75    0000001e     AP.obj (.data:NPI_SetAdvertisementDataJacki)
                  20000a93    0000001c     AP.obj (.data:NPI_GATTSetDeviceName)
                  20000aaf    00000001     --HOLE--
                  20000ab0    00000018     Clock.obj (.data)
                  20000ac8    00000015     AP.obj (.data:NPI_GATTSetDeviceNameJacki)
                  20000add    00000015     AP.obj (.data:NPI_ReadConfirmation)
                  20000af2    00000015     VerySimpleApplicationProcessor.obj (.data:NPI_ReadConfirmationMsg)
                  20000b07    00000014     AP.obj (.data:NPI_SendNotificationIndication)
                  20000b1b    00000014     VerySimpleApplicationProcessor.obj (.data:NPI_SendNotificationIndicationMsg)
                  20000b2f    00000001     --HOLE--
                  20000b30    00000010     rtsv7M4_T_le_v4SPD16_eabi.lib : defs.obj (.data)
                  20000b40    0000000e     AP.obj (.data:NPI_AddCharValue)
                  20000b4e    00000002     --HOLE--
                  20000b50    0000000c     rtsv7M4_T_le_v4SPD16_eabi.lib : exit.obj (.data:$O1$$)
                  20000b5c    0000000c                                   : memory.obj (.data:$O1$$)
                  20000b68    00000009     AP.obj (.data:NPI_AddService)
                  20000b71    00000009     AP.obj (.data:NPI_CCCDUpdatedConfirmation)
                  20000b7a    00000009     VerySimpleApplicationProcessor.obj (.data:NPI_CCCDUpdatedConfirmationMsg)
                  20000b83    00000009     AP.obj (.data:NPI_WriteConfirmation)
                  20000b8c    00000009     VerySimpleApplicationProcessor.obj (.data:NPI_WriteConfirmationMsg)
                  20000b95    00000003     --HOLE--
                  20000b98    00000008     rtsv7M4_T_le_v4SPD16_eabi.lib : _lock.obj (.data:$O1$$)
                  20000ba0    00000008     AP.obj (.data)
                  20000ba8    00000004     rtsv7M4_T_le_v4SPD16_eabi.lib : fopen.obj (.data)
                  20000bac    00000004                                   : stkdepth_vars.obj (.data)
                  20000bb0    00000004     system_msp432p401r.obj (.data)

.stack     0    2000fe00    00000200     UNINITIALIZED
                  2000fe00    00000200     --HOLE--

MODULE SUMMARY

       Module                               code    ro data   rw data
       ------                               ----    -------   -------
    .\
       AP.obj                               4112    64        1236   
       VerySimpleApplicationProcessor.obj   1628    251       146    
       UART0.obj                            1724    0         24     
       UART1.obj                            420     0         536    
       system_msp432p401r.obj               812     0         8      
       Clock.obj                            480     0         48     
       LaunchPad.obj                        244     0         0      
       startup_msp432p401r_ccs.obj          14      228       0      
       GPIO.obj                             192     0         0      
       CortexM.obj                          36      0         0      
    +--+------------------------------------+-------+---------+---------+
       Total:                               9662    543       1998   
                                                                     
    C:\ti\ccsv7\tools\compiler\ti-cgt-arm_16.9.0.LTS\lib\rtsv7M4_T_le_v4SPD16_eabi.lib
       lowlev.obj                           780     0         416    
       memory.obj                           976     0         24     
       defs.obj                             0       0         832    
       trgdrv.obj                           804     0         16     
       trgmsg.obj                           104     0         576    
       fopen.obj                            452     0         8      
       setvbuf.obj                          220     0         0      
       fflush.obj                           200     0         0      
       memcpy_t2.obj                        156     0         0      
       fclose.obj                           152     0         0      
       memset_t2.obj                        122     0         0      
       autoinit.obj                         112     0         0      
       exit.obj                             84      0         24     
       copy_decompress_lzss.obj             104     0         0      
       boot.obj                             84      0         0      
       cpy_tbl.obj                          76      0         0      
       strncpy.obj                          54      0         0      
       _lock.obj                            20      0         16     
       args_main.obj                        24      0         0      
       strcmp.obj                           24      0         0      
       strchr.obj                           22      0         0      
       strcpy.obj                           20      0         0      
       strlen.obj                           20      0         0      
       copy_decompress_none.obj             14      0         0      
       copy_zero_init.obj                   12      0         0      
       stkdepth_vars.obj                    0       0         8      
       pre_init.obj                         4       0         0      
       mpu_init.obj                         2       0         0      
       startup.obj                          2       0         0      
    +--+------------------------------------+-------+---------+---------+
       Total:                               4644    0         1920   
                                                                     
       Heap:                                0       0         2048   
       Stack:                               0       0         1024   
       Linker Generated:                    0       337       0      
    +--+------------------------------------+-------+---------+---------+
       Grand Total:                         14306   880       6990   


LINKER GENERATED COPY TABLES

__TI_cinit_table @ 00003b50 records: 2, size/record: 8, table size: 16
	.data: load addr=00003a08, load size=0000012d bytes, run addr=20000870, run size=00000344 bytes, compression=lzss
	.bss: load addr=00003b48, load size=00000008 bytes, run addr=20000000, run size=0000046a bytes, compression=zero_init


LINKER GENERATED HANDLER TABLE

__TI_handler_table @ 00003b38 records: 3, size/record: 4, table size: 12
	index: 0, handler: __TI_decompress_lzss
	index: 1, handler: __TI_decompress_none
	index: 2, handler: __TI_zero_init


GLOBAL SYMBOLS: SORTED ALPHABETICALLY BY Name 

address   name                             
-------   ----                             
000038b7  ADC14_IRQHandler                 
000038b7  AES256_IRQHandler                
00000745  AP_AddCharacteristic             
00000901  AP_AddNotifyCharacteristic       
000006ed  AP_AddService                    
00000e11  AP_BackgroundProcess             
00000289  AP_EchoReceived                  
0000021d  AP_EchoSendMessage               
000006d7  AP_GetNotifyCCCD                 
000001f3  AP_GetSize                       
00000ce5  AP_GetStatus                     
00000d1d  AP_GetVersion                    
0000010d  AP_Init                          
000004ad  AP_RecvMessage                   
00000689  AP_RecvStatus                    
00000725  AP_RegisterService               
000000e5  AP_Reset                         
00000311  AP_SendMessage                   
00000697  AP_SendMessageResponse           
00000b2d  AP_SendNotification              
00000c2d  AP_StartAdvertisement            
00000c81  AP_StartAdvertisementJacki       
000038b7  BusFault_Handler                 
0000371d  C$$EXIT                          
0000368f  C$$IO$$                          
2000045c  CCCDhandle                       
2000045e  CCCDvalue                        
000038b7  COMP_E0_IRQHandler               
000038b7  COMP_E1_IRQHandler               
20000ab8  CPMwait                          
000038b7  CS_IRQHandler                    
20000ba0  CharacteristicCount              
20000220  CharacteristicList               
20000ab0  ClockFrequency                   
00002c8d  Clock_Delay1ms                   
00002c63  Clock_Delay1us                   
00002c4f  Clock_GetFreq                    
00002b39  Clock_Init48MHz                  
20000468  Count                            
20000ac4  Crystalstable                    
000038b7  DMA_ERR_IRQHandler               
000038b7  DMA_INT0_IRQHandler              
000038b7  DMA_INT1_IRQHandler              
000038b7  DMA_INT2_IRQHandler              
000038b7  DMA_INT3_IRQHandler              
20000469  Data                             
000038b7  DebugMon_Handler                 
000038b7  Default_Handler                  
000037f3  DisableInterrupts                
000038b7  EUSCIA0_IRQHandler               
000038b7  EUSCIA1_IRQHandler               
00003005  EUSCIA2_IRQHandler               
00003005  EUSCIA2_IRQHandler               
000038b7  EUSCIA3_IRQHandler               
000038b7  EUSCIB0_IRQHandler               
000038b7  EUSCIB1_IRQHandler               
000038b7  EUSCIB2_IRQHandler               
000038b7  EUSCIB3_IRQHandler               
000037f9  EnableInterrupts                 
00003809  EndCritical                      
000038b7  FLCTL_IRQHandler                 
000038b7  FPU_IRQHandler                   
00003319  GPIO_Init                        
000039cd  HCI_EXT_ResetSystemCmd           
000027e3  HOSTclock                        
000027ab  HOSTclose                        
0000276d  HOSTgetenv                       
00002711  HOSTlseek                        
000026bf  HOSTopen                         
00002673  HOSTread                         
00002615  HOSTrename                       
000025db  HOSTtime                         
0000258d  HOSTtime64                       
00002555  HOSTunlink                       
00002509  HOSTwrite                        
20000460  Handle1                          
20000462  Handle2                          
20000464  Handle3                          
20000466  Handle4                          
000038b7  HardFault_Handler                
20000ac0  IFlags                           
00003081  LaunchPad_Init                   
000030f1  LaunchPad_Input                  
0000310b  LaunchPad_LED                    
00003129  LaunchPad_Output                 
000038b7  MemManage_Handler                
20000438  Messageb                         
20000440  Messageindexb                    
000038b7  NMI_Handler                      
20000a55  NPI_AddCharDescriptor            
00003951  NPI_AddCharDescriptor1           
00003901  NPI_AddCharDescriptor2           
00003962  NPI_AddCharDescriptor3           
0000393e  NPI_AddCharDescriptor4           
20000b40  NPI_AddCharValue                 
00003995  NPI_AddCharValue1                
000039a3  NPI_AddCharValue2                
000039b1  NPI_AddCharValue3                
000039bf  NPI_AddCharValue4                
20000b68  NPI_AddService                   
000039d6  NPI_AddServiceMsg                
20000b71  NPI_CCCDUpdatedConfirmation      
20000b7a  NPI_CCCDUpdatedConfirmationMsg   
20000a93  NPI_GATTSetDeviceName            
20000ac8  NPI_GATTSetDeviceNameJacki       
000038e9  NPI_GATTSetDeviceNameMsg         
000039df  NPI_GetStatus                    
000039e5  NPI_GetStatusMsg                 
000039eb  NPI_GetVersion                   
000039f1  NPI_GetVersionMsg                
20000add  NPI_ReadConfirmation             
20000af2  NPI_ReadConfirmationMsg          
000039f7  NPI_Register                     
000039fd  NPI_RegisterMsg                  
20000b07  NPI_SendNotificationIndication   
20000b1b  NPI_SendNotificationIndicationMsg
00003973  NPI_SetAdvertisement1            
20000a30  NPI_SetAdvertisementData         
20000a75  NPI_SetAdvertisementDataJacki    
000038c8  NPI_SetAdvertisementDataMsg      
00003984  NPI_SetAdvertisementMsg          
00003916  NPI_StartAdvertisement           
0000392a  NPI_StartAdvertisementMsg        
20000b83  NPI_WriteConfirmation            
20000b8c  NPI_WriteConfirmationMsg         
20000444  NoSOFErr                         
20000ba4  NotifyCharacteristicCount        
200003e0  NotifyCharacteristicList         
000017b1  OutValue                         
000038b7  PCM_IRQHandler                   
000038b7  PORT1_IRQHandler                 
000038b7  PORT2_IRQHandler                 
000038b7  PORT3_IRQHandler                 
000038b7  PORT4_IRQHandler                 
000038b7  PORT5_IRQHandler                 
000038b7  PORT6_IRQHandler                 
000038b7  PSS_IRQHandler                   
000038b7  PendSV_Handler                   
20000abc  Postwait                         
20000ab4  Prewait                          
000038b7  RTC_C_IRQHandler                 
20000360  RecvBuf                          
000038ab  Reset_Handler                    
20000120  RxFIFO                           
20000448  RxFifoLost                       
00002f35  RxFifo_Get                       
00002edd  RxFifo_Init                      
00002eef  RxFifo_Put                       
2000044c  RxGetI                           
20000450  RxPutI                           
UNDEFED   SHT$$INIT_ARRAY$$Base            
UNDEFED   SHT$$INIT_ARRAY$$Limit           
000038b7  SVC_Handler                      
000037ff  StartCritical                    
000038b7  SysTick_Handler                  
20000bb0  SystemCoreClock                  
000021dd  SystemCoreClockUpdate            
00002451  SystemInit                       
000038b7  T32_INT1_IRQHandler              
000038b7  T32_INT2_IRQHandler              
000038b7  T32_INTC_IRQHandler              
000038b7  TA0_0_IRQHandler                 
000038b7  TA0_N_IRQHandler                 
000038b7  TA1_0_IRQHandler                 
000038b7  TA1_N_IRQHandler                 
000038b7  TA2_0_IRQHandler                 
000038b7  TA2_N_IRQHandler                 
000038b7  TA3_0_IRQHandler                 
000038b7  TA3_N_IRQHandler                 
20000454  TimeOutErr                       
0000113b  UART0_InChar                     
000015c5  UART0_InString                   
00001185  UART0_InUDec                     
00001479  UART0_InUHex                     
000010f5  UART0_Init                       
00001725  UART0_Initprintf                 
0000114b  UART0_OutChar                    
00001167  UART0_OutString                  
00001209  UART0_OutUDec                    
00001375  UART0_OutUDec4                   
000013c9  UART0_OutUDec5                   
00001405  UART0_OutUFix1                   
0000142d  UART0_OutUFix2                   
0000153d  UART0_OutUHex                    
000015a9  UART0_OutUHex2                   
00003039  UART1_FinishOutput               
00002fd7  UART1_InChar                     
00002f6b  UART1_InStatus                   
00002f7b  UART1_Init                       
00002fe9  UART1_OutChar                    
0000301b  UART1_OutString                  
000038b7  UsageFault_Handler               
4000480c  WDTCTL_SYM                       
000038b7  WDT_A_IRQHandler                 
00003811  WaitForInterrupt                 
20000000  __CIOBUF_                        
20010000  __STACK_END                      
00000200  __STACK_SIZE                     
00000400  __SYSMEM_SIZE                    
00003b50  __TI_CINIT_Base                  
00003b60  __TI_CINIT_Limit                 
00003b38  __TI_Handler_Table_Base          
00003b44  __TI_Handler_Table_Limit         
00003589  __TI_auto_init                   
00002de1  __TI_cleanup                     
20000b50  __TI_cleanup_ptr                 
00003475  __TI_closefile                   
000035f9  __TI_decompress_lzss             
0000389d  __TI_decompress_none             
00003251  __TI_doflush                     
20000b54  __TI_dtors_ptr                   
20000b58  __TI_enable_exit_profile_output  
20000b30  __TI_ft_end                      
ffffffff  __TI_pprof_out_hndl              
ffffffff  __TI_prof_data_size              
ffffffff  __TI_prof_data_start             
00003693  __TI_readmsg                     
00000000  __TI_static_base__               
200002c0  __TI_tmpnams                     
00003661  __TI_writemsg                    
000038b9  __TI_zero_init                   
0000350d  __aeabi_memclr                   
0000350d  __aeabi_memclr4                  
0000350d  __aeabi_memclr8                  
000033d9  __aeabi_memcpy                   
000033d9  __aeabi_memcpy4                  
000033d9  __aeabi_memcpy8                  
0000350f  __aeabi_memset                   
0000350f  __aeabi_memset4                  
0000350f  __aeabi_memset8                  
20000b3c  __aeabi_stderr                   
20000b34  __aeabi_stdin                    
20000b38  __aeabi_stdout                   
ffffffff  __binit__                        
ffffffff  __c_args__                       
00003587  __mpu_init                       
2000fe00  __stack                          
00003819  _args_main                       
000036c9  _c_int00                         
20000870  _ftable                          
20000b98  _lock                            
0000386f  _nop                             
00003867  _register_lock                   
00003861  _register_unlock                 
20000470  _sys_memory                      
00003817  _system_post_cinit               
000038c5  _system_pre_init                 
20000b9c  _unlock                          
00003721  abort                            
00002a8d  add_device                       
ffffffff  binit                            
000021ad  calloc                           
00002a3d  close                            
00003771  copy_in                          
00002c55  delay                            
00003729  exit                             
000034db  fclose                           
20000458  fcserr                           
0000165f  ferror                           
0000329d  fflush                           
0000163f  fgetc                            
00002e37  fopen                            
00001ef7  free                             
00002e0d  freopen                          
00000000  interruptVectors                 
00002a19  lseek                            
000017c5  main                             
20000bac  main_func_sp                     
00001e8d  malloc                           
000020c1  memalign                         
000033d9  memcpy                           
00003515  memset                           
00001e0d  minit                            
0000296b  open                             
00001581  outnibble                        
00002947  read                             
00001fb9  realloc                          
000028bd  remove                           
0000291f  remove_device                    
000028e1  rename                           
00003175  setvbuf                          
00003849  strchr                           
00003831  strcmp                           
00003875  strcpy                           
00003889  strlen                           
000037bd  strncpy                          
0000167d  uart_close                       
000016fb  uart_lseek                       
0000166d  uart_open                        
0000168f  uart_read                        
00001717  uart_rename                      
0000170b  uart_unlink                      
000016b9  uart_write                       
000028bd  unlink                           
0000282d  write                            


GLOBAL SYMBOLS: SORTED BY Symbol Address 

address   name                             
-------   ----                             
00000000  __TI_static_base__               
00000000  interruptVectors                 
000000e5  AP_Reset                         
0000010d  AP_Init                          
000001f3  AP_GetSize                       
00000200  __STACK_SIZE                     
0000021d  AP_EchoSendMessage               
00000289  AP_EchoReceived                  
00000311  AP_SendMessage                   
00000400  __SYSMEM_SIZE                    
000004ad  AP_RecvMessage                   
00000689  AP_RecvStatus                    
00000697  AP_SendMessageResponse           
000006d7  AP_GetNotifyCCCD                 
000006ed  AP_AddService                    
00000725  AP_RegisterService               
00000745  AP_AddCharacteristic             
00000901  AP_AddNotifyCharacteristic       
00000b2d  AP_SendNotification              
00000c2d  AP_StartAdvertisement            
00000c81  AP_StartAdvertisementJacki       
00000ce5  AP_GetStatus                     
00000d1d  AP_GetVersion                    
00000e11  AP_BackgroundProcess             
000010f5  UART0_Init                       
0000113b  UART0_InChar                     
0000114b  UART0_OutChar                    
00001167  UART0_OutString                  
00001185  UART0_InUDec                     
00001209  UART0_OutUDec                    
00001375  UART0_OutUDec4                   
000013c9  UART0_OutUDec5                   
00001405  UART0_OutUFix1                   
0000142d  UART0_OutUFix2                   
00001479  UART0_InUHex                     
0000153d  UART0_OutUHex                    
00001581  outnibble                        
000015a9  UART0_OutUHex2                   
000015c5  UART0_InString                   
0000163f  fgetc                            
0000165f  ferror                           
0000166d  uart_open                        
0000167d  uart_close                       
0000168f  uart_read                        
000016b9  uart_write                       
000016fb  uart_lseek                       
0000170b  uart_unlink                      
00001717  uart_rename                      
00001725  UART0_Initprintf                 
000017b1  OutValue                         
000017c5  main                             
00001e0d  minit                            
00001e8d  malloc                           
00001ef7  free                             
00001fb9  realloc                          
000020c1  memalign                         
000021ad  calloc                           
000021dd  SystemCoreClockUpdate            
00002451  SystemInit                       
00002509  HOSTwrite                        
00002555  HOSTunlink                       
0000258d  HOSTtime64                       
000025db  HOSTtime                         
00002615  HOSTrename                       
00002673  HOSTread                         
000026bf  HOSTopen                         
00002711  HOSTlseek                        
0000276d  HOSTgetenv                       
000027ab  HOSTclose                        
000027e3  HOSTclock                        
0000282d  write                            
000028bd  remove                           
000028bd  unlink                           
000028e1  rename                           
0000291f  remove_device                    
00002947  read                             
0000296b  open                             
00002a19  lseek                            
00002a3d  close                            
00002a8d  add_device                       
00002b39  Clock_Init48MHz                  
00002c4f  Clock_GetFreq                    
00002c55  delay                            
00002c63  Clock_Delay1us                   
00002c8d  Clock_Delay1ms                   
00002de1  __TI_cleanup                     
00002e0d  freopen                          
00002e37  fopen                            
00002edd  RxFifo_Init                      
00002eef  RxFifo_Put                       
00002f35  RxFifo_Get                       
00002f6b  UART1_InStatus                   
00002f7b  UART1_Init                       
00002fd7  UART1_InChar                     
00002fe9  UART1_OutChar                    
00003005  EUSCIA2_IRQHandler               
00003005  EUSCIA2_IRQHandler               
0000301b  UART1_OutString                  
00003039  UART1_FinishOutput               
00003081  LaunchPad_Init                   
000030f1  LaunchPad_Input                  
0000310b  LaunchPad_LED                    
00003129  LaunchPad_Output                 
00003175  setvbuf                          
00003251  __TI_doflush                     
0000329d  fflush                           
00003319  GPIO_Init                        
000033d9  __aeabi_memcpy                   
000033d9  __aeabi_memcpy4                  
000033d9  __aeabi_memcpy8                  
000033d9  memcpy                           
00003475  __TI_closefile                   
000034db  fclose                           
0000350d  __aeabi_memclr                   
0000350d  __aeabi_memclr4                  
0000350d  __aeabi_memclr8                  
0000350f  __aeabi_memset                   
0000350f  __aeabi_memset4                  
0000350f  __aeabi_memset8                  
00003515  memset                           
00003587  __mpu_init                       
00003589  __TI_auto_init                   
000035f9  __TI_decompress_lzss             
00003661  __TI_writemsg                    
0000368f  C$$IO$$                          
00003693  __TI_readmsg                     
000036c9  _c_int00                         
0000371d  C$$EXIT                          
00003721  abort                            
00003729  exit                             
00003771  copy_in                          
000037bd  strncpy                          
000037f3  DisableInterrupts                
000037f9  EnableInterrupts                 
000037ff  StartCritical                    
00003809  EndCritical                      
00003811  WaitForInterrupt                 
00003817  _system_post_cinit               
00003819  _args_main                       
00003831  strcmp                           
00003849  strchr                           
00003861  _register_unlock                 
00003867  _register_lock                   
0000386f  _nop                             
00003875  strcpy                           
00003889  strlen                           
0000389d  __TI_decompress_none             
000038ab  Reset_Handler                    
000038b7  ADC14_IRQHandler                 
000038b7  AES256_IRQHandler                
000038b7  BusFault_Handler                 
000038b7  COMP_E0_IRQHandler               
000038b7  COMP_E1_IRQHandler               
000038b7  CS_IRQHandler                    
000038b7  DMA_ERR_IRQHandler               
000038b7  DMA_INT0_IRQHandler              
000038b7  DMA_INT1_IRQHandler              
000038b7  DMA_INT2_IRQHandler              
000038b7  DMA_INT3_IRQHandler              
000038b7  DebugMon_Handler                 
000038b7  Default_Handler                  
000038b7  EUSCIA0_IRQHandler               
000038b7  EUSCIA1_IRQHandler               
000038b7  EUSCIA3_IRQHandler               
000038b7  EUSCIB0_IRQHandler               
000038b7  EUSCIB1_IRQHandler               
000038b7  EUSCIB2_IRQHandler               
000038b7  EUSCIB3_IRQHandler               
000038b7  FLCTL_IRQHandler                 
000038b7  FPU_IRQHandler                   
000038b7  HardFault_Handler                
000038b7  MemManage_Handler                
000038b7  NMI_Handler                      
000038b7  PCM_IRQHandler                   
000038b7  PORT1_IRQHandler                 
000038b7  PORT2_IRQHandler                 
000038b7  PORT3_IRQHandler                 
000038b7  PORT4_IRQHandler                 
000038b7  PORT5_IRQHandler                 
000038b7  PORT6_IRQHandler                 
000038b7  PSS_IRQHandler                   
000038b7  PendSV_Handler                   
000038b7  RTC_C_IRQHandler                 
000038b7  SVC_Handler                      
000038b7  SysTick_Handler                  
000038b7  T32_INT1_IRQHandler              
000038b7  T32_INT2_IRQHandler              
000038b7  T32_INTC_IRQHandler              
000038b7  TA0_0_IRQHandler                 
000038b7  TA0_N_IRQHandler                 
000038b7  TA1_0_IRQHandler                 
000038b7  TA1_N_IRQHandler                 
000038b7  TA2_0_IRQHandler                 
000038b7  TA2_N_IRQHandler                 
000038b7  TA3_0_IRQHandler                 
000038b7  TA3_N_IRQHandler                 
000038b7  UsageFault_Handler               
000038b7  WDT_A_IRQHandler                 
000038b9  __TI_zero_init                   
000038c5  _system_pre_init                 
000038c8  NPI_SetAdvertisementDataMsg      
000038e9  NPI_GATTSetDeviceNameMsg         
00003901  NPI_AddCharDescriptor2           
00003916  NPI_StartAdvertisement           
0000392a  NPI_StartAdvertisementMsg        
0000393e  NPI_AddCharDescriptor4           
00003951  NPI_AddCharDescriptor1           
00003962  NPI_AddCharDescriptor3           
00003973  NPI_SetAdvertisement1            
00003984  NPI_SetAdvertisementMsg          
00003995  NPI_AddCharValue1                
000039a3  NPI_AddCharValue2                
000039b1  NPI_AddCharValue3                
000039bf  NPI_AddCharValue4                
000039cd  HCI_EXT_ResetSystemCmd           
000039d6  NPI_AddServiceMsg                
000039df  NPI_GetStatus                    
000039e5  NPI_GetStatusMsg                 
000039eb  NPI_GetVersion                   
000039f1  NPI_GetVersionMsg                
000039f7  NPI_Register                     
000039fd  NPI_RegisterMsg                  
00003b38  __TI_Handler_Table_Base          
00003b44  __TI_Handler_Table_Limit         
00003b50  __TI_CINIT_Base                  
00003b60  __TI_CINIT_Limit                 
20000000  __CIOBUF_                        
20000120  RxFIFO                           
20000220  CharacteristicList               
200002c0  __TI_tmpnams                     
20000360  RecvBuf                          
200003e0  NotifyCharacteristicList         
20000438  Messageb                         
20000440  Messageindexb                    
20000444  NoSOFErr                         
20000448  RxFifoLost                       
2000044c  RxGetI                           
20000450  RxPutI                           
20000454  TimeOutErr                       
20000458  fcserr                           
2000045c  CCCDhandle                       
2000045e  CCCDvalue                        
20000460  Handle1                          
20000462  Handle2                          
20000464  Handle3                          
20000466  Handle4                          
20000468  Count                            
20000469  Data                             
20000470  _sys_memory                      
20000870  _ftable                          
20000a30  NPI_SetAdvertisementData         
20000a55  NPI_AddCharDescriptor            
20000a75  NPI_SetAdvertisementDataJacki    
20000a93  NPI_GATTSetDeviceName            
20000ab0  ClockFrequency                   
20000ab4  Prewait                          
20000ab8  CPMwait                          
20000abc  Postwait                         
20000ac0  IFlags                           
20000ac4  Crystalstable                    
20000ac8  NPI_GATTSetDeviceNameJacki       
20000add  NPI_ReadConfirmation             
20000af2  NPI_ReadConfirmationMsg          
20000b07  NPI_SendNotificationIndication   
20000b1b  NPI_SendNotificationIndicationMsg
20000b30  __TI_ft_end                      
20000b34  __aeabi_stdin                    
20000b38  __aeabi_stdout                   
20000b3c  __aeabi_stderr                   
20000b40  NPI_AddCharValue                 
20000b50  __TI_cleanup_ptr                 
20000b54  __TI_dtors_ptr                   
20000b58  __TI_enable_exit_profile_output  
20000b68  NPI_AddService                   
20000b71  NPI_CCCDUpdatedConfirmation      
20000b7a  NPI_CCCDUpdatedConfirmationMsg   
20000b83  NPI_WriteConfirmation            
20000b8c  NPI_WriteConfirmationMsg         
20000b98  _lock                            
20000b9c  _unlock                          
20000ba0  CharacteristicCount              
20000ba4  NotifyCharacteristicCount        
20000bac  main_func_sp                     
20000bb0  SystemCoreClock                  
2000fe00  __stack                          
20010000  __STACK_END                      
4000480c  WDTCTL_SYM                       
ffffffff  __TI_pprof_out_hndl              
ffffffff  __TI_prof_data_size              
ffffffff  __TI_prof_data_start             
ffffffff  __binit__                        
ffffffff  __c_args__                       
ffffffff  binit                            
UNDEFED   SHT$$INIT_ARRAY$$Base            
UNDEFED   SHT$$INIT_ARRAY$$Limit           

[295 symbols]
