******************************************************************************
                  TI ARM Linker PC v16.9.3                     
******************************************************************************
>> Linked Wed Jan 24 20:48:03 2018

OUTPUT FILE NAME:   <Lab14_EdgeInterrupts.out>
ENTRY POINT SYMBOL: "_c_int00"  address: 00002081


MEMORY CONFIGURATION

         name            origin    length      used     unused   attr    fill
----------------------  --------  ---------  --------  --------  ----  --------
  MAIN                  00000000   00040000  0000227a  0003dd86  R  X
  INFO                  00200000   00004000  00000000  00004000  R  X
  SRAM_CODE             01000000   00010000  00000257  0000fda9  RW X
  SRAM_DATA             20000000   00010000  00000257  0000fda9  RW  


SEGMENT ALLOCATION MAP

run origin  load origin   length   init length attrs members
----------  ----------- ---------- ----------- ----- -------
00000000    00000000    00002280   00002280    r-x
  00000000    00000000    000000e4   000000e4    r-- .intvecs
  000000e4    000000e4    0000210e   0000210e    r-x .text
  000021f4    000021f4    00000048   00000048    r-- .const
  00002240    00002240    00000040   00000040    r-- .cinit
20000000    20000000    00000057   00000000    rw-
  20000000    20000000    00000040   00000000    rw- .data
  20000040    20000040    00000017   00000000    rw- .bss
2000fe00    2000fe00    00000200   00000000    rw-
  2000fe00    2000fe00    00000200   00000000    rw- .stack


SECTION ALLOCATION MAP

 output                                  attributes/
section   page    origin      length       input sections
--------  ----  ----------  ----------   ----------------
.intvecs   0    00000000    000000e4     
                  00000000    000000e4     startup_msp432p401r_ccs.obj (.intvecs:retain)

.binit     0    00000000    00000000     

.text      0    000000e4    0000210e     
                  000000e4    000009e8     FlashProgram.obj (.text)
                  00000acc    00000630     TExaS.obj (.text)
                  000010fc    0000032c     system_msp432p401r.obj (.text)
                  00001428    00000258     Lab14_EdgeInterruptsmain.obj (.text)
                  00001680    00000228     PWM.obj (.text)
                  000018a8    000001e0     Clock.obj (.text)
                  00001a88    0000018c     Motor.obj (.text)
                  00001c14    000000f4     LaunchPad.obj (.text)
                  00001d08    000000e0     BumpInt.obj (.text)
                  00001de8    000000a8     TimerA1.obj (.text)
                  00001e90    0000009c     rtsv7M4_T_le_v4SPD16_eabi.lib : memcpy_t2.obj (.text)
                  00001f2c    0000007a                                   : memset_t2.obj (.text)
                  00001fa6    00000002                                   : mpu_init.obj (.text)
                  00001fa8    00000070                                   : autoinit.obj (.text)
                  00002018    00000068                                   : copy_decompress_lzss.obj (.text:decompress:lzss)
                  00002080    00000054                                   : boot.obj (.text)
                  000020d4    00000054                                   : exit.obj (.text)
                  00002128    0000004c                                   : cpy_tbl.obj (.text)
                  00002174    00000024     CortexM.obj (.text)
                  00002198    00000018     rtsv7M4_T_le_v4SPD16_eabi.lib : args_main.obj (.text)
                  000021b0    00000014                                   : _lock.obj (.text)
                  000021c4    0000000e                                   : copy_decompress_none.obj (.text:decompress:none)
                  000021d2    0000000e     startup_msp432p401r_ccs.obj (.text)
                  000021e0    0000000c     rtsv7M4_T_le_v4SPD16_eabi.lib : copy_zero_init.obj (.text:decompress:ZI)
                  000021ec    00000004                                   : pre_init.obj (.text)
                  000021f0    00000002                                   : startup.obj (.text)

.const     0    000021f4    00000048     
                  000021f4    00000048     Lab14_EdgeInterruptsmain.obj (.const:Rule)

.cinit     0    00002240    00000040     
                  00002240    00000017     (.cinit..data.load) [load image, compression = lzss]
                  00002257    00000001     --HOLE-- [fill = 0]
                  00002258    0000000c     (__TI_handler_table)
                  00002264    00000004     --HOLE-- [fill = 0]
                  00002268    00000008     (.cinit..bss.load) [load image, compression = zero_init]
                  00002270    00000010     (__TI_cinit_table)

.init_array 
*          0    00000000    00000000     UNINITIALIZED

.data      0    20000000    00000040     UNINITIALIZED
                  20000000    00000018     Clock.obj (.data)
                  20000018    0000000c     rtsv7M4_T_le_v4SPD16_eabi.lib : exit.obj (.data:$O1$$)
                  20000024    0000000c     TExaS.obj (.data)
                  20000030    00000008     rtsv7M4_T_le_v4SPD16_eabi.lib : _lock.obj (.data:$O1$$)
                  20000038    00000004                                   : stkdepth_vars.obj (.data)
                  2000003c    00000004     system_msp432p401r.obj (.data)

.bss       0    20000040    00000017     UNINITIALIZED
                  20000040    00000004     (.common:BumpTask)
                  20000044    00000004     (.common:PeriodicTask2)
                  20000048    00000004     (.common:Step)
                  2000004c    00000004     (.common:Time)
                  20000050    00000004     (.common:TimerA1Task)
                  20000054    00000001     (.common:CollisionData)
                  20000055    00000001     (.common:CollisionFlag)
                  20000056    00000001     (.common:LogicData)

.stack     0    2000fe00    00000200     UNINITIALIZED
                  2000fe00    00000200     --HOLE--

MODULE SUMMARY

       Module                         code   ro data   rw data
       ------                         ----   -------   -------
    .\
       FlashProgram.obj               2536   0         0      
       TExaS.obj                      1584   0         34     
       system_msp432p401r.obj         812    0         8      
       Lab14_EdgeInterruptsmain.obj   600    72        20     
       PWM.obj                        552    0         0      
       Clock.obj                      480    0         48     
       Motor.obj                      396    0         0      
       LaunchPad.obj                  244    0         0      
       startup_msp432p401r_ccs.obj    14     228       0      
       BumpInt.obj                    224    0         8      
       TimerA1.obj                    168    0         8      
       CortexM.obj                    36     0         0      
    +--+------------------------------+------+---------+---------+
       Total:                         7646   300       126    
                                                              
    C:\ti\ccsv7\tools\compiler\ti-cgt-arm_16.9.3.LTS\lib\rtsv7M4_T_le_v4SPD16_eabi.lib
       memcpy_t2.obj                  156    0         0      
       memset_t2.obj                  122    0         0      
       autoinit.obj                   112    0         0      
       exit.obj                       84     0         24     
       copy_decompress_lzss.obj       104    0         0      
       boot.obj                       84     0         0      
       cpy_tbl.obj                    76     0         0      
       _lock.obj                      20     0         16     
       args_main.obj                  24     0         0      
       copy_decompress_none.obj       14     0         0      
       copy_zero_init.obj             12     0         0      
       stkdepth_vars.obj              0      0         8      
       pre_init.obj                   4      0         0      
       mpu_init.obj                   2      0         0      
       startup.obj                    2      0         0      
    +--+------------------------------+------+---------+---------+
       Total:                         816    0         48     
                                                              
       Stack:                         0      0         1024   
       Linker Generated:              0      59        0      
    +--+------------------------------+------+---------+---------+
       Grand Total:                   8462   359       1198   


LINKER GENERATED COPY TABLES

__TI_cinit_table @ 00002270 records: 2, size/record: 8, table size: 16
	.data: load addr=00002240, load size=00000017 bytes, run addr=20000000, run size=00000040 bytes, compression=lzss
	.bss: load addr=00002268, load size=00000008 bytes, run addr=20000040, run size=00000017 bytes, compression=zero_init


LINKER GENERATED HANDLER TABLE

__TI_handler_table @ 00002258 records: 3, size/record: 4, table size: 12
	index: 0, handler: __TI_decompress_lzss
	index: 1, handler: __TI_decompress_none
	index: 2, handler: __TI_zero_init


GLOBAL SYMBOLS: SORTED ALPHABETICALLY BY Name 

address   name                           
-------   ----                           
000021df  ADC14_IRQHandler               
00000e5d  ADC_Init                       
000021df  AES256_IRQHandler              
00001d09  BumpInt_Init                   
20000040  BumpTask                       
00001d77  Bump_Read                      
000021df  BusFault_Handler               
000020d5  C$$EXIT                        
000021df  COMP_E0_IRQHandler             
000021df  COMP_E1_IRQHandler             
20000008  CPMwait                        
000021df  CS_IRQHandler                  
20000000  ClockFrequency                 
000019fd  Clock_Delay1ms                 
000019d3  Clock_Delay1us                 
000019bf  Clock_GetFreq                  
000018a9  Clock_Init48MHz                
000014e1  Collision                      
20000054  CollisionData                  
20000055  CollisionFlag                  
20000014  Crystalstable                  
000021df  DMA_ERR_IRQHandler             
000021df  DMA_INT0_IRQHandler            
000021df  DMA_INT1_IRQHandler            
000021df  DMA_INT2_IRQHandler            
000021df  DMA_INT3_IRQHandler            
000021df  DebugMon_Handler               
00001537  Debug_FlashInit                
00001593  Debug_FlashRecord              
000021df  Default_Handler                
00002175  DisableInterrupts              
000021df  EUSCIA0_IRQHandler             
000021df  EUSCIA1_IRQHandler             
000021df  EUSCIA2_IRQHandler             
000021df  EUSCIA3_IRQHandler             
000021df  EUSCIB0_IRQHandler             
000021df  EUSCIB1_IRQHandler             
000021df  EUSCIB2_IRQHandler             
000021df  EUSCIB3_IRQHandler             
0000217b  EnableInterrupts               
0000218b  EndCritical                    
000021df  FLCTL_IRQHandler               
000021df  FPU_IRQHandler                 
000008c9  Flash_Erase                    
0000040d  Flash_FastWrite                
00000187  Flash_Init                     
00000193  Flash_Write                    
000003a9  Flash_WriteArray               
00001429  HandleCollision                
000021df  HardFault_Handler              
20000010  IFlags                         
00001475  Interpreter                    
00001c15  LaunchPad_Init                 
00001c85  LaunchPad_Input                
00001c9f  LaunchPad_LED                  
00001cbd  LaunchPad_Output               
00000acd  LogicAnalyzer                  
00000ad7  LogicAnalyzer_P1               
00000bad  LogicAnalyzer_P10              
00000ae5  LogicAnalyzer_P2               
00000af3  LogicAnalyzer_P2_7654          
00000b03  LogicAnalyzer_P3               
00000b11  LogicAnalyzer_P4               
00000b2f  LogicAnalyzer_P4_765320        
00000b1f  LogicAnalyzer_P4_765432        
00000b67  LogicAnalyzer_P5               
00000b75  LogicAnalyzer_P6               
00000b83  LogicAnalyzer_P7               
00000b91  LogicAnalyzer_P8               
00000b9f  LogicAnalyzer_P9               
20000056  LogicData                      
000021df  MemManage_Handler              
00001bb7  Motor_Backward                 
00001aef  Motor_Forward                  
00001a89  Motor_Init                     
00001b71  Motor_Left                     
00001b2b  Motor_Right                    
00001adb  Motor_Stop                     
000021df  NMI_Handler                    
000021df  PCM_IRQHandler                 
000021df  PORT1_IRQHandler               
000021df  PORT2_IRQHandler               
000021df  PORT3_IRQHandler               
00001da3  PORT4_IRQHandler               
00001da3  PORT4_IRQHandler               
000021df  PORT5_IRQHandler               
000021df  PORT6_IRQHandler               
000021df  PSS_IRQHandler                 
0000176b  PWM_Duty1                      
0000178b  PWM_Duty2                      
0000182f  PWM_Duty3                      
0000184f  PWM_Duty4                      
00001681  PWM_Init1                      
000016e7  PWM_Init12                     
000017ab  PWM_Init34                     
000021df  PendSV_Handler                 
20000044  PeriodicTask2                  
00000c3f  PeriodicTask2_Init             
00000cb9  PeriodicTask2_Stop             
2000000c  Postwait                       
20000004  Prewait                        
000021df  RTC_C_IRQHandler               
000021d3  Reset_Handler                  
000021f4  Rule                           
UNDEFED   SHT$$INIT_ARRAY$$Base          
UNDEFED   SHT$$INIT_ARRAY$$Limit         
000021df  SVC_Handler                    
00000bbb  Scope                          
00002181  StartCritical                  
20000048  Step                           
000021df  SysTick_Handler                
2000003c  SystemCoreClock                
000010fd  SystemCoreClockUpdate          
00001371  SystemInit                     
00000ca9  T32_INT1_IRQHandler            
00000ca9  T32_INT1_IRQHandler            
000021df  T32_INT2_IRQHandler            
000021df  T32_INTC_IRQHandler            
000021df  TA0_0_IRQHandler               
000021df  TA0_N_IRQHandler               
00001e5b  TA1_0_IRQHandler               
00001e5b  TA1_0_IRQHandler               
000021df  TA1_N_IRQHandler               
000021df  TA2_0_IRQHandler               
000021df  TA2_N_IRQHandler               
000021df  TA3_0_IRQHandler               
000021df  TA3_N_IRQHandler               
00000dfb  TExaS_Clear0                   
00000e07  TExaS_Clear1                   
00000e13  TExaS_Clear2                   
00000e1f  TExaS_Clear3                   
00000e2b  TExaS_Clear4                   
00000e2d  TExaS_Clear5                   
00000e39  TExaS_Clear6                   
00000f39  TExaS_Init                     
20000028  TExaS_ScopeErrConflict         
20000024  TExaS_ScopeErrLostData         
2000002c  TExaS_ScopeWrnReconfig         
00000d99  TExaS_Set                      
00000db1  TExaS_Set0                     
00000dbd  TExaS_Set1                     
00000dc9  TExaS_Set2                     
00000dd5  TExaS_Set3                     
00000de1  TExaS_Set4                     
00000de3  TExaS_Set5                     
00000def  TExaS_Set6                     
00001099  TExaS_Stop                     
00000d4f  TExaS_Task0                    
00000d5b  TExaS_Task1                    
00000d67  TExaS_Task2                    
00000d73  TExaS_Task3                    
00000d7f  TExaS_Task4                    
00000d81  TExaS_Task5                    
00000d8d  TExaS_Task6                    
2000004c  Time                           
20000050  TimerA1Task                    
00001de9  TimerA1_Init                   
00001e47  TimerA1_Stop                   
00000d23  UART_InChar                    
00000cc9  UART_Init                      
00000d33  UART_OutChar                   
000021df  UsageFault_Handler             
4000480c  WDTCTL_SYM                     
000021df  WDT_A_IRQHandler               
00002193  WaitForInterrupt               
20010000  __STACK_END                    
00000200  __STACK_SIZE                   
00002270  __TI_CINIT_Base                
00002280  __TI_CINIT_Limit               
00002258  __TI_Handler_Table_Base        
00002264  __TI_Handler_Table_Limit       
00001fa9  __TI_auto_init                 
20000018  __TI_cleanup_ptr               
00002019  __TI_decompress_lzss           
000021c5  __TI_decompress_none           
2000001c  __TI_dtors_ptr                 
20000020  __TI_enable_exit_profile_output
ffffffff  __TI_pprof_out_hndl            
ffffffff  __TI_prof_data_size            
ffffffff  __TI_prof_data_start           
00000000  __TI_static_base__             
000021e1  __TI_zero_init                 
00001f2d  __aeabi_memclr                 
00001f2d  __aeabi_memclr4                
00001f2d  __aeabi_memclr8                
00001e91  __aeabi_memcpy                 
00001e91  __aeabi_memcpy4                
00001e91  __aeabi_memcpy8                
00001f2f  __aeabi_memset                 
00001f2f  __aeabi_memset4                
00001f2f  __aeabi_memset8                
ffffffff  __binit__                      
ffffffff  __c_args__                     
00001fa7  __mpu_init                     
2000fe00  __stack                        
00002199  _args_main                     
00002081  _c_int00                       
20000030  _lock                          
000021bf  _nop                           
000021b7  _register_lock                 
000021b1  _register_unlock               
000021f1  _system_post_cinit             
000021ed  _system_pre_init               
20000034  _unlock                        
000020d9  abort                          
ffffffff  binit                          
00002129  copy_in                        
000019c5  delay                          
000020e1  exit                           
00000000  interruptVectors               
000015c3  main                           
20000038  main_func_sp                   
00001443  mainreal                       
00001e91  memcpy                         
00001f35  memset                         


GLOBAL SYMBOLS: SORTED BY Symbol Address 

address   name                           
-------   ----                           
00000000  __TI_static_base__             
00000000  interruptVectors               
00000187  Flash_Init                     
00000193  Flash_Write                    
00000200  __STACK_SIZE                   
000003a9  Flash_WriteArray               
0000040d  Flash_FastWrite                
000008c9  Flash_Erase                    
00000acd  LogicAnalyzer                  
00000ad7  LogicAnalyzer_P1               
00000ae5  LogicAnalyzer_P2               
00000af3  LogicAnalyzer_P2_7654          
00000b03  LogicAnalyzer_P3               
00000b11  LogicAnalyzer_P4               
00000b1f  LogicAnalyzer_P4_765432        
00000b2f  LogicAnalyzer_P4_765320        
00000b67  LogicAnalyzer_P5               
00000b75  LogicAnalyzer_P6               
00000b83  LogicAnalyzer_P7               
00000b91  LogicAnalyzer_P8               
00000b9f  LogicAnalyzer_P9               
00000bad  LogicAnalyzer_P10              
00000bbb  Scope                          
00000c3f  PeriodicTask2_Init             
00000ca9  T32_INT1_IRQHandler            
00000ca9  T32_INT1_IRQHandler            
00000cb9  PeriodicTask2_Stop             
00000cc9  UART_Init                      
00000d23  UART_InChar                    
00000d33  UART_OutChar                   
00000d4f  TExaS_Task0                    
00000d5b  TExaS_Task1                    
00000d67  TExaS_Task2                    
00000d73  TExaS_Task3                    
00000d7f  TExaS_Task4                    
00000d81  TExaS_Task5                    
00000d8d  TExaS_Task6                    
00000d99  TExaS_Set                      
00000db1  TExaS_Set0                     
00000dbd  TExaS_Set1                     
00000dc9  TExaS_Set2                     
00000dd5  TExaS_Set3                     
00000de1  TExaS_Set4                     
00000de3  TExaS_Set5                     
00000def  TExaS_Set6                     
00000dfb  TExaS_Clear0                   
00000e07  TExaS_Clear1                   
00000e13  TExaS_Clear2                   
00000e1f  TExaS_Clear3                   
00000e2b  TExaS_Clear4                   
00000e2d  TExaS_Clear5                   
00000e39  TExaS_Clear6                   
00000e5d  ADC_Init                       
00000f39  TExaS_Init                     
00001099  TExaS_Stop                     
000010fd  SystemCoreClockUpdate          
00001371  SystemInit                     
00001429  HandleCollision                
00001443  mainreal                       
00001475  Interpreter                    
000014e1  Collision                      
00001537  Debug_FlashInit                
00001593  Debug_FlashRecord              
000015c3  main                           
00001681  PWM_Init1                      
000016e7  PWM_Init12                     
0000176b  PWM_Duty1                      
0000178b  PWM_Duty2                      
000017ab  PWM_Init34                     
0000182f  PWM_Duty3                      
0000184f  PWM_Duty4                      
000018a9  Clock_Init48MHz                
000019bf  Clock_GetFreq                  
000019c5  delay                          
000019d3  Clock_Delay1us                 
000019fd  Clock_Delay1ms                 
00001a89  Motor_Init                     
00001adb  Motor_Stop                     
00001aef  Motor_Forward                  
00001b2b  Motor_Right                    
00001b71  Motor_Left                     
00001bb7  Motor_Backward                 
00001c15  LaunchPad_Init                 
00001c85  LaunchPad_Input                
00001c9f  LaunchPad_LED                  
00001cbd  LaunchPad_Output               
00001d09  BumpInt_Init                   
00001d77  Bump_Read                      
00001da3  PORT4_IRQHandler               
00001da3  PORT4_IRQHandler               
00001de9  TimerA1_Init                   
00001e47  TimerA1_Stop                   
00001e5b  TA1_0_IRQHandler               
00001e5b  TA1_0_IRQHandler               
00001e91  __aeabi_memcpy                 
00001e91  __aeabi_memcpy4                
00001e91  __aeabi_memcpy8                
00001e91  memcpy                         
00001f2d  __aeabi_memclr                 
00001f2d  __aeabi_memclr4                
00001f2d  __aeabi_memclr8                
00001f2f  __aeabi_memset                 
00001f2f  __aeabi_memset4                
00001f2f  __aeabi_memset8                
00001f35  memset                         
00001fa7  __mpu_init                     
00001fa9  __TI_auto_init                 
00002019  __TI_decompress_lzss           
00002081  _c_int00                       
000020d5  C$$EXIT                        
000020d9  abort                          
000020e1  exit                           
00002129  copy_in                        
00002175  DisableInterrupts              
0000217b  EnableInterrupts               
00002181  StartCritical                  
0000218b  EndCritical                    
00002193  WaitForInterrupt               
00002199  _args_main                     
000021b1  _register_unlock               
000021b7  _register_lock                 
000021bf  _nop                           
000021c5  __TI_decompress_none           
000021d3  Reset_Handler                  
000021df  ADC14_IRQHandler               
000021df  AES256_IRQHandler              
000021df  BusFault_Handler               
000021df  COMP_E0_IRQHandler             
000021df  COMP_E1_IRQHandler             
000021df  CS_IRQHandler                  
000021df  DMA_ERR_IRQHandler             
000021df  DMA_INT0_IRQHandler            
000021df  DMA_INT1_IRQHandler            
000021df  DMA_INT2_IRQHandler            
000021df  DMA_INT3_IRQHandler            
000021df  DebugMon_Handler               
000021df  Default_Handler                
000021df  EUSCIA0_IRQHandler             
000021df  EUSCIA1_IRQHandler             
000021df  EUSCIA2_IRQHandler             
000021df  EUSCIA3_IRQHandler             
000021df  EUSCIB0_IRQHandler             
000021df  EUSCIB1_IRQHandler             
000021df  EUSCIB2_IRQHandler             
000021df  EUSCIB3_IRQHandler             
000021df  FLCTL_IRQHandler               
000021df  FPU_IRQHandler                 
000021df  HardFault_Handler              
000021df  MemManage_Handler              
000021df  NMI_Handler                    
000021df  PCM_IRQHandler                 
000021df  PORT1_IRQHandler               
000021df  PORT2_IRQHandler               
000021df  PORT3_IRQHandler               
000021df  PORT5_IRQHandler               
000021df  PORT6_IRQHandler               
000021df  PSS_IRQHandler                 
000021df  PendSV_Handler                 
000021df  RTC_C_IRQHandler               
000021df  SVC_Handler                    
000021df  SysTick_Handler                
000021df  T32_INT2_IRQHandler            
000021df  T32_INTC_IRQHandler            
000021df  TA0_0_IRQHandler               
000021df  TA0_N_IRQHandler               
000021df  TA1_N_IRQHandler               
000021df  TA2_0_IRQHandler               
000021df  TA2_N_IRQHandler               
000021df  TA3_0_IRQHandler               
000021df  TA3_N_IRQHandler               
000021df  UsageFault_Handler             
000021df  WDT_A_IRQHandler               
000021e1  __TI_zero_init                 
000021ed  _system_pre_init               
000021f1  _system_post_cinit             
000021f4  Rule                           
00002258  __TI_Handler_Table_Base        
00002264  __TI_Handler_Table_Limit       
00002270  __TI_CINIT_Base                
00002280  __TI_CINIT_Limit               
20000000  ClockFrequency                 
20000004  Prewait                        
20000008  CPMwait                        
2000000c  Postwait                       
20000010  IFlags                         
20000014  Crystalstable                  
20000018  __TI_cleanup_ptr               
2000001c  __TI_dtors_ptr                 
20000020  __TI_enable_exit_profile_output
20000024  TExaS_ScopeErrLostData         
20000028  TExaS_ScopeErrConflict         
2000002c  TExaS_ScopeWrnReconfig         
20000030  _lock                          
20000034  _unlock                        
20000038  main_func_sp                   
2000003c  SystemCoreClock                
20000040  BumpTask                       
20000044  PeriodicTask2                  
20000048  Step                           
2000004c  Time                           
20000050  TimerA1Task                    
20000054  CollisionData                  
20000055  CollisionFlag                  
20000056  LogicData                      
2000fe00  __stack                        
20010000  __STACK_END                    
4000480c  WDTCTL_SYM                     
ffffffff  __TI_pprof_out_hndl            
ffffffff  __TI_prof_data_size            
ffffffff  __TI_prof_data_start           
ffffffff  __binit__                      
ffffffff  __c_args__                     
ffffffff  binit                          
UNDEFED   SHT$$INIT_ARRAY$$Base          
UNDEFED   SHT$$INIT_ARRAY$$Limit         

[215 symbols]
