<?xml version="1.0"?>
<link_info>
   <banner>TI ARM Linker PC v16.9.4.LTS</banner>
   <copyright>Copyright (c) 1996-2017 Texas Instruments Incorporated</copyright>
   <link_time>0x5a6945d0</link_time>
   <link_errors>0x0</link_errors>
   <output_file>Lab18_UART.out</output_file>
   <entry_point>
      <name>_c_int00</name>
      <address>0x370d</address>
   </entry_point>
   <input_file_list>
      <input_file id="fl-2">
         <path>.\</path>
         <kind>object</kind>
         <file>Bump.obj</file>
         <name>Bump.obj</name>
      </input_file>
      <input_file id="fl-3">
         <path>.\</path>
         <kind>object</kind>
         <file>Clock.obj</file>
         <name>Clock.obj</name>
      </input_file>
      <input_file id="fl-4">
         <path>.\</path>
         <kind>object</kind>
         <file>CortexM.obj</file>
         <name>CortexM.obj</name>
      </input_file>
      <input_file id="fl-5">
         <path>.\</path>
         <kind>object</kind>
         <file>EUSCIA0.obj</file>
         <name>EUSCIA0.obj</name>
      </input_file>
      <input_file id="fl-6">
         <path>.\</path>
         <kind>object</kind>
         <file>FIFO0.obj</file>
         <name>FIFO0.obj</name>
      </input_file>
      <input_file id="fl-7">
         <path>.\</path>
         <kind>object</kind>
         <file>Lab18_UARTmain.obj</file>
         <name>Lab18_UARTmain.obj</name>
      </input_file>
      <input_file id="fl-8">
         <path>.\</path>
         <kind>object</kind>
         <file>LaunchPad.obj</file>
         <name>LaunchPad.obj</name>
      </input_file>
      <input_file id="fl-9">
         <path>.\</path>
         <kind>object</kind>
         <file>Motor.obj</file>
         <name>Motor.obj</name>
      </input_file>
      <input_file id="fl-a">
         <path>.\</path>
         <kind>object</kind>
         <file>PWM.obj</file>
         <name>PWM.obj</name>
      </input_file>
      <input_file id="fl-b">
         <path>.\</path>
         <kind>object</kind>
         <file>SysTick.obj</file>
         <name>SysTick.obj</name>
      </input_file>
      <input_file id="fl-c">
         <path>.\</path>
         <kind>object</kind>
         <file>TimerA1.obj</file>
         <name>TimerA1.obj</name>
      </input_file>
      <input_file id="fl-d">
         <path>.\</path>
         <kind>object</kind>
         <file>UART0.obj</file>
         <name>UART0.obj</name>
      </input_file>
      <input_file id="fl-e">
         <path>.\</path>
         <kind>object</kind>
         <file>startup_msp432p401r_ccs.obj</file>
         <name>startup_msp432p401r_ccs.obj</name>
      </input_file>
      <input_file id="fl-f">
         <path>.\</path>
         <kind>object</kind>
         <file>system_msp432p401r.obj</file>
         <name>system_msp432p401r.obj</name>
      </input_file>
      <input_file id="fl-13">
         <kind>object</kind>
         <file>&lt;internal&gt;</file>
         <name>&lt;internal&gt;</name>
      </input_file>
      <input_file id="fl-c9">
         <path>C:\ti\ccsv7\tools\compiler\ti-cgt-arm_16.9.4.LTS\lib\</path>
         <kind>archive</kind>
         <file>rtsv7M4_T_le_v4SPD16_eabi.lib</file>
         <name>add_device.obj</name>
      </input_file>
      <input_file id="fl-ca">
         <path>C:\ti\ccsv7\tools\compiler\ti-cgt-arm_16.9.4.LTS\lib\</path>
         <kind>archive</kind>
         <file>rtsv7M4_T_le_v4SPD16_eabi.lib</file>
         <name>boot.obj</name>
      </input_file>
      <input_file id="fl-cb">
         <path>C:\ti\ccsv7\tools\compiler\ti-cgt-arm_16.9.4.LTS\lib\</path>
         <kind>archive</kind>
         <file>rtsv7M4_T_le_v4SPD16_eabi.lib</file>
         <name>copy_decompress_lzss.obj</name>
      </input_file>
      <input_file id="fl-cc">
         <path>C:\ti\ccsv7\tools\compiler\ti-cgt-arm_16.9.4.LTS\lib\</path>
         <kind>archive</kind>
         <file>rtsv7M4_T_le_v4SPD16_eabi.lib</file>
         <name>copy_decompress_none.obj</name>
      </input_file>
      <input_file id="fl-cd">
         <path>C:\ti\ccsv7\tools\compiler\ti-cgt-arm_16.9.4.LTS\lib\</path>
         <kind>archive</kind>
         <file>rtsv7M4_T_le_v4SPD16_eabi.lib</file>
         <name>copy_zero_init.obj</name>
      </input_file>
      <input_file id="fl-ce">
         <path>C:\ti\ccsv7\tools\compiler\ti-cgt-arm_16.9.4.LTS\lib\</path>
         <kind>archive</kind>
         <file>rtsv7M4_T_le_v4SPD16_eabi.lib</file>
         <name>defs.obj</name>
      </input_file>
      <input_file id="fl-cf">
         <path>C:\ti\ccsv7\tools\compiler\ti-cgt-arm_16.9.4.LTS\lib\</path>
         <kind>archive</kind>
         <file>rtsv7M4_T_le_v4SPD16_eabi.lib</file>
         <name>exit.obj</name>
      </input_file>
      <input_file id="fl-d0">
         <path>C:\ti\ccsv7\tools\compiler\ti-cgt-arm_16.9.4.LTS\lib\</path>
         <kind>archive</kind>
         <file>rtsv7M4_T_le_v4SPD16_eabi.lib</file>
         <name>fopen.obj</name>
      </input_file>
      <input_file id="fl-d1">
         <path>C:\ti\ccsv7\tools\compiler\ti-cgt-arm_16.9.4.LTS\lib\</path>
         <kind>archive</kind>
         <file>rtsv7M4_T_le_v4SPD16_eabi.lib</file>
         <name>getdevice.obj</name>
      </input_file>
      <input_file id="fl-d2">
         <path>C:\ti\ccsv7\tools\compiler\ti-cgt-arm_16.9.4.LTS\lib\</path>
         <kind>archive</kind>
         <file>rtsv7M4_T_le_v4SPD16_eabi.lib</file>
         <name>memcpy_t2.obj</name>
      </input_file>
      <input_file id="fl-d3">
         <path>C:\ti\ccsv7\tools\compiler\ti-cgt-arm_16.9.4.LTS\lib\</path>
         <kind>archive</kind>
         <file>rtsv7M4_T_le_v4SPD16_eabi.lib</file>
         <name>memset_t2.obj</name>
      </input_file>
      <input_file id="fl-d4">
         <path>C:\ti\ccsv7\tools\compiler\ti-cgt-arm_16.9.4.LTS\lib\</path>
         <kind>archive</kind>
         <file>rtsv7M4_T_le_v4SPD16_eabi.lib</file>
         <name>mpu_init.obj</name>
      </input_file>
      <input_file id="fl-d5">
         <path>C:\ti\ccsv7\tools\compiler\ti-cgt-arm_16.9.4.LTS\lib\</path>
         <kind>archive</kind>
         <file>rtsv7M4_T_le_v4SPD16_eabi.lib</file>
         <name>open.obj</name>
      </input_file>
      <input_file id="fl-d6">
         <path>C:\ti\ccsv7\tools\compiler\ti-cgt-arm_16.9.4.LTS\lib\</path>
         <kind>archive</kind>
         <file>rtsv7M4_T_le_v4SPD16_eabi.lib</file>
         <name>pre_init.obj</name>
      </input_file>
      <input_file id="fl-d7">
         <path>C:\ti\ccsv7\tools\compiler\ti-cgt-arm_16.9.4.LTS\lib\</path>
         <kind>archive</kind>
         <file>rtsv7M4_T_le_v4SPD16_eabi.lib</file>
         <name>setvbuf.obj</name>
      </input_file>
      <input_file id="fl-d8">
         <path>C:\ti\ccsv7\tools\compiler\ti-cgt-arm_16.9.4.LTS\lib\</path>
         <kind>archive</kind>
         <file>rtsv7M4_T_le_v4SPD16_eabi.lib</file>
         <name>stkdepth_vars.obj</name>
      </input_file>
      <input_file id="fl-d9">
         <path>C:\ti\ccsv7\tools\compiler\ti-cgt-arm_16.9.4.LTS\lib\</path>
         <kind>archive</kind>
         <file>rtsv7M4_T_le_v4SPD16_eabi.lib</file>
         <name>strchr.obj</name>
      </input_file>
      <input_file id="fl-da">
         <path>C:\ti\ccsv7\tools\compiler\ti-cgt-arm_16.9.4.LTS\lib\</path>
         <kind>archive</kind>
         <file>rtsv7M4_T_le_v4SPD16_eabi.lib</file>
         <name>strcmp.obj</name>
      </input_file>
      <input_file id="fl-db">
         <path>C:\ti\ccsv7\tools\compiler\ti-cgt-arm_16.9.4.LTS\lib\</path>
         <kind>archive</kind>
         <file>rtsv7M4_T_le_v4SPD16_eabi.lib</file>
         <name>strncpy.obj</name>
      </input_file>
      <input_file id="fl-dc">
         <path>C:\ti\ccsv7\tools\compiler\ti-cgt-arm_16.9.4.LTS\lib\</path>
         <kind>archive</kind>
         <file>rtsv7M4_T_le_v4SPD16_eabi.lib</file>
         <name>write.obj</name>
      </input_file>
      <input_file id="fl-dd">
         <path>C:\ti\ccsv7\tools\compiler\ti-cgt-arm_16.9.4.LTS\lib\</path>
         <kind>archive</kind>
         <file>rtsv7M4_T_le_v4SPD16_eabi.lib</file>
         <name>_lock.obj</name>
      </input_file>
      <input_file id="fl-de">
         <path>C:\ti\ccsv7\tools\compiler\ti-cgt-arm_16.9.4.LTS\lib\</path>
         <kind>archive</kind>
         <file>rtsv7M4_T_le_v4SPD16_eabi.lib</file>
         <name>args_main.obj</name>
      </input_file>
      <input_file id="fl-df">
         <path>C:\ti\ccsv7\tools\compiler\ti-cgt-arm_16.9.4.LTS\lib\</path>
         <kind>archive</kind>
         <file>rtsv7M4_T_le_v4SPD16_eabi.lib</file>
         <name>autoinit.obj</name>
      </input_file>
      <input_file id="fl-e0">
         <path>C:\ti\ccsv7\tools\compiler\ti-cgt-arm_16.9.4.LTS\lib\</path>
         <kind>archive</kind>
         <file>rtsv7M4_T_le_v4SPD16_eabi.lib</file>
         <name>cpy_tbl.obj</name>
      </input_file>
      <input_file id="fl-e1">
         <path>C:\ti\ccsv7\tools\compiler\ti-cgt-arm_16.9.4.LTS\lib\</path>
         <kind>archive</kind>
         <file>rtsv7M4_T_le_v4SPD16_eabi.lib</file>
         <name>fclose.obj</name>
      </input_file>
      <input_file id="fl-e2">
         <path>C:\ti\ccsv7\tools\compiler\ti-cgt-arm_16.9.4.LTS\lib\</path>
         <kind>archive</kind>
         <file>rtsv7M4_T_le_v4SPD16_eabi.lib</file>
         <name>fflush.obj</name>
      </input_file>
      <input_file id="fl-e3">
         <path>C:\ti\ccsv7\tools\compiler\ti-cgt-arm_16.9.4.LTS\lib\</path>
         <kind>archive</kind>
         <file>rtsv7M4_T_le_v4SPD16_eabi.lib</file>
         <name>hostclose.obj</name>
      </input_file>
      <input_file id="fl-e4">
         <path>C:\ti\ccsv7\tools\compiler\ti-cgt-arm_16.9.4.LTS\lib\</path>
         <kind>archive</kind>
         <file>rtsv7M4_T_le_v4SPD16_eabi.lib</file>
         <name>hostlseek.obj</name>
      </input_file>
      <input_file id="fl-e5">
         <path>C:\ti\ccsv7\tools\compiler\ti-cgt-arm_16.9.4.LTS\lib\</path>
         <kind>archive</kind>
         <file>rtsv7M4_T_le_v4SPD16_eabi.lib</file>
         <name>hostopen.obj</name>
      </input_file>
      <input_file id="fl-e6">
         <path>C:\ti\ccsv7\tools\compiler\ti-cgt-arm_16.9.4.LTS\lib\</path>
         <kind>archive</kind>
         <file>rtsv7M4_T_le_v4SPD16_eabi.lib</file>
         <name>hostread.obj</name>
      </input_file>
      <input_file id="fl-e7">
         <path>C:\ti\ccsv7\tools\compiler\ti-cgt-arm_16.9.4.LTS\lib\</path>
         <kind>archive</kind>
         <file>rtsv7M4_T_le_v4SPD16_eabi.lib</file>
         <name>hostrename.obj</name>
      </input_file>
      <input_file id="fl-e8">
         <path>C:\ti\ccsv7\tools\compiler\ti-cgt-arm_16.9.4.LTS\lib\</path>
         <kind>archive</kind>
         <file>rtsv7M4_T_le_v4SPD16_eabi.lib</file>
         <name>hostunlink.obj</name>
      </input_file>
      <input_file id="fl-e9">
         <path>C:\ti\ccsv7\tools\compiler\ti-cgt-arm_16.9.4.LTS\lib\</path>
         <kind>archive</kind>
         <file>rtsv7M4_T_le_v4SPD16_eabi.lib</file>
         <name>hostwrite.obj</name>
      </input_file>
      <input_file id="fl-ea">
         <path>C:\ti\ccsv7\tools\compiler\ti-cgt-arm_16.9.4.LTS\lib\</path>
         <kind>archive</kind>
         <file>rtsv7M4_T_le_v4SPD16_eabi.lib</file>
         <name>memory.obj</name>
      </input_file>
      <input_file id="fl-eb">
         <path>C:\ti\ccsv7\tools\compiler\ti-cgt-arm_16.9.4.LTS\lib\</path>
         <kind>archive</kind>
         <file>rtsv7M4_T_le_v4SPD16_eabi.lib</file>
         <name>remove.obj</name>
      </input_file>
      <input_file id="fl-ec">
         <path>C:\ti\ccsv7\tools\compiler\ti-cgt-arm_16.9.4.LTS\lib\</path>
         <kind>archive</kind>
         <file>rtsv7M4_T_le_v4SPD16_eabi.lib</file>
         <name>startup.obj</name>
      </input_file>
      <input_file id="fl-ed">
         <path>C:\ti\ccsv7\tools\compiler\ti-cgt-arm_16.9.4.LTS\lib\</path>
         <kind>archive</kind>
         <file>rtsv7M4_T_le_v4SPD16_eabi.lib</file>
         <name>strcpy.obj</name>
      </input_file>
      <input_file id="fl-ee">
         <path>C:\ti\ccsv7\tools\compiler\ti-cgt-arm_16.9.4.LTS\lib\</path>
         <kind>archive</kind>
         <file>rtsv7M4_T_le_v4SPD16_eabi.lib</file>
         <name>strlen.obj</name>
      </input_file>
      <input_file id="fl-ef">
         <path>C:\ti\ccsv7\tools\compiler\ti-cgt-arm_16.9.4.LTS\lib\</path>
         <kind>archive</kind>
         <file>rtsv7M4_T_le_v4SPD16_eabi.lib</file>
         <name>trgmsg.obj</name>
      </input_file>
      <input_file id="fl-f0">
         <path>C:\ti\ccsv7\tools\compiler\ti-cgt-arm_16.9.4.LTS\lib\</path>
         <kind>archive</kind>
         <file>rtsv7M4_T_le_v4SPD16_eabi.lib</file>
         <name>unlink.obj</name>
      </input_file>
      <input_file id="fl-f1">
         <path>C:\ti\ccsv7\tools\compiler\ti-cgt-arm_16.9.4.LTS\lib\</path>
         <kind>archive</kind>
         <file>rtsv7M4_T_le_v4SPD16_eabi.lib</file>
         <name>close.obj</name>
      </input_file>
   </input_file_list>
   <object_component_list>
      <object_component id="oc-2c">
         <name>.intvecs:retain</name>
         <load_address>0x0</load_address>
         <run_address>0x0</run_address>
         <size>0xe4</size>
         <input_file_ref idref="fl-e"/>
      </object_component>
      <object_component id="oc-b7">
         <name>.text</name>
         <load_address>0xe4</load_address>
         <run_address>0xe4</run_address>
         <size>0xeb4</size>
         <input_file_ref idref="fl-7"/>
      </object_component>
      <object_component id="oc-110">
         <name>.text</name>
         <load_address>0xf98</load_address>
         <run_address>0xf98</run_address>
         <size>0x6bc</size>
         <input_file_ref idref="fl-d"/>
      </object_component>
      <object_component id="oc-84">
         <name>.text</name>
         <load_address>0x1654</load_address>
         <run_address>0x1654</run_address>
         <size>0x5b6</size>
         <input_file_ref idref="fl-5"/>
      </object_component>
      <object_component id="oc-56">
         <name>.text</name>
         <load_address>0x1c0a</load_address>
         <run_address>0x1c0a</run_address>
         <size>0x2</size>
         <input_file_ref idref="fl-d4"/>
      </object_component>
      <object_component id="oc-1ff">
         <name>.text</name>
         <load_address>0x1c0c</load_address>
         <run_address>0x1c0c</run_address>
         <size>0x3d0</size>
         <input_file_ref idref="fl-ea"/>
      </object_component>
      <object_component id="oc-ca">
         <name>.text</name>
         <load_address>0x1fdc</load_address>
         <run_address>0x1fdc</run_address>
         <size>0x32c</size>
         <input_file_ref idref="fl-f"/>
      </object_component>
      <object_component id="oc-1ba">
         <name>.text</name>
         <load_address>0x2308</load_address>
         <run_address>0x2308</run_address>
         <size>0x228</size>
         <input_file_ref idref="fl-a"/>
      </object_component>
      <object_component id="oc-104">
         <name>.text</name>
         <load_address>0x2530</load_address>
         <run_address>0x2530</run_address>
         <size>0x1e0</size>
         <input_file_ref idref="fl-3"/>
      </object_component>
      <object_component id="oc-19a">
         <name>.text</name>
         <load_address>0x2710</load_address>
         <run_address>0x2710</run_address>
         <size>0x1c4</size>
         <input_file_ref idref="fl-d0"/>
      </object_component>
      <object_component id="oc-130">
         <name>.text</name>
         <load_address>0x28d4</load_address>
         <run_address>0x28d4</run_address>
         <size>0x18c</size>
         <input_file_ref idref="fl-9"/>
      </object_component>
      <object_component id="oc-da">
         <name>.text</name>
         <load_address>0x2a60</load_address>
         <run_address>0x2a60</run_address>
         <size>0x174</size>
         <input_file_ref idref="fl-6"/>
      </object_component>
      <object_component id="oc-136">
         <name>.text</name>
         <load_address>0x2bd4</load_address>
         <run_address>0x2bd4</run_address>
         <size>0xf4</size>
         <input_file_ref idref="fl-8"/>
      </object_component>
      <object_component id="oc-1a0">
         <name>.text</name>
         <load_address>0x2cc8</load_address>
         <run_address>0x2cc8</run_address>
         <size>0xdc</size>
         <input_file_ref idref="fl-d7"/>
      </object_component>
      <object_component id="oc-25e">
         <name>.text</name>
         <load_address>0x2da4</load_address>
         <run_address>0x2da4</run_address>
         <size>0xc8</size>
         <input_file_ref idref="fl-e2"/>
      </object_component>
      <object_component id="oc-1ed">
         <name>.text</name>
         <load_address>0x2e6c</load_address>
         <run_address>0x2e6c</run_address>
         <size>0xbc</size>
         <input_file_ref idref="fl-d5"/>
      </object_component>
      <object_component id="oc-194">
         <name>.text</name>
         <load_address>0x2f28</load_address>
         <run_address>0x2f28</run_address>
         <size>0xb8</size>
         <input_file_ref idref="fl-c9"/>
      </object_component>
      <object_component id="oc-7e">
         <name>.text</name>
         <load_address>0x2fe0</load_address>
         <run_address>0x2fe0</run_address>
         <size>0xa8</size>
         <input_file_ref idref="fl-c"/>
      </object_component>
      <object_component id="oc-3e">
         <name>.text</name>
         <load_address>0x3088</load_address>
         <run_address>0x3088</run_address>
         <size>0x9c</size>
         <input_file_ref idref="fl-d2"/>
      </object_component>
      <object_component id="oc-1f3">
         <name>.text</name>
         <load_address>0x3124</load_address>
         <run_address>0x3124</run_address>
         <size>0x98</size>
         <input_file_ref idref="fl-e1"/>
      </object_component>
      <object_component id="oc-4a">
         <name>.text</name>
         <load_address>0x31bc</load_address>
         <run_address>0x31bc</run_address>
         <size>0x7a</size>
         <input_file_ref idref="fl-d3"/>
      </object_component>
      <object_component id="oc-af">
         <name>.text</name>
         <load_address>0x3236</load_address>
         <run_address>0x3236</run_address>
         <size>0x2</size>
         <input_file_ref idref="fl-ec"/>
      </object_component>
      <object_component id="oc-12a">
         <name>.text</name>
         <load_address>0x3238</load_address>
         <run_address>0x3238</run_address>
         <size>0x78</size>
         <input_file_ref idref="fl-2"/>
      </object_component>
      <object_component id="oc-62">
         <name>.text</name>
         <load_address>0x32b0</load_address>
         <run_address>0x32b0</run_address>
         <size>0x70</size>
         <input_file_ref idref="fl-df"/>
      </object_component>
      <object_component id="oc-1db">
         <name>.text</name>
         <load_address>0x3320</load_address>
         <run_address>0x3320</run_address>
         <size>0x70</size>
         <input_file_ref idref="fl-d1"/>
      </object_component>
      <object_component id="oc-116">
         <name>.text</name>
         <load_address>0x3390</load_address>
         <run_address>0x3390</run_address>
         <size>0x6c</size>
         <input_file_ref idref="fl-b"/>
      </object_component>
      <object_component id="oc-243">
         <name>.text</name>
         <load_address>0x33fc</load_address>
         <run_address>0x33fc</run_address>
         <size>0x6c</size>
         <input_file_ref idref="fl-e7"/>
      </object_component>
      <object_component id="oc-14">
         <name>.text:decompress:lzss</name>
         <load_address>0x3468</load_address>
         <run_address>0x3468</run_address>
         <size>0x68</size>
         <input_file_ref idref="fl-cb"/>
      </object_component>
      <object_component id="oc-237">
         <name>.text</name>
         <load_address>0x34d0</load_address>
         <run_address>0x34d0</run_address>
         <size>0x68</size>
         <input_file_ref idref="fl-e4"/>
      </object_component>
      <object_component id="oc-290">
         <name>.text</name>
         <load_address>0x3538</load_address>
         <run_address>0x3538</run_address>
         <size>0x68</size>
         <input_file_ref idref="fl-ef"/>
      </object_component>
      <object_component id="oc-21f">
         <name>.text</name>
         <load_address>0x35a0</load_address>
         <run_address>0x35a0</run_address>
         <size>0x60</size>
         <input_file_ref idref="fl-e5"/>
      </object_component>
      <object_component id="oc-264">
         <name>.text</name>
         <load_address>0x3600</load_address>
         <run_address>0x3600</run_address>
         <size>0x5c</size>
         <input_file_ref idref="fl-f1"/>
      </object_component>
      <object_component id="oc-22b">
         <name>.text</name>
         <load_address>0x365c</load_address>
         <run_address>0x365c</run_address>
         <size>0x58</size>
         <input_file_ref idref="fl-e6"/>
      </object_component>
      <object_component id="oc-231">
         <name>.text</name>
         <load_address>0x36b4</load_address>
         <run_address>0x36b4</run_address>
         <size>0x58</size>
         <input_file_ref idref="fl-e9"/>
      </object_component>
      <object_component id="oc-26">
         <name>.text</name>
         <load_address>0x370c</load_address>
         <run_address>0x370c</run_address>
         <size>0x54</size>
         <input_file_ref idref="fl-ca"/>
      </object_component>
      <object_component id="oc-6e">
         <name>.text</name>
         <load_address>0x3760</load_address>
         <run_address>0x3760</run_address>
         <size>0x54</size>
         <input_file_ref idref="fl-cf"/>
      </object_component>
      <object_component id="oc-a9">
         <name>.text</name>
         <load_address>0x37b4</load_address>
         <run_address>0x37b4</run_address>
         <size>0x4c</size>
         <input_file_ref idref="fl-e0"/>
      </object_component>
      <object_component id="oc-225">
         <name>.text</name>
         <load_address>0x3800</load_address>
         <run_address>0x3800</run_address>
         <size>0x44</size>
         <input_file_ref idref="fl-e3"/>
      </object_component>
      <object_component id="oc-23d">
         <name>.text</name>
         <load_address>0x3844</load_address>
         <run_address>0x3844</run_address>
         <size>0x44</size>
         <input_file_ref idref="fl-e8"/>
      </object_component>
      <object_component id="oc-1e1">
         <name>.text</name>
         <load_address>0x3888</load_address>
         <run_address>0x3888</run_address>
         <size>0x36</size>
         <input_file_ref idref="fl-db"/>
      </object_component>
      <object_component id="oc-26a">
         <name>.text</name>
         <load_address>0x38c0</load_address>
         <run_address>0x38c0</run_address>
         <size>0x2c</size>
         <input_file_ref idref="fl-f0"/>
      </object_component>
      <object_component id="oc-2b7">
         <name>.text</name>
         <load_address>0x38ec</load_address>
         <run_address>0x38ec</run_address>
         <size>0x28</size>
         <input_file_ref idref="fl-dc"/>
      </object_component>
      <object_component id="oc-10a">
         <name>.text</name>
         <load_address>0x3914</load_address>
         <run_address>0x3914</run_address>
         <size>0x24</size>
         <input_file_ref idref="fl-4"/>
      </object_component>
      <object_component id="oc-68">
         <name>.text</name>
         <load_address>0x3938</load_address>
         <run_address>0x3938</run_address>
         <size>0x18</size>
         <input_file_ref idref="fl-de"/>
      </object_component>
      <object_component id="oc-140">
         <name>.text</name>
         <load_address>0x3950</load_address>
         <run_address>0x3950</run_address>
         <size>0x18</size>
         <input_file_ref idref="fl-da"/>
      </object_component>
      <object_component id="oc-215">
         <name>.text</name>
         <load_address>0x3968</load_address>
         <run_address>0x3968</run_address>
         <size>0x16</size>
         <input_file_ref idref="fl-d9"/>
      </object_component>
      <object_component id="oc-153">
         <name>.text</name>
         <load_address>0x3980</load_address>
         <run_address>0x3980</run_address>
         <size>0x14</size>
         <input_file_ref idref="fl-dd"/>
      </object_component>
      <object_component id="oc-2a4">
         <name>.text</name>
         <load_address>0x3994</load_address>
         <run_address>0x3994</run_address>
         <size>0x14</size>
         <input_file_ref idref="fl-ed"/>
      </object_component>
      <object_component id="oc-28a">
         <name>.text</name>
         <load_address>0x39a8</load_address>
         <run_address>0x39a8</run_address>
         <size>0x14</size>
         <input_file_ref idref="fl-ee"/>
      </object_component>
      <object_component id="oc-1a">
         <name>.text:decompress:none</name>
         <load_address>0x39bc</load_address>
         <run_address>0x39bc</run_address>
         <size>0xe</size>
         <input_file_ref idref="fl-cc"/>
      </object_component>
      <object_component id="oc-78">
         <name>.text</name>
         <load_address>0x39ca</load_address>
         <run_address>0x39ca</run_address>
         <size>0xe</size>
         <input_file_ref idref="fl-e"/>
      </object_component>
      <object_component id="oc-20">
         <name>.text:decompress:ZI</name>
         <load_address>0x39d8</load_address>
         <run_address>0x39d8</run_address>
         <size>0xc</size>
         <input_file_ref idref="fl-cd"/>
      </object_component>
      <object_component id="oc-5c">
         <name>.text</name>
         <load_address>0x39e4</load_address>
         <run_address>0x39e4</run_address>
         <size>0x4</size>
         <input_file_ref idref="fl-d6"/>
      </object_component>
      <object_component id="oc-146">
         <name>.const:LL</name>
         <load_address>0x39e8</load_address>
         <run_address>0x39e8</run_address>
         <size>0x120</size>
         <input_file_ref idref="fl-7"/>
      </object_component>
      <object_component id="oc-316">
         <name>.cinit..data.load</name>
         <load_address>0x3b08</load_address>
         <run_address>0x3b08</run_address>
         <size>0x7a</size>
      </object_component>
      <object_component id="oc-314">
         <name>__TI_handler_table</name>
         <load_address>0x3b84</load_address>
         <run_address>0x3b84</run_address>
         <size>0xc</size>
      </object_component>
      <object_component id="oc-317">
         <name>.cinit..bss.load</name>
         <load_address>0x3b90</load_address>
         <run_address>0x3b90</run_address>
         <size>0x8</size>
      </object_component>
      <object_component id="oc-315">
         <name>__TI_cinit_table</name>
         <load_address>0x3b98</load_address>
         <run_address>0x3b98</run_address>
         <size>0x10</size>
      </object_component>
      <object_component id="oc-2f1">
         <name>.binit</name>
         <load_address>0x0</load_address>
         <run_address>0x0</run_address>
         <size>0x0</size>
      </object_component>
      <object_component id="oc-18b">
         <name>.data</name>
         <load_address>0x20000990</load_address>
         <run_address>0x20000990</run_address>
         <size>0x18</size>
         <input_file_ref idref="fl-3"/>
      </object_component>
      <object_component id="oc-11c">
         <name>.data</name>
         <load_address>0x200009d8</load_address>
         <run_address>0x200009d8</run_address>
         <size>0x8</size>
         <input_file_ref idref="fl-7"/>
      </object_component>
      <object_component id="oc-15f">
         <name>.data</name>
         <load_address>0x200009f0</load_address>
         <run_address>0x200009f0</run_address>
         <size>0x4</size>
         <input_file_ref idref="fl-f"/>
      </object_component>
      <object_component id="oc-1e7">
         <name>.data</name>
         <load_address>0x200009e0</load_address>
         <run_address>0x200009e0</run_address>
         <size>0x4</size>
         <input_file_ref idref="fl-c9"/>
      </object_component>
      <object_component id="oc-1a6">
         <name>.data:_ftable</name>
         <load_address>0x200007d8</load_address>
         <run_address>0x200007d8</run_address>
         <size>0xf0</size>
         <input_file_ref idref="fl-ce"/>
      </object_component>
      <object_component id="oc-1f9">
         <name>.data</name>
         <load_address>0x200009a8</load_address>
         <run_address>0x200009a8</run_address>
         <size>0x10</size>
         <input_file_ref idref="fl-ce"/>
      </object_component>
      <object_component id="oc-bf">
         <name>.data:$O1$$</name>
         <load_address>0x200009b8</load_address>
         <run_address>0x200009b8</run_address>
         <size>0xc</size>
         <input_file_ref idref="fl-cf"/>
      </object_component>
      <object_component id="oc-1fc">
         <name>.data</name>
         <load_address>0x200009e4</load_address>
         <run_address>0x200009e4</run_address>
         <size>0x4</size>
         <input_file_ref idref="fl-d0"/>
      </object_component>
      <object_component id="oc-258">
         <name>.data</name>
         <load_address>0x200009e8</load_address>
         <run_address>0x200009e8</run_address>
         <size>0x4</size>
         <input_file_ref idref="fl-d5"/>
      </object_component>
      <object_component id="oc-74">
         <name>.data</name>
         <load_address>0x200009ec</load_address>
         <run_address>0x200009ec</run_address>
         <size>0x4</size>
         <input_file_ref idref="fl-d8"/>
      </object_component>
      <object_component id="oc-1e8">
         <name>.data:_device</name>
         <load_address>0x200008c8</load_address>
         <run_address>0x200008c8</run_address>
         <size>0x78</size>
         <input_file_ref idref="fl-dc"/>
      </object_component>
      <object_component id="oc-259">
         <name>.data:_stream</name>
         <load_address>0x20000940</load_address>
         <run_address>0x20000940</run_address>
         <size>0x50</size>
         <input_file_ref idref="fl-dc"/>
      </object_component>
      <object_component id="oc-c2">
         <name>.data:$O1$$</name>
         <load_address>0x200009d0</load_address>
         <run_address>0x200009d0</run_address>
         <size>0x8</size>
         <input_file_ref idref="fl-dd"/>
      </object_component>
      <object_component id="oc-27c">
         <name>.data:$O1$$</name>
         <load_address>0x200009c4</load_address>
         <run_address>0x200009c4</run_address>
         <size>0xc</size>
         <input_file_ref idref="fl-ea"/>
      </object_component>
      <object_component id="oc-174">
         <name>.bss:TxFifo0</name>
         <uninitialized>true</uninitialized>
         <run_address>0x200006c0</run_address>
         <size>0x40</size>
         <input_file_ref idref="fl-6"/>
      </object_component>
      <object_component id="oc-179">
         <name>.bss:RxFifo0</name>
         <uninitialized>true</uninitialized>
         <run_address>0x2000076c</run_address>
         <size>0x10</size>
         <input_file_ref idref="fl-6"/>
      </object_component>
      <object_component id="oc-2cb">
         <name>.bss:_CIOBUF_</name>
         <uninitialized>true</uninitialized>
         <run_address>0x20000400</run_address>
         <size>0x120</size>
         <input_file_ref idref="fl-ef"/>
      </object_component>
      <object_component id="oc-e3">
         <name>.common:Messageindexc</name>
         <uninitialized>true</uninitialized>
         <run_address>0x200007a4</run_address>
         <size>0x4</size>
      </object_component>
      <object_component id="oc-e0">
         <name>.common:Messagec</name>
         <uninitialized>true</uninitialized>
         <run_address>0x20000784</run_address>
         <size>0x8</size>
      </object_component>
      <object_component id="oc-16f">
         <name>.common:Tx0PutI</name>
         <uninitialized>true</uninitialized>
         <run_address>0x200007cc</run_address>
         <size>0x4</size>
      </object_component>
      <object_component id="oc-172">
         <name>.common:Tx0GetI</name>
         <uninitialized>true</uninitialized>
         <run_address>0x200007c8</run_address>
         <size>0x4</size>
      </object_component>
      <object_component id="oc-173">
         <name>.common:TxHistogram</name>
         <uninitialized>true</uninitialized>
         <run_address>0x20000520</run_address>
         <size>0x100</size>
      </object_component>
      <object_component id="oc-177">
         <name>.common:Rx0PutI</name>
         <uninitialized>true</uninitialized>
         <run_address>0x200007b8</run_address>
         <size>0x4</size>
      </object_component>
      <object_component id="oc-178">
         <name>.common:Rx0GetI</name>
         <uninitialized>true</uninitialized>
         <run_address>0x200007b4</run_address>
         <size>0x4</size>
      </object_component>
      <object_component id="oc-124">
         <name>.common:WriteData</name>
         <uninitialized>true</uninitialized>
         <run_address>0x200007d5</run_address>
         <size>0x1</size>
      </object_component>
      <object_component id="oc-11f">
         <name>.common:ReadData</name>
         <uninitialized>true</uninitialized>
         <run_address>0x200007d4</run_address>
         <size>0x1</size>
      </object_component>
      <object_component id="oc-122">
         <name>.common:NumSuccess</name>
         <uninitialized>true</uninitialized>
         <run_address>0x200007ac</run_address>
         <size>0x4</size>
      </object_component>
      <object_component id="oc-123">
         <name>.common:NumErrors</name>
         <uninitialized>true</uninitialized>
         <run_address>0x200007a8</run_address>
         <size>0x4</size>
      </object_component>
      <object_component id="oc-125">
         <name>.common:Size</name>
         <uninitialized>true</uninitialized>
         <run_address>0x200007bc</run_address>
         <size>0x4</size>
      </object_component>
      <object_component id="oc-127">
         <name>.common:String</name>
         <uninitialized>true</uninitialized>
         <run_address>0x20000700</run_address>
         <size>0x40</size>
      </object_component>
      <object_component id="oc-126">
         <name>.common:MaxTime</name>
         <uninitialized>true</uninitialized>
         <run_address>0x2000079c</run_address>
         <size>0x4</size>
      </object_component>
      <object_component id="oc-128">
         <name>.common:First</name>
         <uninitialized>true</uninitialized>
         <run_address>0x20000798</run_address>
         <size>0x4</size>
      </object_component>
      <object_component id="oc-129">
         <name>.common:Elapsed</name>
         <uninitialized>true</uninitialized>
         <run_address>0x20000794</run_address>
         <size>0x4</size>
      </object_component>
      <object_component id="oc-13d">
         <name>.common:UserStack</name>
         <uninitialized>true</uninitialized>
         <run_address>0x20000740</run_address>
         <size>0x2c</size>
      </object_component>
      <object_component id="oc-13c">
         <name>.common:UserSP</name>
         <uninitialized>true</uninitialized>
         <run_address>0x200007d0</run_address>
         <size>0x4</size>
      </object_component>
      <object_component id="oc-13e">
         <name>.common:Running</name>
         <uninitialized>true</uninitialized>
         <run_address>0x200007b0</run_address>
         <size>0x4</size>
      </object_component>
      <object_component id="oc-13f">
         <name>.common:Time</name>
         <uninitialized>true</uninitialized>
         <run_address>0x200007c0</run_address>
         <size>0x4</size>
      </object_component>
      <object_component id="oc-d1">
         <name>.common:TimerA1Task</name>
         <uninitialized>true</uninitialized>
         <run_address>0x200007c4</run_address>
         <size>0x4</size>
      </object_component>
      <object_component id="oc-193">
         <name>.common:Messageindexb</name>
         <uninitialized>true</uninitialized>
         <run_address>0x200007a0</run_address>
         <size>0x4</size>
      </object_component>
      <object_component id="oc-190">
         <name>.common:Messageb</name>
         <uninitialized>true</uninitialized>
         <run_address>0x2000077c</run_address>
         <size>0x8</size>
      </object_component>
      <object_component id="oc-270">
         <name>.common:__TI_tmpnams</name>
         <uninitialized>true</uninitialized>
         <run_address>0x20000620</run_address>
         <size>0xa0</size>
      </object_component>
      <object_component id="oc-296">
         <name>.common:parmbuf</name>
         <uninitialized>true</uninitialized>
         <run_address>0x2000078c</run_address>
         <size>0x8</size>
      </object_component>
      <object_component id="oc-30">
         <name>.sysmem</name>
         <uninitialized>true</uninitialized>
         <run_address>0x20000000</run_address>
         <size>0x8</size>
         <input_file_ref idref="fl-ea"/>
      </object_component>
      <object_component id="oc-319">
         <name>.sysmem</name>
         <uninitialized>true</uninitialized>
         <run_address>0x20000000</run_address>
         <size>0x0</size>
      </object_component>
      <object_component id="oc-2f">
         <name>.stack</name>
         <uninitialized>true</uninitialized>
         <run_address>0x2000fe00</run_address>
         <size>0x0</size>
         <input_file_ref idref="fl-ca"/>
      </object_component>
      <object_component id="oc-318">
         <name>.stack</name>
         <uninitialized>true</uninitialized>
         <run_address>0x2000fe00</run_address>
         <size>0x0</size>
      </object_component>
      <object_component id="oc-1cb">
         <name>.debug_info</name>
         <load_address>0x0</load_address>
         <run_address>0x0</run_address>
         <size>0x545</size>
         <input_file_ref idref="fl-2"/>
      </object_component>
      <object_component id="oc-12b">
         <name>.debug_info</name>
         <load_address>0x545</load_address>
         <run_address>0x545</run_address>
         <size>0x22b</size>
         <input_file_ref idref="fl-2"/>
      </object_component>
      <object_component id="oc-165">
         <name>.debug_info</name>
         <load_address>0x770</load_address>
         <run_address>0x770</run_address>
         <size>0x37cd</size>
         <input_file_ref idref="fl-2"/>
      </object_component>
      <object_component id="oc-16a">
         <name>.debug_info</name>
         <load_address>0x3f3d</load_address>
         <run_address>0x3f3d</run_address>
         <size>0x1055</size>
         <input_file_ref idref="fl-2"/>
      </object_component>
      <object_component id="oc-39">
         <name>.debug_info</name>
         <load_address>0x4f92</load_address>
         <run_address>0x4f92</run_address>
         <size>0x84</size>
         <input_file_ref idref="fl-2"/>
      </object_component>
      <object_component id="oc-d5">
         <name>.debug_info</name>
         <load_address>0x5016</load_address>
         <run_address>0x5016</run_address>
         <size>0x18b</size>
         <input_file_ref idref="fl-2"/>
      </object_component>
      <object_component id="oc-18c">
         <name>.debug_info</name>
         <load_address>0x51a1</load_address>
         <run_address>0x51a1</run_address>
         <size>0x1b4</size>
         <input_file_ref idref="fl-3"/>
      </object_component>
      <object_component id="oc-105">
         <name>.debug_info</name>
         <load_address>0x5355</load_address>
         <run_address>0x5355</run_address>
         <size>0x47c</size>
         <input_file_ref idref="fl-3"/>
      </object_component>
      <object_component id="oc-10b">
         <name>.debug_info</name>
         <load_address>0x57d1</load_address>
         <run_address>0x57d1</run_address>
         <size>0x43d</size>
         <input_file_ref idref="fl-4"/>
      </object_component>
      <object_component id="oc-e1">
         <name>.debug_info</name>
         <load_address>0x5c0e</load_address>
         <run_address>0x5c0e</run_address>
         <size>0x698</size>
         <input_file_ref idref="fl-5"/>
      </object_component>
      <object_component id="oc-85">
         <name>.debug_info</name>
         <load_address>0x62a6</load_address>
         <run_address>0x62a6</run_address>
         <size>0x1421</size>
         <input_file_ref idref="fl-5"/>
      </object_component>
      <object_component id="oc-170">
         <name>.debug_info</name>
         <load_address>0x76c7</load_address>
         <run_address>0x76c7</run_address>
         <size>0x353</size>
         <input_file_ref idref="fl-6"/>
      </object_component>
      <object_component id="oc-175">
         <name>.debug_info</name>
         <load_address>0x7a1a</load_address>
         <run_address>0x7a1a</run_address>
         <size>0xfe</size>
         <input_file_ref idref="fl-6"/>
      </object_component>
      <object_component id="oc-17a">
         <name>.debug_info</name>
         <load_address>0x7b18</load_address>
         <run_address>0x7b18</run_address>
         <size>0xfe</size>
         <input_file_ref idref="fl-6"/>
      </object_component>
      <object_component id="oc-db">
         <name>.debug_info</name>
         <load_address>0x7c16</load_address>
         <run_address>0x7c16</run_address>
         <size>0x6bb</size>
         <input_file_ref idref="fl-6"/>
      </object_component>
      <object_component id="oc-120">
         <name>.debug_info</name>
         <load_address>0x82d1</load_address>
         <run_address>0x82d1</run_address>
         <size>0xc9d</size>
         <input_file_ref idref="fl-7"/>
      </object_component>
      <object_component id="oc-11d">
         <name>.debug_info</name>
         <load_address>0x8f6e</load_address>
         <run_address>0x8f6e</run_address>
         <size>0xdb</size>
         <input_file_ref idref="fl-7"/>
      </object_component>
      <object_component id="oc-147">
         <name>.debug_info</name>
         <load_address>0x9049</load_address>
         <run_address>0x9049</run_address>
         <size>0xd5</size>
         <input_file_ref idref="fl-7"/>
      </object_component>
      <object_component id="oc-b8">
         <name>.debug_info</name>
         <load_address>0x911e</load_address>
         <run_address>0x911e</run_address>
         <size>0x1b50</size>
         <input_file_ref idref="fl-7"/>
      </object_component>
      <object_component id="oc-1b4">
         <name>.debug_info</name>
         <load_address>0xac6e</load_address>
         <run_address>0xac6e</run_address>
         <size>0x77</size>
         <input_file_ref idref="fl-7"/>
      </object_component>
      <object_component id="oc-a0">
         <name>.debug_info</name>
         <load_address>0xace5</load_address>
         <run_address>0xace5</run_address>
         <size>0x2c</size>
         <input_file_ref idref="fl-7"/>
      </object_component>
      <object_component id="oc-137">
         <name>.debug_info</name>
         <load_address>0xad11</load_address>
         <run_address>0xad11</run_address>
         <size>0x3ee</size>
         <input_file_ref idref="fl-8"/>
      </object_component>
      <object_component id="oc-131">
         <name>.debug_info</name>
         <load_address>0xb0ff</load_address>
         <run_address>0xb0ff</run_address>
         <size>0x784</size>
         <input_file_ref idref="fl-9"/>
      </object_component>
      <object_component id="oc-1bb">
         <name>.debug_info</name>
         <load_address>0xb883</load_address>
         <run_address>0xb883</run_address>
         <size>0x6e7</size>
         <input_file_ref idref="fl-a"/>
      </object_component>
      <object_component id="oc-117">
         <name>.debug_info</name>
         <load_address>0xbf6a</load_address>
         <run_address>0xbf6a</run_address>
         <size>0x34e</size>
         <input_file_ref idref="fl-b"/>
      </object_component>
      <object_component id="oc-d2">
         <name>.debug_info</name>
         <load_address>0xc2b8</load_address>
         <run_address>0xc2b8</run_address>
         <size>0x577</size>
         <input_file_ref idref="fl-c"/>
      </object_component>
      <object_component id="oc-7f">
         <name>.debug_info</name>
         <load_address>0xc82f</load_address>
         <run_address>0xc82f</run_address>
         <size>0x336</size>
         <input_file_ref idref="fl-c"/>
      </object_component>
      <object_component id="oc-191">
         <name>.debug_info</name>
         <load_address>0xcb65</load_address>
         <run_address>0xcb65</run_address>
         <size>0x78a</size>
         <input_file_ref idref="fl-d"/>
      </object_component>
      <object_component id="oc-111">
         <name>.debug_info</name>
         <load_address>0xd2ef</load_address>
         <run_address>0xd2ef</run_address>
         <size>0x1c40</size>
         <input_file_ref idref="fl-d"/>
      </object_component>
      <object_component id="oc-1d6">
         <name>.debug_info</name>
         <load_address>0xef2f</load_address>
         <run_address>0xef2f</run_address>
         <size>0xc8</size>
         <input_file_ref idref="fl-d"/>
      </object_component>
      <object_component id="oc-1aa">
         <name>.debug_info</name>
         <load_address>0xeff7</load_address>
         <run_address>0xeff7</run_address>
         <size>0x2c</size>
         <input_file_ref idref="fl-d"/>
      </object_component>
      <object_component id="oc-8c">
         <name>.debug_info</name>
         <load_address>0xf023</load_address>
         <run_address>0xf023</run_address>
         <size>0x2bb</size>
         <input_file_ref idref="fl-e"/>
      </object_component>
      <object_component id="oc-2d">
         <name>.debug_info</name>
         <load_address>0xf2de</load_address>
         <run_address>0xf2de</run_address>
         <size>0xf9</size>
         <input_file_ref idref="fl-e"/>
      </object_component>
      <object_component id="oc-79">
         <name>.debug_info</name>
         <load_address>0xf3d7</load_address>
         <run_address>0xf3d7</run_address>
         <size>0x1c0</size>
         <input_file_ref idref="fl-e"/>
      </object_component>
      <object_component id="oc-160">
         <name>.debug_info</name>
         <load_address>0xf597</load_address>
         <run_address>0xf597</run_address>
         <size>0xf2</size>
         <input_file_ref idref="fl-f"/>
      </object_component>
      <object_component id="oc-cb">
         <name>.debug_info</name>
         <load_address>0xf689</load_address>
         <run_address>0xf689</run_address>
         <size>0x264</size>
         <input_file_ref idref="fl-f"/>
      </object_component>
      <object_component id="oc-1ec">
         <name>.debug_info</name>
         <load_address>0xf8ed</load_address>
         <run_address>0xf8ed</run_address>
         <size>0x430</size>
         <input_file_ref idref="fl-c9"/>
      </object_component>
      <object_component id="oc-195">
         <name>.debug_info</name>
         <load_address>0xfd1d</load_address>
         <run_address>0xfd1d</run_address>
         <size>0x2d0</size>
         <input_file_ref idref="fl-c9"/>
      </object_component>
      <object_component id="oc-253">
         <name>.debug_info</name>
         <load_address>0xffed</load_address>
         <run_address>0xffed</run_address>
         <size>0xea</size>
         <input_file_ref idref="fl-c9"/>
      </object_component>
      <object_component id="oc-24e">
         <name>.debug_info</name>
         <load_address>0x100d7</load_address>
         <run_address>0x100d7</run_address>
         <size>0x2c</size>
         <input_file_ref idref="fl-c9"/>
      </object_component>
      <object_component id="oc-27">
         <name>.debug_info</name>
         <load_address>0x10103</load_address>
         <run_address>0x10103</run_address>
         <size>0x160</size>
         <input_file_ref idref="fl-ca"/>
      </object_component>
      <object_component id="oc-96">
         <name>.debug_info</name>
         <load_address>0x10263</load_address>
         <run_address>0x10263</run_address>
         <size>0x293</size>
         <input_file_ref idref="fl-cb"/>
      </object_component>
      <object_component id="oc-16">
         <name>.debug_info</name>
         <load_address>0x104f6</load_address>
         <run_address>0x104f6</run_address>
         <size>0x245</size>
         <input_file_ref idref="fl-cb"/>
      </object_component>
      <object_component id="oc-34">
         <name>.debug_info</name>
         <load_address>0x1073b</load_address>
         <run_address>0x1073b</run_address>
         <size>0x60</size>
         <input_file_ref idref="fl-cb"/>
      </object_component>
      <object_component id="oc-91">
         <name>.debug_info</name>
         <load_address>0x1079b</load_address>
         <run_address>0x1079b</run_address>
         <size>0x46</size>
         <input_file_ref idref="fl-cb"/>
      </object_component>
      <object_component id="oc-49">
         <name>.debug_info</name>
         <load_address>0x107e1</load_address>
         <run_address>0x107e1</run_address>
         <size>0x2da</size>
         <input_file_ref idref="fl-cc"/>
      </object_component>
      <object_component id="oc-1e">
         <name>.debug_info</name>
         <load_address>0x10abb</load_address>
         <run_address>0x10abb</run_address>
         <size>0x1df</size>
         <input_file_ref idref="fl-cc"/>
      </object_component>
      <object_component id="oc-44">
         <name>.debug_info</name>
         <load_address>0x10c9a</load_address>
         <run_address>0x10c9a</run_address>
         <size>0x46</size>
         <input_file_ref idref="fl-cc"/>
      </object_component>
      <object_component id="oc-98">
         <name>.debug_info</name>
         <load_address>0x10ce0</load_address>
         <run_address>0x10ce0</run_address>
         <size>0x2c</size>
         <input_file_ref idref="fl-cc"/>
      </object_component>
      <object_component id="oc-55">
         <name>.debug_info</name>
         <load_address>0x10d0c</load_address>
         <run_address>0x10d0c</run_address>
         <size>0x2c9</size>
         <input_file_ref idref="fl-cd"/>
      </object_component>
      <object_component id="oc-22">
         <name>.debug_info</name>
         <load_address>0x10fd5</load_address>
         <run_address>0x10fd5</run_address>
         <size>0x1aa</size>
         <input_file_ref idref="fl-cd"/>
      </object_component>
      <object_component id="oc-50">
         <name>.debug_info</name>
         <load_address>0x1117f</load_address>
         <run_address>0x1117f</run_address>
         <size>0x46</size>
         <input_file_ref idref="fl-cd"/>
      </object_component>
      <object_component id="oc-20e">
         <name>.debug_info</name>
         <load_address>0x111c5</load_address>
         <run_address>0x111c5</run_address>
         <size>0x139</size>
         <input_file_ref idref="fl-ce"/>
      </object_component>
      <object_component id="oc-1a7">
         <name>.debug_info</name>
         <load_address>0x112fe</load_address>
         <run_address>0x112fe</run_address>
         <size>0xf7</size>
         <input_file_ref idref="fl-ce"/>
      </object_component>
      <object_component id="oc-1fa">
         <name>.debug_info</name>
         <load_address>0x113f5</load_address>
         <run_address>0x113f5</run_address>
         <size>0x184</size>
         <input_file_ref idref="fl-ce"/>
      </object_component>
      <object_component id="oc-277">
         <name>.debug_info</name>
         <load_address>0x11579</load_address>
         <run_address>0x11579</run_address>
         <size>0xae</size>
         <input_file_ref idref="fl-ce"/>
      </object_component>
      <object_component id="oc-c6">
         <name>.debug_info</name>
         <load_address>0x11627</load_address>
         <run_address>0x11627</run_address>
         <size>0x3ce</size>
         <input_file_ref idref="fl-cf"/>
      </object_component>
      <object_component id="oc-c0">
         <name>.debug_info</name>
         <load_address>0x119f5</load_address>
         <run_address>0x119f5</run_address>
         <size>0x185</size>
         <input_file_ref idref="fl-cf"/>
      </object_component>
      <object_component id="oc-72">
         <name>.debug_info</name>
         <load_address>0x11b7a</load_address>
         <run_address>0x11b7a</run_address>
         <size>0x214</size>
         <input_file_ref idref="fl-cf"/>
      </object_component>
      <object_component id="oc-1fe">
         <name>.debug_info</name>
         <load_address>0x11d8e</load_address>
         <run_address>0x11d8e</run_address>
         <size>0x3d6</size>
         <input_file_ref idref="fl-d0"/>
      </object_component>
      <object_component id="oc-19b">
         <name>.debug_info</name>
         <load_address>0x12164</load_address>
         <run_address>0x12164</run_address>
         <size>0x455</size>
         <input_file_ref idref="fl-d0"/>
      </object_component>
      <object_component id="oc-e9">
         <name>.debug_info</name>
         <load_address>0x125b9</load_address>
         <run_address>0x125b9</run_address>
         <size>0x2c</size>
         <input_file_ref idref="fl-d0"/>
      </object_component>
      <object_component id="oc-21c">
         <name>.debug_info</name>
         <load_address>0x125e5</load_address>
         <run_address>0x125e5</run_address>
         <size>0x417</size>
         <input_file_ref idref="fl-d1"/>
      </object_component>
      <object_component id="oc-1df">
         <name>.debug_info</name>
         <load_address>0x129fc</load_address>
         <run_address>0x129fc</run_address>
         <size>0x282</size>
         <input_file_ref idref="fl-d1"/>
      </object_component>
      <object_component id="oc-40">
         <name>.debug_info</name>
         <load_address>0x12c7e</load_address>
         <run_address>0x12c7e</run_address>
         <size>0x111</size>
         <input_file_ref idref="fl-d2"/>
      </object_component>
      <object_component id="oc-4d">
         <name>.debug_info</name>
         <load_address>0x12d8f</load_address>
         <run_address>0x12d8f</run_address>
         <size>0x13f</size>
         <input_file_ref idref="fl-d3"/>
      </object_component>
      <object_component id="oc-59">
         <name>.debug_info</name>
         <load_address>0x12ece</load_address>
         <run_address>0x12ece</run_address>
         <size>0x138</size>
         <input_file_ref idref="fl-d4"/>
      </object_component>
      <object_component id="oc-25d">
         <name>.debug_info</name>
         <load_address>0x13006</load_address>
         <run_address>0x13006</run_address>
         <size>0x3f7</size>
         <input_file_ref idref="fl-d5"/>
      </object_component>
      <object_component id="oc-1f0">
         <name>.debug_info</name>
         <load_address>0x133fd</load_address>
         <run_address>0x133fd</run_address>
         <size>0x23a</size>
         <input_file_ref idref="fl-d5"/>
      </object_component>
      <object_component id="oc-2ae">
         <name>.debug_info</name>
         <load_address>0x13637</load_address>
         <run_address>0x13637</run_address>
         <size>0x120</size>
         <input_file_ref idref="fl-d5"/>
      </object_component>
      <object_component id="oc-5d">
         <name>.debug_info</name>
         <load_address>0x13757</load_address>
         <run_address>0x13757</run_address>
         <size>0x148</size>
         <input_file_ref idref="fl-d6"/>
      </object_component>
      <object_component id="oc-206">
         <name>.debug_info</name>
         <load_address>0x1389f</load_address>
         <run_address>0x1389f</run_address>
         <size>0x35a</size>
         <input_file_ref idref="fl-d7"/>
      </object_component>
      <object_component id="oc-1a1">
         <name>.debug_info</name>
         <load_address>0x13bf9</load_address>
         <run_address>0x13bf9</run_address>
         <size>0x200</size>
         <input_file_ref idref="fl-d7"/>
      </object_component>
      <object_component id="oc-207">
         <name>.debug_info</name>
         <load_address>0x13df9</load_address>
         <run_address>0x13df9</run_address>
         <size>0xbb</size>
         <input_file_ref idref="fl-d7"/>
      </object_component>
      <object_component id="oc-75">
         <name>.debug_info</name>
         <load_address>0x13eb4</load_address>
         <run_address>0x13eb4</run_address>
         <size>0x109</size>
         <input_file_ref idref="fl-d8"/>
      </object_component>
      <object_component id="oc-285">
         <name>.debug_info</name>
         <load_address>0x13fbd</load_address>
         <run_address>0x13fbd</run_address>
         <size>0x28f</size>
         <input_file_ref idref="fl-d9"/>
      </object_component>
      <object_component id="oc-218">
         <name>.debug_info</name>
         <load_address>0x1424c</load_address>
         <run_address>0x1424c</run_address>
         <size>0x244</size>
         <input_file_ref idref="fl-d9"/>
      </object_component>
      <object_component id="oc-1c3">
         <name>.debug_info</name>
         <load_address>0x14490</load_address>
         <run_address>0x14490</run_address>
         <size>0x27f</size>
         <input_file_ref idref="fl-da"/>
      </object_component>
      <object_component id="oc-141">
         <name>.debug_info</name>
         <load_address>0x1470f</load_address>
         <run_address>0x1470f</run_address>
         <size>0x258</size>
         <input_file_ref idref="fl-da"/>
      </object_component>
      <object_component id="oc-21e">
         <name>.debug_info</name>
         <load_address>0x14967</load_address>
         <run_address>0x14967</run_address>
         <size>0x290</size>
         <input_file_ref idref="fl-db"/>
      </object_component>
      <object_component id="oc-1e2">
         <name>.debug_info</name>
         <load_address>0x14bf7</load_address>
         <run_address>0x14bf7</run_address>
         <size>0x259</size>
         <input_file_ref idref="fl-db"/>
      </object_component>
      <object_component id="oc-24b">
         <name>.debug_info</name>
         <load_address>0x14e50</load_address>
         <run_address>0x14e50</run_address>
         <size>0x4c5</size>
         <input_file_ref idref="fl-dc"/>
      </object_component>
      <object_component id="oc-1e9">
         <name>.debug_info</name>
         <load_address>0x15315</load_address>
         <run_address>0x15315</run_address>
         <size>0xf8</size>
         <input_file_ref idref="fl-dc"/>
      </object_component>
      <object_component id="oc-25a">
         <name>.debug_info</name>
         <load_address>0x1540d</load_address>
         <run_address>0x1540d</run_address>
         <size>0xf8</size>
         <input_file_ref idref="fl-dc"/>
      </object_component>
      <object_component id="oc-2b8">
         <name>.debug_info</name>
         <load_address>0x15505</load_address>
         <run_address>0x15505</run_address>
         <size>0x184</size>
         <input_file_ref idref="fl-dc"/>
      </object_component>
      <object_component id="oc-15b">
         <name>.debug_info</name>
         <load_address>0x15689</load_address>
         <run_address>0x15689</run_address>
         <size>0x2be</size>
         <input_file_ref idref="fl-dd"/>
      </object_component>
      <object_component id="oc-c3">
         <name>.debug_info</name>
         <load_address>0x15947</load_address>
         <run_address>0x15947</run_address>
         <size>0x113</size>
         <input_file_ref idref="fl-dd"/>
      </object_component>
      <object_component id="oc-156">
         <name>.debug_info</name>
         <load_address>0x15a5a</load_address>
         <run_address>0x15a5a</run_address>
         <size>0x21f</size>
         <input_file_ref idref="fl-dd"/>
      </object_component>
      <object_component id="oc-be">
         <name>.debug_info</name>
         <load_address>0x15c79</load_address>
         <run_address>0x15c79</run_address>
         <size>0x300</size>
         <input_file_ref idref="fl-de"/>
      </object_component>
      <object_component id="oc-69">
         <name>.debug_info</name>
         <load_address>0x15f79</load_address>
         <run_address>0x15f79</run_address>
         <size>0x167</size>
         <input_file_ref idref="fl-de"/>
      </object_component>
      <object_component id="oc-14c">
         <name>.debug_info</name>
         <load_address>0x160e0</load_address>
         <run_address>0x160e0</run_address>
         <size>0x5e</size>
         <input_file_ref idref="fl-de"/>
      </object_component>
      <object_component id="oc-b6">
         <name>.debug_info</name>
         <load_address>0x1613e</load_address>
         <run_address>0x1613e</run_address>
         <size>0x483</size>
         <input_file_ref idref="fl-df"/>
      </object_component>
      <object_component id="oc-63">
         <name>.debug_info</name>
         <load_address>0x165c1</load_address>
         <run_address>0x165c1</run_address>
         <size>0x190</size>
         <input_file_ref idref="fl-df"/>
      </object_component>
      <object_component id="oc-fa">
         <name>.debug_info</name>
         <load_address>0x16751</load_address>
         <run_address>0x16751</run_address>
         <size>0x39</size>
         <input_file_ref idref="fl-df"/>
      </object_component>
      <object_component id="oc-186">
         <name>.debug_info</name>
         <load_address>0x1678a</load_address>
         <run_address>0x1678a</run_address>
         <size>0x39</size>
         <input_file_ref idref="fl-df"/>
      </object_component>
      <object_component id="oc-ff">
         <name>.debug_info</name>
         <load_address>0x167c3</load_address>
         <run_address>0x167c3</run_address>
         <size>0xcd</size>
         <input_file_ref idref="fl-df"/>
      </object_component>
      <object_component id="oc-f6">
         <name>.debug_info</name>
         <load_address>0x16890</load_address>
         <run_address>0x16890</run_address>
         <size>0x37a</size>
         <input_file_ref idref="fl-e0"/>
      </object_component>
      <object_component id="oc-aa">
         <name>.debug_info</name>
         <load_address>0x16c0a</load_address>
         <run_address>0x16c0a</run_address>
         <size>0x183</size>
         <input_file_ref idref="fl-e0"/>
      </object_component>
      <object_component id="oc-181">
         <name>.debug_info</name>
         <load_address>0x16d8d</load_address>
         <run_address>0x16d8d</run_address>
         <size>0x2c</size>
         <input_file_ref idref="fl-e0"/>
      </object_component>
      <object_component id="oc-272">
         <name>.debug_info</name>
         <load_address>0x16db9</load_address>
         <run_address>0x16db9</run_address>
         <size>0x39a</size>
         <input_file_ref idref="fl-e1"/>
      </object_component>
      <object_component id="oc-1f4">
         <name>.debug_info</name>
         <load_address>0x17153</load_address>
         <run_address>0x17153</run_address>
         <size>0x298</size>
         <input_file_ref idref="fl-e1"/>
      </object_component>
      <object_component id="oc-2be">
         <name>.debug_info</name>
         <load_address>0x173eb</load_address>
         <run_address>0x173eb</run_address>
         <size>0x33c</size>
         <input_file_ref idref="fl-e2"/>
      </object_component>
      <object_component id="oc-260">
         <name>.debug_info</name>
         <load_address>0x17727</load_address>
         <run_address>0x17727</run_address>
         <size>0x25a</size>
         <input_file_ref idref="fl-e2"/>
      </object_component>
      <object_component id="oc-29b">
         <name>.debug_info</name>
         <load_address>0x17981</load_address>
         <run_address>0x17981</run_address>
         <size>0x368</size>
         <input_file_ref idref="fl-e3"/>
      </object_component>
      <object_component id="oc-228">
         <name>.debug_info</name>
         <load_address>0x17ce9</load_address>
         <run_address>0x17ce9</run_address>
         <size>0x1b1</size>
         <input_file_ref idref="fl-e3"/>
      </object_component>
      <object_component id="oc-2a1">
         <name>.debug_info</name>
         <load_address>0x17e9a</load_address>
         <run_address>0x17e9a</run_address>
         <size>0x36d</size>
         <input_file_ref idref="fl-e4"/>
      </object_component>
      <object_component id="oc-238">
         <name>.debug_info</name>
         <load_address>0x18207</load_address>
         <run_address>0x18207</run_address>
         <size>0x205</size>
         <input_file_ref idref="fl-e4"/>
      </object_component>
      <object_component id="oc-297">
         <name>.debug_info</name>
         <load_address>0x1840c</load_address>
         <run_address>0x1840c</run_address>
         <size>0x3cb</size>
         <input_file_ref idref="fl-e5"/>
      </object_component>
      <object_component id="oc-220">
         <name>.debug_info</name>
         <load_address>0x187d7</load_address>
         <run_address>0x187d7</run_address>
         <size>0x201</size>
         <input_file_ref idref="fl-e5"/>
      </object_component>
      <object_component id="oc-29d">
         <name>.debug_info</name>
         <load_address>0x189d8</load_address>
         <run_address>0x189d8</run_address>
         <size>0x36c</size>
         <input_file_ref idref="fl-e6"/>
      </object_component>
      <object_component id="oc-22c">
         <name>.debug_info</name>
         <load_address>0x18d44</load_address>
         <run_address>0x18d44</run_address>
         <size>0x1f0</size>
         <input_file_ref idref="fl-e6"/>
      </object_component>
      <object_component id="oc-2ab">
         <name>.debug_info</name>
         <load_address>0x18f34</load_address>
         <run_address>0x18f34</run_address>
         <size>0x3f3</size>
         <input_file_ref idref="fl-e7"/>
      </object_component>
      <object_component id="oc-245">
         <name>.debug_info</name>
         <load_address>0x19327</load_address>
         <run_address>0x19327</run_address>
         <size>0x22b</size>
         <input_file_ref idref="fl-e7"/>
      </object_component>
      <object_component id="oc-2a3">
         <name>.debug_info</name>
         <load_address>0x19552</load_address>
         <run_address>0x19552</run_address>
         <size>0x3be</size>
         <input_file_ref idref="fl-e8"/>
      </object_component>
      <object_component id="oc-240">
         <name>.debug_info</name>
         <load_address>0x19910</load_address>
         <run_address>0x19910</run_address>
         <size>0x1bb</size>
         <input_file_ref idref="fl-e8"/>
      </object_component>
      <object_component id="oc-29f">
         <name>.debug_info</name>
         <load_address>0x19acb</load_address>
         <run_address>0x19acb</run_address>
         <size>0x36d</size>
         <input_file_ref idref="fl-e9"/>
      </object_component>
      <object_component id="oc-232">
         <name>.debug_info</name>
         <load_address>0x19e38</load_address>
         <run_address>0x19e38</run_address>
         <size>0x1f5</size>
         <input_file_ref idref="fl-e9"/>
      </object_component>
      <object_component id="oc-8f">
         <name>.debug_info</name>
         <load_address>0x1a02d</load_address>
         <run_address>0x1a02d</run_address>
         <size>0x3bc</size>
         <input_file_ref idref="fl-ea"/>
      </object_component>
      <object_component id="oc-31">
         <name>.debug_info</name>
         <load_address>0x1a3e9</load_address>
         <run_address>0x1a3e9</run_address>
         <size>0x101</size>
         <input_file_ref idref="fl-ea"/>
      </object_component>
      <object_component id="oc-27d">
         <name>.debug_info</name>
         <load_address>0x1a4ea</load_address>
         <run_address>0x1a4ea</run_address>
         <size>0x14c</size>
         <input_file_ref idref="fl-ea"/>
      </object_component>
      <object_component id="oc-200">
         <name>.debug_info</name>
         <load_address>0x1a636</load_address>
         <run_address>0x1a636</run_address>
         <size>0x885</size>
         <input_file_ref idref="fl-ea"/>
      </object_component>
      <object_component id="oc-ee">
         <name>.debug_info</name>
         <load_address>0x1aebb</load_address>
         <run_address>0x1aebb</run_address>
         <size>0x62</size>
         <input_file_ref idref="fl-ea"/>
      </object_component>
      <object_component id="oc-b0">
         <name>.debug_info</name>
         <load_address>0x1af1d</load_address>
         <run_address>0x1af1d</run_address>
         <size>0x145</size>
         <input_file_ref idref="fl-ec"/>
      </object_component>
      <object_component id="oc-2dd">
         <name>.debug_info</name>
         <load_address>0x1b062</load_address>
         <run_address>0x1b062</run_address>
         <size>0x28a</size>
         <input_file_ref idref="fl-ed"/>
      </object_component>
      <object_component id="oc-2a5">
         <name>.debug_info</name>
         <load_address>0x1b2ec</load_address>
         <run_address>0x1b2ec</run_address>
         <size>0x231</size>
         <input_file_ref idref="fl-ed"/>
      </object_component>
      <object_component id="oc-2ca">
         <name>.debug_info</name>
         <load_address>0x1b51d</load_address>
         <run_address>0x1b51d</run_address>
         <size>0x284</size>
         <input_file_ref idref="fl-ee"/>
      </object_component>
      <object_component id="oc-28b">
         <name>.debug_info</name>
         <load_address>0x1b7a1</load_address>
         <run_address>0x1b7a1</run_address>
         <size>0x22a</size>
         <input_file_ref idref="fl-ee"/>
      </object_component>
      <object_component id="oc-2cf">
         <name>.debug_info</name>
         <load_address>0x1b9cb</load_address>
         <run_address>0x1b9cb</run_address>
         <size>0x2b0</size>
         <input_file_ref idref="fl-ef"/>
      </object_component>
      <object_component id="oc-2cc">
         <name>.debug_info</name>
         <load_address>0x1bc7b</load_address>
         <run_address>0x1bc7b</run_address>
         <size>0xfd</size>
         <input_file_ref idref="fl-ef"/>
      </object_component>
      <object_component id="oc-292">
         <name>.debug_info</name>
         <load_address>0x1bd78</load_address>
         <run_address>0x1bd78</run_address>
         <size>0x281</size>
         <input_file_ref idref="fl-ef"/>
      </object_component>
      <object_component id="oc-2c2">
         <name>.debug_info</name>
         <load_address>0x1bff9</load_address>
         <run_address>0x1bff9</run_address>
         <size>0x3c6</size>
         <input_file_ref idref="fl-f0"/>
      </object_component>
      <object_component id="oc-26b">
         <name>.debug_info</name>
         <load_address>0x1c3bf</load_address>
         <run_address>0x1c3bf</run_address>
         <size>0x19a</size>
         <input_file_ref idref="fl-f0"/>
      </object_component>
      <object_component id="oc-2c0">
         <name>.debug_info</name>
         <load_address>0x1c559</load_address>
         <run_address>0x1c559</run_address>
         <size>0x3c4</size>
         <input_file_ref idref="fl-f1"/>
      </object_component>
      <object_component id="oc-267">
         <name>.debug_info</name>
         <load_address>0x1c91d</load_address>
         <run_address>0x1c91d</run_address>
         <size>0x18a</size>
         <input_file_ref idref="fl-f1"/>
      </object_component>
      <object_component id="oc-31a">
         <name>.debug_info</name>
         <load_address>0x1caa7</load_address>
         <run_address>0x1caa7</run_address>
         <size>0xa8</size>
      </object_component>
      <object_component id="oc-214">
         <name>.debug_line</name>
         <load_address>0x0</load_address>
         <run_address>0x0</run_address>
         <size>0x20</size>
         <input_file_ref idref="fl-2"/>
      </object_component>
      <object_component id="oc-12e">
         <name>.debug_line</name>
         <load_address>0x20</load_address>
         <run_address>0x20</run_address>
         <size>0x8f</size>
         <input_file_ref idref="fl-2"/>
      </object_component>
      <object_component id="oc-168">
         <name>.debug_line</name>
         <load_address>0xaf</load_address>
         <run_address>0xaf</run_address>
         <size>0x52</size>
         <input_file_ref idref="fl-2"/>
      </object_component>
      <object_component id="oc-16d">
         <name>.debug_line</name>
         <load_address>0x101</load_address>
         <run_address>0x101</run_address>
         <size>0x55</size>
         <input_file_ref idref="fl-2"/>
      </object_component>
      <object_component id="oc-3c">
         <name>.debug_line</name>
         <load_address>0x156</load_address>
         <run_address>0x156</run_address>
         <size>0x20</size>
         <input_file_ref idref="fl-2"/>
      </object_component>
      <object_component id="oc-d8">
         <name>.debug_line</name>
         <load_address>0x176</load_address>
         <run_address>0x176</run_address>
         <size>0x65</size>
         <input_file_ref idref="fl-2"/>
      </object_component>
      <object_component id="oc-1d3">
         <name>.debug_line</name>
         <load_address>0x1db</load_address>
         <run_address>0x1db</run_address>
         <size>0x58</size>
         <input_file_ref idref="fl-3"/>
      </object_component>
      <object_component id="oc-108">
         <name>.debug_line</name>
         <load_address>0x233</load_address>
         <run_address>0x233</run_address>
         <size>0x125</size>
         <input_file_ref idref="fl-3"/>
      </object_component>
      <object_component id="oc-10e">
         <name>.debug_line</name>
         <load_address>0x358</load_address>
         <run_address>0x358</run_address>
         <size>0xdc</size>
         <input_file_ref idref="fl-4"/>
      </object_component>
      <object_component id="oc-17e">
         <name>.debug_line</name>
         <load_address>0x434</load_address>
         <run_address>0x434</run_address>
         <size>0x99</size>
         <input_file_ref idref="fl-5"/>
      </object_component>
      <object_component id="oc-88">
         <name>.debug_line</name>
         <load_address>0x4cd</load_address>
         <run_address>0x4cd</run_address>
         <size>0x3d6</size>
         <input_file_ref idref="fl-5"/>
      </object_component>
      <object_component id="oc-1cd">
         <name>.debug_line</name>
         <load_address>0x8a3</load_address>
         <run_address>0x8a3</run_address>
         <size>0x58</size>
         <input_file_ref idref="fl-6"/>
      </object_component>
      <object_component id="oc-1cf">
         <name>.debug_line</name>
         <load_address>0x8fb</load_address>
         <run_address>0x8fb</run_address>
         <size>0x58</size>
         <input_file_ref idref="fl-6"/>
      </object_component>
      <object_component id="oc-1d1">
         <name>.debug_line</name>
         <load_address>0x953</load_address>
         <run_address>0x953</run_address>
         <size>0x58</size>
         <input_file_ref idref="fl-6"/>
      </object_component>
      <object_component id="oc-de">
         <name>.debug_line</name>
         <load_address>0x9ab</load_address>
         <run_address>0x9ab</run_address>
         <size>0x15c</size>
         <input_file_ref idref="fl-6"/>
      </object_component>
      <object_component id="oc-1b3">
         <name>.debug_line</name>
         <load_address>0xb07</load_address>
         <run_address>0xb07</run_address>
         <size>0x159</size>
         <input_file_ref idref="fl-7"/>
      </object_component>
      <object_component id="oc-1b1">
         <name>.debug_line</name>
         <load_address>0xc60</load_address>
         <run_address>0xc60</run_address>
         <size>0x37</size>
         <input_file_ref idref="fl-7"/>
      </object_component>
      <object_component id="oc-1c5">
         <name>.debug_line</name>
         <load_address>0xc97</load_address>
         <run_address>0xc97</run_address>
         <size>0x37</size>
         <input_file_ref idref="fl-7"/>
      </object_component>
      <object_component id="oc-bb">
         <name>.debug_line</name>
         <load_address>0xcce</load_address>
         <run_address>0xcce</run_address>
         <size>0x63f</size>
         <input_file_ref idref="fl-7"/>
      </object_component>
      <object_component id="oc-1b7">
         <name>.debug_line</name>
         <load_address>0x130d</load_address>
         <run_address>0x130d</run_address>
         <size>0x37</size>
         <input_file_ref idref="fl-7"/>
      </object_component>
      <object_component id="oc-a3">
         <name>.debug_line</name>
         <load_address>0x1344</load_address>
         <run_address>0x1344</run_address>
         <size>0x65</size>
         <input_file_ref idref="fl-7"/>
      </object_component>
      <object_component id="oc-13a">
         <name>.debug_line</name>
[...]
      </symbol>
      <symbol id="sm-3d1">
         <name>interruptVectors</name>
         <value>0x0</value>
         <object_component_ref idref="oc-2c"/>
      </symbol>
      <symbol id="sm-417">
         <name>SystemInit</name>
         <value>0x2251</value>
         <object_component_ref idref="oc-ca"/>
      </symbol>
      <symbol id="sm-418">
         <name>SystemCoreClockUpdate</name>
         <value>0x1fdd</value>
         <object_component_ref idref="oc-ca"/>
      </symbol>
      <symbol id="sm-419">
         <name>SystemCoreClock</name>
         <value>0x200009f0</value>
         <object_component_ref idref="oc-15f"/>
      </symbol>
      <symbol id="sm-43e">
         <name>add_device</name>
         <value>0x2f29</value>
         <object_component_ref idref="oc-194"/>
      </symbol>
      <symbol id="sm-44f">
         <name>_c_int00</name>
         <value>0x370d</value>
         <object_component_ref idref="oc-26"/>
      </symbol>
      <symbol id="sm-450">
         <name>__stack</name>
         <value>0x2000fe00</value>
         <object_component_ref idref="oc-2f"/>
      </symbol>
      <symbol id="sm-46e">
         <name>__TI_decompress_lzss</name>
         <value>0x3469</value>
         <object_component_ref idref="oc-14"/>
      </symbol>
      <symbol id="sm-485">
         <name>__TI_decompress_none</name>
         <value>0x39bd</value>
         <object_component_ref idref="oc-1a"/>
      </symbol>
      <symbol id="sm-497">
         <name>__TI_zero_init</name>
         <value>0x39d9</value>
         <object_component_ref idref="oc-20"/>
      </symbol>
      <symbol id="sm-4b1">
         <name>__TI_tmpnams</name>
         <value>0x20000620</value>
      </symbol>
      <symbol id="sm-4b2">
         <name>__aeabi_stdout</name>
         <value>0x200009b0</value>
         <object_component_ref idref="oc-1f9"/>
      </symbol>
      <symbol id="sm-4b3">
         <name>__aeabi_stderr</name>
         <value>0x200009b4</value>
         <object_component_ref idref="oc-1f9"/>
      </symbol>
      <symbol id="sm-4b4">
         <name>__aeabi_stdin</name>
         <value>0x200009ac</value>
         <object_component_ref idref="oc-1f9"/>
      </symbol>
      <symbol id="sm-4b5">
         <name>_ftable</name>
         <value>0x200007d8</value>
         <object_component_ref idref="oc-1a6"/>
      </symbol>
      <symbol id="sm-4b6">
         <name>__TI_ft_end</name>
         <value>0x200009a8</value>
         <object_component_ref idref="oc-1f9"/>
      </symbol>
      <symbol id="sm-4d7">
         <name>C$$EXIT</name>
         <value>0x3761</value>
         <object_component_ref idref="oc-6e"/>
      </symbol>
      <symbol id="sm-4d8">
         <name>abort</name>
         <value>0x3765</value>
         <object_component_ref idref="oc-6e"/>
      </symbol>
      <symbol id="sm-4d9">
         <name>exit</name>
         <value>0x376d</value>
         <object_component_ref idref="oc-6e"/>
      </symbol>
      <symbol id="sm-4da">
         <name>__TI_dtors_ptr</name>
         <value>0x200009bc</value>
         <object_component_ref idref="oc-bf"/>
      </symbol>
      <symbol id="sm-4db">
         <name>__TI_cleanup_ptr</name>
         <value>0x200009b8</value>
         <object_component_ref idref="oc-bf"/>
      </symbol>
      <symbol id="sm-4dc">
         <name>__TI_enable_exit_profile_output</name>
         <value>0x200009c0</value>
         <object_component_ref idref="oc-bf"/>
      </symbol>
      <symbol id="sm-513">
         <name>__TI_cleanup</name>
         <value>0x27d9</value>
         <object_component_ref idref="oc-19a"/>
      </symbol>
      <symbol id="sm-514">
         <name>freopen</name>
         <value>0x2805</value>
         <object_component_ref idref="oc-19a"/>
      </symbol>
      <symbol id="sm-515">
         <name>fopen</name>
         <value>0x282f</value>
         <object_component_ref idref="oc-19a"/>
      </symbol>
      <symbol id="sm-52a">
         <name>finddevice</name>
         <value>0x3321</value>
         <object_component_ref idref="oc-1db"/>
      </symbol>
      <symbol id="sm-52b">
         <name>getdevice</name>
         <value>0x334b</value>
         <object_component_ref idref="oc-1db"/>
      </symbol>
      <symbol id="sm-546">
         <name>memcpy</name>
         <value>0x3089</value>
         <object_component_ref idref="oc-3e"/>
      </symbol>
      <symbol id="sm-547">
         <name>__aeabi_memcpy</name>
         <value>0x3089</value>
         <object_component_ref idref="oc-3e"/>
      </symbol>
      <symbol id="sm-548">
         <name>__aeabi_memcpy8</name>
         <value>0x3089</value>
         <object_component_ref idref="oc-3e"/>
      </symbol>
      <symbol id="sm-549">
         <name>__aeabi_memcpy4</name>
         <value>0x3089</value>
         <object_component_ref idref="oc-3e"/>
      </symbol>
      <symbol id="sm-558">
         <name>__aeabi_memset</name>
         <value>0x31bf</value>
         <object_component_ref idref="oc-4a"/>
      </symbol>
      <symbol id="sm-559">
         <name>memset</name>
         <value>0x31c5</value>
         <object_component_ref idref="oc-4a"/>
      </symbol>
      <symbol id="sm-55a">
         <name>__aeabi_memset8</name>
         <value>0x31bf</value>
         <object_component_ref idref="oc-4a"/>
      </symbol>
      <symbol id="sm-55b">
         <name>__aeabi_memset4</name>
         <value>0x31bf</value>
         <object_component_ref idref="oc-4a"/>
      </symbol>
      <symbol id="sm-55c">
         <name>__aeabi_memclr8</name>
         <value>0x31bd</value>
         <object_component_ref idref="oc-4a"/>
      </symbol>
      <symbol id="sm-55d">
         <name>__aeabi_memclr4</name>
         <value>0x31bd</value>
         <object_component_ref idref="oc-4a"/>
      </symbol>
      <symbol id="sm-55e">
         <name>__aeabi_memclr</name>
         <value>0x31bd</value>
         <object_component_ref idref="oc-4a"/>
      </symbol>
      <symbol id="sm-568">
         <name>__mpu_init</name>
         <value>0x1c0b</value>
         <object_component_ref idref="oc-56"/>
      </symbol>
      <symbol id="sm-58a">
         <name>open</name>
         <value>0x2e6d</value>
         <object_component_ref idref="oc-1ed"/>
      </symbol>
      <symbol id="sm-594">
         <name>_system_pre_init</name>
         <value>0x39e5</value>
         <object_component_ref idref="oc-5c"/>
      </symbol>
      <symbol id="sm-5b5">
         <name>setvbuf</name>
         <value>0x2cc9</value>
         <object_component_ref idref="oc-1a0"/>
      </symbol>
      <symbol id="sm-5bd">
         <name>main_func_sp</name>
         <value>0x200009ec</value>
         <object_component_ref idref="oc-74"/>
      </symbol>
      <symbol id="sm-5cd">
         <name>strchr</name>
         <value>0x3969</value>
         <object_component_ref idref="oc-215"/>
      </symbol>
      <symbol id="sm-5dc">
         <name>strcmp</name>
         <value>0x3951</value>
         <object_component_ref idref="oc-140"/>
      </symbol>
      <symbol id="sm-5ec">
         <name>strncpy</name>
         <value>0x3889</value>
         <object_component_ref idref="oc-1e1"/>
      </symbol>
      <symbol id="sm-608">
         <name>_stream</name>
         <value>0x20000940</value>
         <object_component_ref idref="oc-259"/>
      </symbol>
      <symbol id="sm-609">
         <name>_device</name>
         <value>0x200008c8</value>
         <object_component_ref idref="oc-1e8"/>
      </symbol>
      <symbol id="sm-60a">
         <name>write</name>
         <value>0x38ed</value>
         <object_component_ref idref="oc-2b7"/>
      </symbol>
      <symbol id="sm-623">
         <name>_nop</name>
         <value>0x398f</value>
         <object_component_ref idref="oc-153"/>
      </symbol>
      <symbol id="sm-624">
         <name>_lock</name>
         <value>0x200009d0</value>
         <object_component_ref idref="oc-c2"/>
      </symbol>
      <symbol id="sm-625">
         <name>_unlock</name>
         <value>0x200009d4</value>
         <object_component_ref idref="oc-c2"/>
      </symbol>
      <symbol id="sm-626">
         <name>_register_lock</name>
         <value>0x3987</value>
         <object_component_ref idref="oc-153"/>
      </symbol>
      <symbol id="sm-627">
         <name>_register_unlock</name>
         <value>0x3981</value>
         <object_component_ref idref="oc-153"/>
      </symbol>
      <symbol id="sm-63b">
         <name>_args_main</name>
         <value>0x3939</value>
         <object_component_ref idref="oc-68"/>
      </symbol>
      <symbol id="sm-665">
         <name>__TI_auto_init</name>
         <value>0x32b1</value>
         <object_component_ref idref="oc-62"/>
      </symbol>
      <symbol id="sm-67f">
         <name>copy_in</name>
         <value>0x37b5</value>
         <object_component_ref idref="oc-a9"/>
      </symbol>
      <symbol id="sm-695">
         <name>__TI_closefile</name>
         <value>0x3125</value>
         <object_component_ref idref="oc-1f3"/>
      </symbol>
      <symbol id="sm-696">
         <name>fclose</name>
         <value>0x318b</value>
         <object_component_ref idref="oc-1f3"/>
      </symbol>
      <symbol id="sm-6b0">
         <name>__TI_doflush</name>
         <value>0x2da5</value>
         <object_component_ref idref="oc-25e"/>
      </symbol>
      <symbol id="sm-6b1">
         <name>fflush</name>
         <value>0x2df1</value>
         <object_component_ref idref="oc-25e"/>
      </symbol>
      <symbol id="sm-6c2">
         <name>HOSTclose</name>
         <value>0x3801</value>
         <object_component_ref idref="oc-225"/>
      </symbol>
      <symbol id="sm-6d3">
         <name>HOSTlseek</name>
         <value>0x34d1</value>
         <object_component_ref idref="oc-237"/>
      </symbol>
      <symbol id="sm-6e5">
         <name>parmbuf</name>
         <value>0x2000078c</value>
      </symbol>
      <symbol id="sm-6e6">
         <name>HOSTopen</name>
         <value>0x35a1</value>
         <object_component_ref idref="oc-21f"/>
      </symbol>
      <symbol id="sm-6f7">
         <name>HOSTread</name>
         <value>0x365d</value>
         <object_component_ref idref="oc-22b"/>
      </symbol>
      <symbol id="sm-708">
         <name>HOSTrename</name>
         <value>0x33fd</value>
         <object_component_ref idref="oc-243"/>
      </symbol>
      <symbol id="sm-719">
         <name>HOSTunlink</name>
         <value>0x3845</value>
         <object_component_ref idref="oc-23d"/>
      </symbol>
      <symbol id="sm-72a">
         <name>HOSTwrite</name>
         <value>0x36b5</value>
         <object_component_ref idref="oc-231"/>
      </symbol>
      <symbol id="sm-799">
         <name>_sys_memory</name>
         <value>0x20000000</value>
         <object_component_ref idref="oc-30"/>
      </symbol>
      <symbol id="sm-79a">
         <name>free</name>
         <value>0x1cf7</value>
         <object_component_ref idref="oc-1ff"/>
      </symbol>
      <symbol id="sm-79b">
         <name>realloc</name>
         <value>0x1db9</value>
         <object_component_ref idref="oc-1ff"/>
      </symbol>
      <symbol id="sm-79c">
         <name>memalign</name>
         <value>0x1ec1</value>
         <object_component_ref idref="oc-1ff"/>
      </symbol>
      <symbol id="sm-79d">
         <name>calloc</name>
         <value>0x1fad</value>
         <object_component_ref idref="oc-1ff"/>
      </symbol>
      <symbol id="sm-79e">
         <name>malloc</name>
         <value>0x1c8d</value>
         <object_component_ref idref="oc-1ff"/>
      </symbol>
      <symbol id="sm-79f">
         <name>minit</name>
         <value>0x1c0d</value>
         <object_component_ref idref="oc-1ff"/>
      </symbol>
      <symbol id="sm-7aa">
         <name>_system_post_cinit</name>
         <value>0x3237</value>
         <object_component_ref idref="oc-af"/>
      </symbol>
      <symbol id="sm-7b8">
         <name>strcpy</name>
         <value>0x3995</value>
         <object_component_ref idref="oc-2a4"/>
      </symbol>
      <symbol id="sm-7c6">
         <name>strlen</name>
         <value>0x39a9</value>
         <object_component_ref idref="oc-28a"/>
      </symbol>
      <symbol id="sm-7e1">
         <name>__TI_readmsg</name>
         <value>0x356b</value>
         <object_component_ref idref="oc-290"/>
      </symbol>
      <symbol id="sm-7e2">
         <name>C$$IO$$</name>
         <value>0x3567</value>
         <object_component_ref idref="oc-290"/>
      </symbol>
      <symbol id="sm-7e3">
         <name>__CIOBUF_</name>
         <value>0x20000400</value>
         <object_component_ref idref="oc-2cb"/>
      </symbol>
      <symbol id="sm-7e4">
         <name>__TI_writemsg</name>
         <value>0x3539</value>
         <object_component_ref idref="oc-290"/>
      </symbol>
      <symbol id="sm-7f4">
         <name>unlink</name>
         <value>0x38c1</value>
         <object_component_ref idref="oc-26a"/>
      </symbol>
      <symbol id="sm-808">
         <name>close</name>
         <value>0x3601</value>
         <object_component_ref idref="oc-264"/>
      </symbol>
      <symbol id="sm-809">
         <name>__TI_static_base__</name>
         <value>0x0</value>
      </symbol>
      <symbol id="sm-80c">
         <name>SHT$$INIT_ARRAY$$Limit</name>
         <value>0x0</value>
      </symbol>
      <symbol id="sm-80d">
         <name>SHT$$INIT_ARRAY$$Base</name>
         <value>0x0</value>
      </symbol>
      <symbol id="sm-80e">
         <name>NMI_Handler</name>
         <value>0x39d7</value>
      </symbol>
      <symbol id="sm-80f">
         <name>HardFault_Handler</name>
         <value>0x39d7</value>
      </symbol>
      <symbol id="sm-810">
         <name>MemManage_Handler</name>
         <value>0x39d7</value>
      </symbol>
      <symbol id="sm-811">
         <name>BusFault_Handler</name>
         <value>0x39d7</value>
      </symbol>
      <symbol id="sm-812">
         <name>UsageFault_Handler</name>
         <value>0x39d7</value>
      </symbol>
      <symbol id="sm-813">
         <name>SVC_Handler</name>
         <value>0x39d7</value>
      </symbol>
      <symbol id="sm-814">
         <name>DebugMon_Handler</name>
         <value>0x39d7</value>
      </symbol>
      <symbol id="sm-815">
         <name>PendSV_Handler</name>
         <value>0x39d7</value>
      </symbol>
      <symbol id="sm-816">
         <name>SysTick_Handler</name>
         <value>0x39d7</value>
      </symbol>
      <symbol id="sm-817">
         <name>PSS_IRQHandler</name>
         <value>0x39d7</value>
      </symbol>
      <symbol id="sm-818">
         <name>CS_IRQHandler</name>
         <value>0x39d7</value>
      </symbol>
      <symbol id="sm-819">
         <name>PCM_IRQHandler</name>
         <value>0x39d7</value>
      </symbol>
      <symbol id="sm-81a">
         <name>WDT_A_IRQHandler</name>
         <value>0x39d7</value>
      </symbol>
      <symbol id="sm-81b">
         <name>FPU_IRQHandler</name>
         <value>0x39d7</value>
      </symbol>
      <symbol id="sm-81c">
         <name>FLCTL_IRQHandler</name>
         <value>0x39d7</value>
      </symbol>
      <symbol id="sm-81d">
         <name>COMP_E0_IRQHandler</name>
         <value>0x39d7</value>
      </symbol>
      <symbol id="sm-81e">
         <name>COMP_E1_IRQHandler</name>
         <value>0x39d7</value>
      </symbol>
      <symbol id="sm-81f">
         <name>TA0_0_IRQHandler</name>
         <value>0x39d7</value>
      </symbol>
      <symbol id="sm-820">
         <name>TA0_N_IRQHandler</name>
         <value>0x39d7</value>
      </symbol>
      <symbol id="sm-821">
         <name>TA1_0_IRQHandler</name>
         <value>0x3053</value>
      </symbol>
      <symbol id="sm-822">
         <name>TA1_N_IRQHandler</name>
         <value>0x39d7</value>
      </symbol>
      <symbol id="sm-823">
         <name>TA2_0_IRQHandler</name>
         <value>0x39d7</value>
      </symbol>
      <symbol id="sm-824">
         <name>TA2_N_IRQHandler</name>
         <value>0x39d7</value>
      </symbol>
      <symbol id="sm-825">
         <name>TA3_0_IRQHandler</name>
         <value>0x39d7</value>
      </symbol>
      <symbol id="sm-826">
         <name>TA3_N_IRQHandler</name>
         <value>0x39d7</value>
      </symbol>
      <symbol id="sm-827">
         <name>EUSCIA0_IRQHandler</name>
         <value>0x16e5</value>
      </symbol>
      <symbol id="sm-828">
         <name>EUSCIA1_IRQHandler</name>
         <value>0x39d7</value>
      </symbol>
      <symbol id="sm-829">
         <name>EUSCIA2_IRQHandler</name>
         <value>0x39d7</value>
      </symbol>
      <symbol id="sm-82a">
         <name>EUSCIA3_IRQHandler</name>
         <value>0x39d7</value>
      </symbol>
      <symbol id="sm-82b">
         <name>EUSCIB0_IRQHandler</name>
         <value>0x39d7</value>
      </symbol>
      <symbol id="sm-82c">
         <name>EUSCIB1_IRQHandler</name>
         <value>0x39d7</value>
      </symbol>
      <symbol id="sm-82d">
         <name>EUSCIB2_IRQHandler</name>
         <value>0x39d7</value>
      </symbol>
      <symbol id="sm-82e">
         <name>EUSCIB3_IRQHandler</name>
         <value>0x39d7</value>
      </symbol>
      <symbol id="sm-82f">
         <name>ADC14_IRQHandler</name>
         <value>0x39d7</value>
      </symbol>
      <symbol id="sm-830">
         <name>T32_INT1_IRQHandler</name>
         <value>0x39d7</value>
      </symbol>
      <symbol id="sm-831">
         <name>T32_INT2_IRQHandler</name>
         <value>0x39d7</value>
      </symbol>
      <symbol id="sm-832">
         <name>T32_INTC_IRQHandler</name>
         <value>0x39d7</value>
      </symbol>
      <symbol id="sm-833">
         <name>AES256_IRQHandler</name>
         <value>0x39d7</value>
      </symbol>
      <symbol id="sm-834">
         <name>RTC_C_IRQHandler</name>
         <value>0x39d7</value>
      </symbol>
      <symbol id="sm-835">
         <name>DMA_ERR_IRQHandler</name>
         <value>0x39d7</value>
      </symbol>
      <symbol id="sm-836">
         <name>DMA_INT3_IRQHandler</name>
         <value>0x39d7</value>
      </symbol>
      <symbol id="sm-837">
         <name>DMA_INT2_IRQHandler</name>
         <value>0x39d7</value>
      </symbol>
      <symbol id="sm-838">
         <name>DMA_INT1_IRQHandler</name>
         <value>0x39d7</value>
      </symbol>
      <symbol id="sm-839">
         <name>DMA_INT0_IRQHandler</name>
         <value>0x39d7</value>
      </symbol>
      <symbol id="sm-83a">
         <name>PORT1_IRQHandler</name>
         <value>0x39d7</value>
      </symbol>
      <symbol id="sm-83b">
         <name>PORT2_IRQHandler</name>
         <value>0x39d7</value>
      </symbol>
      <symbol id="sm-83c">
         <name>PORT3_IRQHandler</name>
         <value>0x39d7</value>
      </symbol>
      <symbol id="sm-83d">
         <name>PORT4_IRQHandler</name>
         <value>0x39d7</value>
      </symbol>
      <symbol id="sm-83e">
         <name>PORT5_IRQHandler</name>
         <value>0x39d7</value>
      </symbol>
      <symbol id="sm-83f">
         <name>PORT6_IRQHandler</name>
         <value>0x39d7</value>
      </symbol>
      <symbol id="sm-840">
         <name>remove</name>
         <value>0x38c1</value>
      </symbol>
   </symbol_table>
   <title>Link successful</title>
</link_info>
