******************************************************************************
                  TI ARM Linker PC v16.9.3                     
******************************************************************************
>> Linked Wed Jan 24 20:51:57 2018

OUTPUT FILE NAME:   <PeriodicSysTickInt.out>
ENTRY POINT SYMBOL: "_c_int00"  address: 0000094d


MEMORY CONFIGURATION

         name            origin    length      used     unused   attr    fill
----------------------  --------  ---------  --------  --------  ----  --------
  MAIN                  00000000   00040000  00000b3e  0003f4c2  R  X
  INFO                  00200000   00004000  00000000  00004000  R  X
  SRAM_CODE             01000000   00010000  0000023c  0000fdc4  RW X
  SRAM_DATA             20000000   00010000  0000023c  0000fdc4  RW  


SEGMENT ALLOCATION MAP

run origin  load origin   length   init length attrs members
----------  ----------- ---------- ----------- ----- -------
00000000    00000000    00000b40   00000b40    r-x
  00000000    00000000    000000e4   000000e4    r-- .intvecs
  000000e4    000000e4    00000a1a   00000a1a    r-x .text
  00000b00    00000b00    00000040   00000040    r-- .cinit
20000000    20000000    0000003c   00000000    rw-
  20000000    20000000    00000034   00000000    rw- .data
  20000034    20000034    00000008   00000000    rw- .bss
2000fe00    2000fe00    00000200   00000000    rw-
  2000fe00    2000fe00    00000200   00000000    rw- .stack


SECTION ALLOCATION MAP

 output                                  attributes/
section   page    origin      length       input sections
--------  ----  ----------  ----------   ----------------
.intvecs   0    00000000    000000e4     
                  00000000    000000e4     startup_msp432p401r_ccs.obj (.intvecs:retain)

.binit     0    00000000    00000000     

.text      0    000000e4    00000a1a     
                  000000e4    0000032c     system_msp432p401r.obj (.text)
                  00000410    000001e0     Clock.obj (.text)
                  000005f0    000000f4     LaunchPad.obj (.text)
                  000006e4    0000009c     rtsv7M4_T_le_v4SPD16_eabi.lib : memcpy_t2.obj (.text)
                  00000780    0000007a                                   : memset_t2.obj (.text)
                  000007fa    00000002                                   : mpu_init.obj (.text)
                  000007fc    00000078     PeriodicSysTickIntsMain.obj (.text)
                  00000874    00000070     rtsv7M4_T_le_v4SPD16_eabi.lib : autoinit.obj (.text)
                  000008e4    00000068                                   : copy_decompress_lzss.obj (.text:decompress:lzss)
                  0000094c    00000054                                   : boot.obj (.text)
                  000009a0    00000054                                   : exit.obj (.text)
                  000009f4    0000004c                                   : cpy_tbl.obj (.text)
                  00000a40    00000040     SysTickInts.obj (.text)
                  00000a80    00000024     CortexM.obj (.text)
                  00000aa4    00000018     rtsv7M4_T_le_v4SPD16_eabi.lib : args_main.obj (.text)
                  00000abc    00000014                                   : _lock.obj (.text)
                  00000ad0    0000000e                                   : copy_decompress_none.obj (.text:decompress:none)
                  00000ade    0000000e     startup_msp432p401r_ccs.obj (.text)
                  00000aec    0000000c     rtsv7M4_T_le_v4SPD16_eabi.lib : copy_zero_init.obj (.text:decompress:ZI)
                  00000af8    00000004                                   : pre_init.obj (.text)
                  00000afc    00000002                                   : startup.obj (.text)

.cinit     0    00000b00    00000040     
                  00000b00    00000017     (.cinit..data.load) [load image, compression = lzss]
                  00000b17    00000001     --HOLE-- [fill = 0]
                  00000b18    0000000c     (__TI_handler_table)
                  00000b24    00000004     --HOLE-- [fill = 0]
                  00000b28    00000008     (.cinit..bss.load) [load image, compression = zero_init]
                  00000b30    00000010     (__TI_cinit_table)

.init_array 
*          0    00000000    00000000     UNINITIALIZED

.data      0    20000000    00000034     UNINITIALIZED
                  20000000    00000018     Clock.obj (.data)
                  20000018    0000000c     rtsv7M4_T_le_v4SPD16_eabi.lib : exit.obj (.data:$O1$$)
                  20000024    00000008                                   : _lock.obj (.data:$O1$$)
                  2000002c    00000004                                   : stkdepth_vars.obj (.data)
                  20000030    00000004     system_msp432p401r.obj (.data)

.bss       0    20000034    00000008     UNINITIALIZED
                  20000034    00000004     (.common:MainCount)
                  20000038    00000004     (.common:Time)

.stack     0    2000fe00    00000200     UNINITIALIZED
                  2000fe00    00000200     --HOLE--

MODULE SUMMARY

       Module                        code   ro data   rw data
       ------                        ----   -------   -------
    .\
       system_msp432p401r.obj        812    0         8      
       Clock.obj                     480    0         48     
       LaunchPad.obj                 244    0         0      
       startup_msp432p401r_ccs.obj   14     228       0      
       PeriodicSysTickIntsMain.obj   120    0         16     
       SysTickInts.obj               64     0         0      
       CortexM.obj                   36     0         0      
    +--+-----------------------------+------+---------+---------+
       Total:                        1770   228       72     
                                                             
    C:\ti\ccsv7\tools\compiler\ti-cgt-arm_16.9.3.LTS\lib\rtsv7M4_T_le_v4SPD16_eabi.lib
       memcpy_t2.obj                 156    0         0      
       memset_t2.obj                 122    0         0      
       autoinit.obj                  112    0         0      
       exit.obj                      84     0         24     
       copy_decompress_lzss.obj      104    0         0      
       boot.obj                      84     0         0      
       cpy_tbl.obj                   76     0         0      
       _lock.obj                     20     0         16     
       args_main.obj                 24     0         0      
       copy_decompress_none.obj      14     0         0      
       copy_zero_init.obj            12     0         0      
       stkdepth_vars.obj             0      0         8      
       pre_init.obj                  4      0         0      
       mpu_init.obj                  2      0         0      
       startup.obj                   2      0         0      
    +--+-----------------------------+------+---------+---------+
       Total:                        816    0         48     
                                                             
       Stack:                        0      0         1024   
       Linker Generated:             0      59        0      
    +--+-----------------------------+------+---------+---------+
       Grand Total:                  2586   287       1144   


LINKER GENERATED COPY TABLES

__TI_cinit_table @ 00000b30 records: 2, size/record: 8, table size: 16
	.data: load addr=00000b00, load size=00000017 bytes, run addr=20000000, run size=00000034 bytes, compression=lzss
	.bss: load addr=00000b28, load size=00000008 bytes, run addr=20000034, run size=00000008 bytes, compression=zero_init


LINKER GENERATED HANDLER TABLE

__TI_handler_table @ 00000b18 records: 3, size/record: 4, table size: 12
	index: 0, handler: __TI_decompress_lzss
	index: 1, handler: __TI_decompress_none
	index: 2, handler: __TI_zero_init


GLOBAL SYMBOLS: SORTED ALPHABETICALLY BY Name 

address   name                           
-------   ----                           
00000aeb  ADC14_IRQHandler               
00000aeb  AES256_IRQHandler              
00000aeb  BusFault_Handler               
000009a1  C$$EXIT                        
00000aeb  COMP_E0_IRQHandler             
00000aeb  COMP_E1_IRQHandler             
20000008  CPMwait                        
00000aeb  CS_IRQHandler                  
20000000  ClockFrequency                 
00000565  Clock_Delay1ms                 
0000053b  Clock_Delay1us                 
00000527  Clock_GetFreq                  
00000411  Clock_Init48MHz                
20000014  Crystalstable                  
00000aeb  DMA_ERR_IRQHandler             
00000aeb  DMA_INT0_IRQHandler            
00000aeb  DMA_INT1_IRQHandler            
00000aeb  DMA_INT2_IRQHandler            
00000aeb  DMA_INT3_IRQHandler            
00000aeb  DebugMon_Handler               
00000aeb  Default_Handler                
00000a81  DisableInterrupts              
00000aeb  EUSCIA0_IRQHandler             
00000aeb  EUSCIA1_IRQHandler             
00000aeb  EUSCIA2_IRQHandler             
00000aeb  EUSCIA3_IRQHandler             
00000aeb  EUSCIB0_IRQHandler             
00000aeb  EUSCIB1_IRQHandler             
00000aeb  EUSCIB2_IRQHandler             
00000aeb  EUSCIB3_IRQHandler             
00000a87  EnableInterrupts               
00000a97  EndCritical                    
00000aeb  FLCTL_IRQHandler               
00000aeb  FPU_IRQHandler                 
00000aeb  HardFault_Handler              
20000010  IFlags                         
000005f1  LaunchPad_Init                 
00000661  LaunchPad_Input                
0000067b  LaunchPad_LED                  
00000699  LaunchPad_Output               
20000034  MainCount                      
00000aeb  MemManage_Handler              
00000aeb  NMI_Handler                    
00000aeb  PCM_IRQHandler                 
00000aeb  PORT1_IRQHandler               
00000aeb  PORT2_IRQHandler               
00000aeb  PORT3_IRQHandler               
00000aeb  PORT4_IRQHandler               
00000aeb  PORT5_IRQHandler               
00000aeb  PORT6_IRQHandler               
00000aeb  PSS_IRQHandler                 
00000aeb  PendSV_Handler                 
2000000c  Postwait                       
20000004  Prewait                        
00000aeb  RTC_C_IRQHandler               
00000adf  Reset_Handler                  
UNDEFED   SHT$$INIT_ARRAY$$Base          
UNDEFED   SHT$$INIT_ARRAY$$Limit         
00000aeb  SVC_Handler                    
00000a8d  StartCritical                  
000007fd  SysTick_Handler                
000007fd  SysTick_Handler                
00000a41  SysTick_Init                   
20000030  SystemCoreClock                
000000e5  SystemCoreClockUpdate          
00000359  SystemInit                     
00000aeb  T32_INT1_IRQHandler            
00000aeb  T32_INT2_IRQHandler            
00000aeb  T32_INTC_IRQHandler            
00000aeb  TA0_0_IRQHandler               
00000aeb  TA0_N_IRQHandler               
00000aeb  TA1_0_IRQHandler               
00000aeb  TA1_N_IRQHandler               
00000aeb  TA2_0_IRQHandler               
00000aeb  TA2_N_IRQHandler               
00000aeb  TA3_0_IRQHandler               
00000aeb  TA3_N_IRQHandler               
20000038  Time                           
00000aeb  UsageFault_Handler             
4000480c  WDTCTL_SYM                     
00000aeb  WDT_A_IRQHandler               
00000a9f  WaitForInterrupt               
20010000  __STACK_END                    
00000200  __STACK_SIZE                   
00000b30  __TI_CINIT_Base                
00000b40  __TI_CINIT_Limit               
00000b18  __TI_Handler_Table_Base        
00000b24  __TI_Handler_Table_Limit       
00000875  __TI_auto_init                 
20000018  __TI_cleanup_ptr               
000008e5  __TI_decompress_lzss           
00000ad1  __TI_decompress_none           
2000001c  __TI_dtors_ptr                 
20000020  __TI_enable_exit_profile_output
ffffffff  __TI_pprof_out_hndl            
ffffffff  __TI_prof_data_size            
ffffffff  __TI_prof_data_start           
00000000  __TI_static_base__             
00000aed  __TI_zero_init                 
00000781  __aeabi_memclr                 
00000781  __aeabi_memclr4                
00000781  __aeabi_memclr8                
000006e5  __aeabi_memcpy                 
000006e5  __aeabi_memcpy4                
000006e5  __aeabi_memcpy8                
00000783  __aeabi_memset                 
00000783  __aeabi_memset4                
00000783  __aeabi_memset8                
ffffffff  __binit__                      
ffffffff  __c_args__                     
000007fb  __mpu_init                     
2000fe00  __stack                        
00000aa5  _args_main                     
0000094d  _c_int00                       
20000024  _lock                          
00000acb  _nop                           
00000ac3  _register_lock                 
00000abd  _register_unlock               
00000afd  _system_post_cinit             
00000af9  _system_pre_init               
20000028  _unlock                        
000009a5  abort                          
ffffffff  binit                          
000009f5  copy_in                        
0000052d  delay                          
000009ad  exit                           
00000000  interruptVectors               
00000827  main                           
2000002c  main_func_sp                   
000006e5  memcpy                         
00000789  memset                         


GLOBAL SYMBOLS: SORTED BY Symbol Address 

address   name                           
-------   ----                           
00000000  __TI_static_base__             
00000000  interruptVectors               
000000e5  SystemCoreClockUpdate          
00000200  __STACK_SIZE                   
00000359  SystemInit                     
00000411  Clock_Init48MHz                
00000527  Clock_GetFreq                  
0000052d  delay                          
0000053b  Clock_Delay1us                 
00000565  Clock_Delay1ms                 
000005f1  LaunchPad_Init                 
00000661  LaunchPad_Input                
0000067b  LaunchPad_LED                  
00000699  LaunchPad_Output               
000006e5  __aeabi_memcpy                 
000006e5  __aeabi_memcpy4                
000006e5  __aeabi_memcpy8                
000006e5  memcpy                         
00000781  __aeabi_memclr                 
00000781  __aeabi_memclr4                
00000781  __aeabi_memclr8                
00000783  __aeabi_memset                 
00000783  __aeabi_memset4                
00000783  __aeabi_memset8                
00000789  memset                         
000007fb  __mpu_init                     
000007fd  SysTick_Handler                
000007fd  SysTick_Handler                
00000827  main                           
00000875  __TI_auto_init                 
000008e5  __TI_decompress_lzss           
0000094d  _c_int00                       
000009a1  C$$EXIT                        
000009a5  abort                          
000009ad  exit                           
000009f5  copy_in                        
00000a41  SysTick_Init                   
00000a81  DisableInterrupts              
00000a87  EnableInterrupts               
00000a8d  StartCritical                  
00000a97  EndCritical                    
00000a9f  WaitForInterrupt               
00000aa5  _args_main                     
00000abd  _register_unlock               
00000ac3  _register_lock                 
00000acb  _nop                           
00000ad1  __TI_decompress_none           
00000adf  Reset_Handler                  
00000aeb  ADC14_IRQHandler               
00000aeb  AES256_IRQHandler              
00000aeb  BusFault_Handler               
00000aeb  COMP_E0_IRQHandler             
00000aeb  COMP_E1_IRQHandler             
00000aeb  CS_IRQHandler                  
00000aeb  DMA_ERR_IRQHandler             
00000aeb  DMA_INT0_IRQHandler            
00000aeb  DMA_INT1_IRQHandler            
00000aeb  DMA_INT2_IRQHandler            
00000aeb  DMA_INT3_IRQHandler            
00000aeb  DebugMon_Handler               
00000aeb  Default_Handler                
00000aeb  EUSCIA0_IRQHandler             
00000aeb  EUSCIA1_IRQHandler             
00000aeb  EUSCIA2_IRQHandler             
00000aeb  EUSCIA3_IRQHandler             
00000aeb  EUSCIB0_IRQHandler             
00000aeb  EUSCIB1_IRQHandler             
00000aeb  EUSCIB2_IRQHandler             
00000aeb  EUSCIB3_IRQHandler             
00000aeb  FLCTL_IRQHandler               
00000aeb  FPU_IRQHandler                 
00000aeb  HardFault_Handler              
00000aeb  MemManage_Handler              
00000aeb  NMI_Handler                    
00000aeb  PCM_IRQHandler                 
00000aeb  PORT1_IRQHandler               
00000aeb  PORT2_IRQHandler               
00000aeb  PORT3_IRQHandler               
00000aeb  PORT4_IRQHandler               
00000aeb  PORT5_IRQHandler               
00000aeb  PORT6_IRQHandler               
00000aeb  PSS_IRQHandler                 
00000aeb  PendSV_Handler                 
00000aeb  RTC_C_IRQHandler               
00000aeb  SVC_Handler                    
00000aeb  T32_INT1_IRQHandler            
00000aeb  T32_INT2_IRQHandler            
00000aeb  T32_INTC_IRQHandler            
00000aeb  TA0_0_IRQHandler               
00000aeb  TA0_N_IRQHandler               
00000aeb  TA1_0_IRQHandler               
00000aeb  TA1_N_IRQHandler               
00000aeb  TA2_0_IRQHandler               
00000aeb  TA2_N_IRQHandler               
00000aeb  TA3_0_IRQHandler               
00000aeb  TA3_N_IRQHandler               
00000aeb  UsageFault_Handler             
00000aeb  WDT_A_IRQHandler               
00000aed  __TI_zero_init                 
00000af9  _system_pre_init               
00000afd  _system_post_cinit             
00000b18  __TI_Handler_Table_Base        
00000b24  __TI_Handler_Table_Limit       
00000b30  __TI_CINIT_Base                
00000b40  __TI_CINIT_Limit               
20000000  ClockFrequency                 
20000004  Prewait                        
20000008  CPMwait                        
2000000c  Postwait                       
20000010  IFlags                         
20000014  Crystalstable                  
20000018  __TI_cleanup_ptr               
2000001c  __TI_dtors_ptr                 
20000020  __TI_enable_exit_profile_output
20000024  _lock                          
20000028  _unlock                        
2000002c  main_func_sp                   
20000030  SystemCoreClock                
20000034  MainCount                      
20000038  Time                           
2000fe00  __stack                        
20010000  __STACK_END                    
4000480c  WDTCTL_SYM                     
ffffffff  __TI_pprof_out_hndl            
ffffffff  __TI_prof_data_size            
ffffffff  __TI_prof_data_start           
ffffffff  __binit__                      
ffffffff  __c_args__                     
ffffffff  binit                          
UNDEFED   SHT$$INIT_ARRAY$$Base          
UNDEFED   SHT$$INIT_ARRAY$$Limit         

[131 symbols]
