******************************************************************************
                  TI ARM Linker PC v20.2.5                     
******************************************************************************
>> Linked Wed Oct 13 20:43:55 2021

OUTPUT FILE NAME:   <Lab12_Motors.out>
ENTRY POINT SYMBOL: "_c_int00_noargs"  address: 00000bed


MEMORY CONFIGURATION

         name            origin    length      used     unused   attr    fill
----------------------  --------  ---------  --------  --------  ----  --------
  MAIN                  00000000   00040000  00000c6a  0003f396  R  X
  INFO                  00200000   00004000  00000000  00004000  R  X
  SRAM_CODE             01000000   00010000  0000021c  0000fde4  RW X
  SRAM_DATA             20000000   00010000  0000021c  0000fde4  RW  


SEGMENT ALLOCATION MAP

run origin  load origin   length   init length attrs members
----------  ----------- ---------- ----------- ----- -------
00000000    00000000    00000c70   00000c70    r-x
  00000000    00000000    000000e4   000000e4    r-- .intvecs
  000000e4    000000e4    00000b66   00000b66    r-x .text
  00000c50    00000c50    00000020   00000020    r-- .cinit
20000000    20000000    0000001c   00000000    rw-
  20000000    20000000    0000001c   00000000    rw- .data
2000fe00    2000fe00    00000200   00000000    rw-
  2000fe00    2000fe00    00000200   00000000    rw- .stack


SECTION ALLOCATION MAP

 output                                  attributes/
section   page    origin      length       input sections
--------  ----  ----------  ----------   ----------------
.intvecs   0    00000000    000000e4     
                  00000000    000000e4     startup_msp432p401r_ccs.obj (.intvecs:retain)

.text      0    000000e4    00000b66     
                  000000e4    0000032c     system_msp432p401r.obj (.text)
                  00000410    000001f4     MotorSimple.obj (.text)
                  00000604    000001e0     Clock.obj (.text)
                  000007e4    0000015c     Lab12_Motorsmain.obj (.text)
                  00000940    000000f8     LaunchPad.obj (.text)
                  00000a38    0000009c     rtsv7M4_T_le_v4SPD16_eabi.lib : memcpy_t2.asm.obj (.text)
                  00000ad4    0000006c     SysTick.obj (.text)
                  00000b40    00000068     rtsv7M4_T_le_v4SPD16_eabi.lib : copy_decompress_lzss.c.obj (.text:decompress:lzss:__TI_decompress_lzss)
                  00000ba8    00000044                                   : autoinit.c.obj (.text:__TI_auto_init_nobinit_nopinit:__TI_auto_init_nobinit_nopinit)
                  00000bec    00000034                                   : boot_cortex_m.c.obj (.text:_c_int00_noargs:_c_int00_noargs)
                  00000c20    0000000e                                   : copy_decompress_none.c.obj (.text:decompress:none:__TI_decompress_none)
                  00000c2e    0000000e     startup_msp432p401r_ccs.obj (.text)
                  00000c3c    00000006     Bump.obj (.text)
                  00000c42    00000004     rtsv7M4_T_le_v4SPD16_eabi.lib : pre_init.c.obj (.text:_system_pre_init)
                  00000c46    00000004                                   : exit.c.obj (.text:abort:abort)

.cinit     0    00000c50    00000020     
                  00000c50    0000000d     (.cinit..data.load) [load image, compression = lzss]
                  00000c5d    00000003     --HOLE-- [fill = 0]
                  00000c60    00000008     (__TI_handler_table)
                  00000c68    00000008     (__TI_cinit_table)

.init_array 
*          0    00000000    00000000     UNINITIALIZED

.binit     0    00000000    00000000     

.data      0    20000000    0000001c     UNINITIALIZED
                  20000000    00000018     Clock.obj (.data)
                  20000018    00000004     system_msp432p401r.obj (.data)

.stack     0    2000fe00    00000200     UNINITIALIZED
                  2000fe00    00000004     rtsv7M4_T_le_v4SPD16_eabi.lib : boot_cortex_m.c.obj (.stack)
                  2000fe04    000001fc     --HOLE--

__llvm_prf_cnts 
*          0    20000000    00000000     UNINITIALIZED

MODULE SUMMARY

       Module                        code   ro data   rw data
       ------                        ----   -------   -------
    .\
       system_msp432p401r.obj        812    0         8      
       Clock.obj                     480    0         48     
       MotorSimple.obj               500    0         0      
       Lab12_Motorsmain.obj          348    0         0      
       LaunchPad.obj                 248    0         0      
       startup_msp432p401r_ccs.obj   14     228       0      
       SysTick.obj                   108    0         0      
       Bump.obj                      6      0         0      
    +--+-----------------------------+------+---------+---------+
       Total:                        2516   228       56     
                                                             
    C:\ti\ccs1040\ccs\tools\compiler\ti-cgt-arm_20.2.5.LTS\lib\rtsv7M4_T_le_v4SPD16_eabi.lib
       memcpy_t2.asm.obj             156    0         0      
       copy_decompress_lzss.c.obj    104    0         0      
       autoinit.c.obj                68     0         0      
       boot_cortex_m.c.obj           52     0         0      
       copy_decompress_none.c.obj    14     0         0      
       exit.c.obj                    4      0         0      
       pre_init.c.obj                4      0         0      
    +--+-----------------------------+------+---------+---------+
       Total:                        402    0         0      
                                                             
       Stack:                        0      0         1024   
       Linker Generated:             0      29        0      
    +--+-----------------------------+------+---------+---------+
       Grand Total:                  2918   257       1080   


LINKER GENERATED COPY TABLES

__TI_cinit_table @ 00000c68 records: 1, size/record: 8, table size: 8
	.data: load addr=00000c50, load size=0000000d bytes, run addr=20000000, run size=0000001c bytes, compression=lzss


LINKER GENERATED HANDLER TABLE

__TI_handler_table @ 00000c60 records: 2, size/record: 4, table size: 8
	index: 0, handler: __TI_decompress_lzss
	index: 1, handler: __TI_decompress_none


GLOBAL SYMBOLS: SORTED ALPHABETICALLY BY Name 

address   name                          
-------   ----                          
00000c3b  ADC14_IRQHandler              
00000c3b  AES256_IRQHandler             
00000c3d  Bump_Init                     
00000c3f  Bump_Read                     
00000c3b  BusFault_Handler              
00000c47  C$$EXIT                       
00000c3b  COMP_E0_IRQHandler            
00000c3b  COMP_E1_IRQHandler            
20000008  CPMwait                       
00000c3b  CS_IRQHandler                 
20000000  ClockFrequency                
00000759  Clock_Delay1ms                
0000072f  Clock_Delay1us                
0000071b  Clock_GetFreq                 
00000605  Clock_Init48MHz               
20000014  Crystalstable                 
00000c3b  DMA_ERR_IRQHandler            
00000c3b  DMA_INT0_IRQHandler           
00000c3b  DMA_INT1_IRQHandler           
00000c3b  DMA_INT2_IRQHandler           
00000c3b  DMA_INT3_IRQHandler           
00000c3b  DebugMon_Handler              
00000c3b  Default_Handler               
00000c3b  EUSCIA0_IRQHandler            
00000c3b  EUSCIA1_IRQHandler            
00000c3b  EUSCIA2_IRQHandler            
00000c3b  EUSCIA3_IRQHandler            
00000c3b  EUSCIB0_IRQHandler            
00000c3b  EUSCIB1_IRQHandler            
00000c3b  EUSCIB2_IRQHandler            
00000c3b  EUSCIB3_IRQHandler            
00000c3b  FLCTL_IRQHandler              
00000c3b  FPU_IRQHandler                
00000c3b  HardFault_Handler             
20000010  IFlags                        
00000941  LaunchPad_Init                
000009b1  LaunchPad_Input               
000009cf  LaunchPad_LED                 
000009ed  LaunchPad_Output              
00000c3b  MemManage_Handler             
0000051f  Motor_BackwardSimple          
0000048d  Motor_ForwardSimple           
00000411  Motor_InitSimple              
000005b3  Motor_LeftSimple              
000005c1  Motor_RightSimple             
0000046d  Motor_StopSimple              
00000c3b  NMI_Handler                   
00000c3b  PCM_IRQHandler                
00000c3b  PORT1_IRQHandler              
00000c3b  PORT2_IRQHandler              
00000c3b  PORT3_IRQHandler              
00000c3b  PORT4_IRQHandler              
00000c3b  PORT5_IRQHandler              
00000c3b  PORT6_IRQHandler              
00000c3b  PSS_IRQHandler                
000007e5  Pause                         
00000c3b  PendSV_Handler                
2000000c  Postwait                      
20000004  Prewait                       
000007f9  Program12_1                   
0000084d  Program12_2                   
0000089d  Program12_3                   
00000c3b  RTC_C_IRQHandler              
00000c2f  Reset_Handler                 
00000c3b  SVC_Handler                   
00000c3b  SysTick_Handler               
00000ad5  SysTick_Init                  
00000ae5  SysTick_Wait                  
00000b0b  SysTick_Wait10ms              
20000018  SystemCoreClock               
000000e5  SystemCoreClockUpdate         
00000359  SystemInit                    
00000c3b  T32_INT1_IRQHandler           
00000c3b  T32_INT2_IRQHandler           
00000c3b  T32_INTC_IRQHandler           
00000c3b  TA0_0_IRQHandler              
00000c3b  TA0_N_IRQHandler              
00000c3b  TA1_0_IRQHandler              
00000c3b  TA1_N_IRQHandler              
00000c3b  TA2_0_IRQHandler              
00000c3b  TA2_N_IRQHandler              
00000c3b  TA3_0_IRQHandler              
00000c3b  TA3_N_IRQHandler              
00000c3b  UsageFault_Handler            
4000480c  WDTCTL_SYM                    
00000c3b  WDT_A_IRQHandler              
20010000  __STACK_END                   
00000200  __STACK_SIZE                  
00000c68  __TI_CINIT_Base               
00000c70  __TI_CINIT_Limit              
00000c60  __TI_Handler_Table_Base       
00000c68  __TI_Handler_Table_Limit      
00000ba9  __TI_auto_init_nobinit_nopinit
00000b41  __TI_decompress_lzss          
00000c21  __TI_decompress_none          
ffffffff  __TI_pprof_out_hndl           
ffffffff  __TI_prof_data_size           
ffffffff  __TI_prof_data_start          
00000000  __TI_static_base__            
00000a39  __aeabi_memcpy                
00000a39  __aeabi_memcpy4               
00000a39  __aeabi_memcpy8               
ffffffff  __binit__                     
ffffffff  __c_args__                    
UNDEFED   __mpu_init                    
2000fe00  __stack                       
20000000  __start___llvm_prf_cnts       
20000000  __stop___llvm_prf_cnts        
00000bed  _c_int00_noargs               
UNDEFED   _system_post_cinit            
00000c43  _system_pre_init              
00000c47  abort                         
ffffffff  binit                         
00000721  delay                         
00000000  interruptVectors              
000008c1  main                          
00000a39  memcpy                        


GLOBAL SYMBOLS: SORTED BY Symbol Address 

address   name                          
-------   ----                          
00000000  __TI_static_base__            
00000000  interruptVectors              
000000e5  SystemCoreClockUpdate         
00000200  __STACK_SIZE                  
00000359  SystemInit                    
00000411  Motor_InitSimple              
0000046d  Motor_StopSimple              
0000048d  Motor_ForwardSimple           
0000051f  Motor_BackwardSimple          
000005b3  Motor_LeftSimple              
000005c1  Motor_RightSimple             
00000605  Clock_Init48MHz               
0000071b  Clock_GetFreq                 
00000721  delay                         
0000072f  Clock_Delay1us                
00000759  Clock_Delay1ms                
000007e5  Pause                         
000007f9  Program12_1                   
0000084d  Program12_2                   
0000089d  Program12_3                   
000008c1  main                          
00000941  LaunchPad_Init                
000009b1  LaunchPad_Input               
000009cf  LaunchPad_LED                 
000009ed  LaunchPad_Output              
00000a39  __aeabi_memcpy                
00000a39  __aeabi_memcpy4               
00000a39  __aeabi_memcpy8               
00000a39  memcpy                        
00000ad5  SysTick_Init                  
00000ae5  SysTick_Wait                  
00000b0b  SysTick_Wait10ms              
00000b41  __TI_decompress_lzss          
00000ba9  __TI_auto_init_nobinit_nopinit
00000bed  _c_int00_noargs               
00000c21  __TI_decompress_none          
00000c2f  Reset_Handler                 
00000c3b  ADC14_IRQHandler              
00000c3b  AES256_IRQHandler             
00000c3b  BusFault_Handler              
00000c3b  COMP_E0_IRQHandler            
00000c3b  COMP_E1_IRQHandler            
00000c3b  CS_IRQHandler                 
00000c3b  DMA_ERR_IRQHandler            
00000c3b  DMA_INT0_IRQHandler           
00000c3b  DMA_INT1_IRQHandler           
00000c3b  DMA_INT2_IRQHandler           
00000c3b  DMA_INT3_IRQHandler           
00000c3b  DebugMon_Handler              
00000c3b  Default_Handler               
00000c3b  EUSCIA0_IRQHandler            
00000c3b  EUSCIA1_IRQHandler            
00000c3b  EUSCIA2_IRQHandler            
00000c3b  EUSCIA3_IRQHandler            
00000c3b  EUSCIB0_IRQHandler            
00000c3b  EUSCIB1_IRQHandler            
00000c3b  EUSCIB2_IRQHandler            
00000c3b  EUSCIB3_IRQHandler            
00000c3b  FLCTL_IRQHandler              
00000c3b  FPU_IRQHandler                
00000c3b  HardFault_Handler             
00000c3b  MemManage_Handler             
00000c3b  NMI_Handler                   
00000c3b  PCM_IRQHandler                
00000c3b  PORT1_IRQHandler              
00000c3b  PORT2_IRQHandler              
00000c3b  PORT3_IRQHandler              
00000c3b  PORT4_IRQHandler              
00000c3b  PORT5_IRQHandler              
00000c3b  PORT6_IRQHandler              
00000c3b  PSS_IRQHandler                
00000c3b  PendSV_Handler                
00000c3b  RTC_C_IRQHandler              
00000c3b  SVC_Handler                   
00000c3b  SysTick_Handler               
00000c3b  T32_INT1_IRQHandler           
00000c3b  T32_INT2_IRQHandler           
00000c3b  T32_INTC_IRQHandler           
00000c3b  TA0_0_IRQHandler              
00000c3b  TA0_N_IRQHandler              
00000c3b  TA1_0_IRQHandler              
00000c3b  TA1_N_IRQHandler              
00000c3b  TA2_0_IRQHandler              
00000c3b  TA2_N_IRQHandler              
00000c3b  TA3_0_IRQHandler              
00000c3b  TA3_N_IRQHandler              
00000c3b  UsageFault_Handler            
00000c3b  WDT_A_IRQHandler              
00000c3d  Bump_Init                     
00000c3f  Bump_Read                     
00000c43  _system_pre_init              
00000c47  C$$EXIT                       
00000c47  abort                         
00000c60  __TI_Handler_Table_Base       
00000c68  __TI_CINIT_Base               
00000c68  __TI_Handler_Table_Limit      
00000c70  __TI_CINIT_Limit              
20000000  ClockFrequency                
20000000  __start___llvm_prf_cnts       
20000000  __stop___llvm_prf_cnts        
20000004  Prewait                       
20000008  CPMwait                       
2000000c  Postwait                      
20000010  IFlags                        
20000014  Crystalstable                 
20000018  SystemCoreClock               
2000fe00  __stack                       
20010000  __STACK_END                   
4000480c  WDTCTL_SYM                    
ffffffff  __TI_pprof_out_hndl           
ffffffff  __TI_prof_data_size           
ffffffff  __TI_prof_data_start          
ffffffff  __binit__                     
ffffffff  __c_args__                    
ffffffff  binit                         
UNDEFED   __mpu_init                    
UNDEFED   _system_post_cinit            

[117 symbols]
