******************************************************************************
                  TI ARM Linker PC v16.9.0                     
******************************************************************************
>> Linked Sat Nov 11 12:19:08 2017

OUTPUT FILE NAME:   <Ultrasound.out>
ENTRY POINT SYMBOL: "_c_int00"  address: 00001581


MEMORY CONFIGURATION

         name            origin    length      used     unused   attr    fill
----------------------  --------  ---------  --------  --------  ----  --------
  MAIN                  00000000   00040000  0000191a  0003e6e6  R  X
  INFO                  00200000   00004000  00000000  00004000  R  X
  SRAM_CODE             01000000   00010000  00000470  0000fb90  RW X
  SRAM_DATA             20000000   00010000  00000470  0000fb90  RW  


SEGMENT ALLOCATION MAP

run origin  load origin   length   init length attrs members
----------  ----------- ---------- ----------- ----- -------
00000000    00000000    00001920   00001920    r-x
  00000000    00000000    000000e4   000000e4    r-- .intvecs
  000000e4    000000e4    0000160e   0000160e    r-x .text
  000016f2    000016f2    000001e8   000001e8    r-- .const
  000018e0    000018e0    00000040   00000040    r-- .cinit
20000000    20000000    00000270   00000000    rw-
  20000000    20000000    0000022c   00000000    rw- .bss
  2000022c    2000022c    00000044   00000000    rw- .data
2000fe00    2000fe00    00000200   00000000    rw-
  2000fe00    2000fe00    00000200   00000000    rw- .stack


SECTION ALLOCATION MAP

 output                                  attributes/
section   page    origin      length       input sections
--------  ----  ----------  ----------   ----------------
.intvecs   0    00000000    000000e4     
                  00000000    000000e4     startup_msp432p401r_ccs.obj (.intvecs:retain)

.binit     0    00000000    00000000     

.text      0    000000e4    0000160e     
                  000000e4    0000093c     Nokia5110.obj (.text)
                  00000a20    0000032c     system_msp432p401r.obj (.text)
                  00000d4c    0000026c     UltrasoundLCDmain.obj (.text)
                  00000fb8    000001e0     Clock.obj (.text)
                  00001198    00000128     Ultrasound.obj (.text)
                  000012c0    000000d0     TA2InputCapture.obj (.text)
                  00001390    0000009c     rtsv7M4_T_le_v4SPD16_eabi.lib : memcpy_t2.obj (.text)
                  0000142c    0000007a                                   : memset_t2.obj (.text)
                  000014a6    00000002                                   : mpu_init.obj (.text)
                  000014a8    00000070                                   : autoinit.obj (.text)
                  00001518    00000068                                   : copy_decompress_lzss.obj (.text:decompress:lzss)
                  00001580    00000054                                   : boot.obj (.text)
                  000015d4    00000054                                   : exit.obj (.text)
                  00001628    0000004c                                   : cpy_tbl.obj (.text)
                  00001674    00000024     CortexM.obj (.text)
                  00001698    00000018     rtsv7M4_T_le_v4SPD16_eabi.lib : args_main.obj (.text)
                  000016b0    00000014                                   : _lock.obj (.text)
                  000016c4    0000000e                                   : copy_decompress_none.obj (.text:decompress:none)
                  000016d2    0000000e     startup_msp432p401r_ccs.obj (.text)
                  000016e0    0000000c     rtsv7M4_T_le_v4SPD16_eabi.lib : copy_zero_init.obj (.text:decompress:ZI)
                  000016ec    00000004                                   : pre_init.obj (.text)
                  000016f0    00000002                                   : startup.obj (.text)

.const     0    000016f2    000001e8     
                  000016f2    000001e0     Nokia5110.obj (.const:ASCII)
                  000018d2    00000008     Nokia5110.obj (.const:.string:Masks)

.cinit     0    000018e0    00000040     
                  000018e0    00000019     (.cinit..data.load) [load image, compression = lzss]
                  000018f9    00000003     --HOLE-- [fill = 0]
                  000018fc    0000000c     (__TI_handler_table)
                  00001908    00000008     (.cinit..bss.load) [load image, compression = zero_init]
                  00001910    00000010     (__TI_cinit_table)

.init_array 
*          0    00000000    00000000     UNINITIALIZED

.bss       0    20000000    0000022c     UNINITIALIZED
                  20000000    000001f8     (.common:Screen)
                  200001f8    00000014     (.common:CmBuff)
                  2000020c    00000014     (.common:InBuff)
                  20000220    00000002     (.common:Average)
                  20000222    00000002     (.common:Current)
                  20000224    00000002     (.common:Maximum)
                  20000226    00000002     (.common:Minimum)
                  20000228    00000002     (.common:Ultrasound_FirstTime)
                  2000022a    00000002     (.common:Ultrasound_SecondTime)

.data      0    2000022c    00000044     UNINITIALIZED
                  2000022c    00000018     Clock.obj (.data)
                  20000244    0000000c     rtsv7M4_T_le_v4SPD16_eabi.lib : exit.obj (.data:$O1$$)
                  20000250    0000000c     Ultrasound.obj (.data)
                  2000025c    00000008     rtsv7M4_T_le_v4SPD16_eabi.lib : _lock.obj (.data:$O1$$)
                  20000264    00000004     TA2InputCapture.obj (.data)
                  20000268    00000004     rtsv7M4_T_le_v4SPD16_eabi.lib : stkdepth_vars.obj (.data)
                  2000026c    00000004     system_msp432p401r.obj (.data)

.stack     0    2000fe00    00000200     UNINITIALIZED
                  2000fe00    00000200     --HOLE--

MODULE SUMMARY

       Module                        code   ro data   rw data
       ------                        ----   -------   -------
    .\
       Nokia5110.obj                 2364   488       1008   
       system_msp432p401r.obj        812    0         8      
       UltrasoundLCDmain.obj         620    0         96     
       Clock.obj                     480    0         48     
       Ultrasound.obj                296    0         32     
       startup_msp432p401r_ccs.obj   14     228       0      
       TA2InputCapture.obj           208    0         8      
       CortexM.obj                   36     0         0      
    +--+-----------------------------+------+---------+---------+
       Total:                        4830   716       1200   
                                                             
    C:\ti\ccsv7\tools\compiler\ti-cgt-arm_16.9.0.LTS\lib\rtsv7M4_T_le_v4SPD16_eabi.lib
       memcpy_t2.obj                 156    0         0      
       memset_t2.obj                 122    0         0      
       autoinit.obj                  112    0         0      
       exit.obj                      84     0         24     
       copy_decompress_lzss.obj      104    0         0      
       boot.obj                      84     0         0      
       cpy_tbl.obj                   76     0         0      
       _lock.obj                     20     0         16     
       args_main.obj                 24     0         0      
       copy_decompress_none.obj      14     0         0      
       copy_zero_init.obj            12     0         0      
       stkdepth_vars.obj             0      0         8      
       pre_init.obj                  4      0         0      
       mpu_init.obj                  2      0         0      
       startup.obj                   2      0         0      
    +--+-----------------------------+------+---------+---------+
       Total:                        816    0         48     
                                                             
       Stack:                        0      0         1024   
       Linker Generated:             0      61        0      
    +--+-----------------------------+------+---------+---------+
       Grand Total:                  5646   777       2272   


LINKER GENERATED COPY TABLES

__TI_cinit_table @ 00001910 records: 2, size/record: 8, table size: 16
	.data: load addr=000018e0, load size=00000019 bytes, run addr=2000022c, run size=00000044 bytes, compression=lzss
	.bss: load addr=00001908, load size=00000008 bytes, run addr=20000000, run size=0000022c bytes, compression=zero_init


LINKER GENERATED HANDLER TABLE

__TI_handler_table @ 000018fc records: 3, size/record: 4, table size: 12
	index: 0, handler: __TI_decompress_lzss
	index: 1, handler: __TI_decompress_none
	index: 2, handler: __TI_zero_init


GLOBAL SYMBOLS: SORTED ALPHABETICALLY BY Name 

address   name                           
-------   ----                           
000016df  ADC14_IRQHandler               
000016df  AES256_IRQHandler              
20000220  Average                        
000016df  BusFault_Handler               
000015d5  C$$EXIT                        
000016df  COMP_E0_IRQHandler             
000016df  COMP_E1_IRQHandler             
20000234  CPMwait                        
000016df  CS_IRQHandler                  
20000264  CaptureTask2                   
2000022c  ClockFrequency                 
0000110d  Clock_Delay1ms                 
000010e3  Clock_Delay1us                 
000010cf  Clock_GetFreq                  
00000fb9  Clock_Init48MHz                
200001f8  CmBuff                         
20000240  Crystalstable                  
20000222  Current                        
000016df  DMA_ERR_IRQHandler             
000016df  DMA_INT0_IRQHandler            
000016df  DMA_INT1_IRQHandler            
000016df  DMA_INT2_IRQHandler            
000016df  DMA_INT3_IRQHandler            
000016df  DebugMon_Handler               
000016df  Default_Handler                
00001675  DisableInterrupts              
000016df  EUSCIA0_IRQHandler             
000016df  EUSCIA1_IRQHandler             
000016df  EUSCIA2_IRQHandler             
000016df  EUSCIA3_IRQHandler             
000016df  EUSCIB0_IRQHandler             
000016df  EUSCIB1_IRQHandler             
000016df  EUSCIB2_IRQHandler             
000016df  EUSCIB3_IRQHandler             
0000167b  EnableInterrupts               
0000168b  EndCritical                    
000016df  FLCTL_IRQHandler               
000016df  FPU_IRQHandler                 
000016df  HardFault_Handler              
2000023c  IFlags                         
2000020c  InBuff                         
000018d2  Masks                          
20000224  Maximum                        
000016df  MemManage_Handler              
20000226  Minimum                        
000016df  NMI_Handler                    
00000755  Nokia5110_Clear                
00000997  Nokia5110_ClearBuffer          
000009cb  Nokia5110_ClrPxl               
000009c1  Nokia5110_DisplayBuffer        
00000781  Nokia5110_DrawFullImage        
0000013b  Nokia5110_Init                 
000001e5  Nokia5110_OutChar              
00000455  Nokia5110_OutSDec              
00000225  Nokia5110_OutString            
00000243  Nokia5110_OutUDec              
0000068b  Nokia5110_OutUFix1             
000007b3  Nokia5110_PrintBMP             
00000719  Nokia5110_SetCursor            
000009f1  Nokia5110_SetPxl               
000016df  PCM_IRQHandler                 
000016df  PORT1_IRQHandler               
000016df  PORT2_IRQHandler               
000016df  PORT3_IRQHandler               
000016df  PORT4_IRQHandler               
000016df  PORT5_IRQHandler               
000016df  PORT6_IRQHandler               
000016df  PSS_IRQHandler                 
000016df  PendSV_Handler                 
20000238  Postwait                       
20000230  Prewait                        
000016df  RTC_C_IRQHandler               
000016d3  Reset_Handler                  
UNDEFED   SHT$$INIT_ARRAY$$Base          
UNDEFED   SHT$$INIT_ARRAY$$Limit         
000016df  SVC_Handler                    
20000000  Screen                         
00001681  StartCritical                  
000016df  SysTick_Handler                
2000026c  SystemCoreClock                
00000a21  SystemCoreClockUpdate          
00000c95  SystemInit                     
000016df  T32_INT1_IRQHandler            
000016df  T32_INT2_IRQHandler            
000016df  T32_INTC_IRQHandler            
000016df  TA0_0_IRQHandler               
000016df  TA0_N_IRQHandler               
000016df  TA1_0_IRQHandler               
000016df  TA1_N_IRQHandler               
000016df  TA2_0_IRQHandler               
00001349  TA2_N_IRQHandler               
00001349  TA2_N_IRQHandler               
000016df  TA3_0_IRQHandler               
000016df  TA3_N_IRQHandler               
0000010f  Testlcdcommandwrite            
000012cd  TimerA2Capture_Init            
20000258  Ultrasound_Busy                
20000250  Ultrasound_Count               
0000123f  Ultrasound_End                 
20000228  Ultrasound_FirstTime           
000011e3  Ultrasound_Init                
2000022a  Ultrasound_SecondTime          
00001215  Ultrasound_Start               
20000254  Ultrasound_Valid               
000016df  UsageFault_Handler             
4000480c  WDTCTL_SYM                     
000016df  WDT_A_IRQHandler               
00001693  WaitForInterrupt               
20010000  __STACK_END                    
00000200  __STACK_SIZE                   
00001910  __TI_CINIT_Base                
00001920  __TI_CINIT_Limit               
000018fc  __TI_Handler_Table_Base        
00001908  __TI_Handler_Table_Limit       
000014a9  __TI_auto_init                 
20000244  __TI_cleanup_ptr               
00001519  __TI_decompress_lzss           
000016c5  __TI_decompress_none           
20000248  __TI_dtors_ptr                 
2000024c  __TI_enable_exit_profile_output
ffffffff  __TI_pprof_out_hndl            
ffffffff  __TI_prof_data_size            
ffffffff  __TI_prof_data_start           
00000000  __TI_static_base__             
000016e1  __TI_zero_init                 
0000142d  __aeabi_memclr                 
0000142d  __aeabi_memclr4                
0000142d  __aeabi_memclr8                
00001391  __aeabi_memcpy                 
00001391  __aeabi_memcpy4                
00001391  __aeabi_memcpy8                
0000142f  __aeabi_memset                 
0000142f  __aeabi_memset4                
0000142f  __aeabi_memset8                
ffffffff  __binit__                      
ffffffff  __c_args__                     
000014a7  __mpu_init                     
2000fe00  __stack                        
00001699  _args_main                     
00001581  _c_int00                       
2000025c  _lock                          
000016bf  _nop                           
000016b7  _register_lock                 
000016b1  _register_unlock               
000016f1  _system_post_cinit             
000016ed  _system_pre_init               
20000260  _unlock                        
000015d9  abort                          
00000de7  avg                            
ffffffff  binit                          
00001629  copy_in                        
000010d5  delay                          
000015e1  exit                           
00000000  interruptVectors               
00000e29  main                           
20000268  main_func_sp                   
00000d9b  max                            
00001391  memcpy                         
00001435  memset                         
00000d4d  min                            
000012c1  ta2dummy                       
00001199  ultrasoundint                  


GLOBAL SYMBOLS: SORTED BY Symbol Address 

address   name                           
-------   ----                           
00000000  __TI_static_base__             
00000000  interruptVectors               
0000010f  Testlcdcommandwrite            
0000013b  Nokia5110_Init                 
000001e5  Nokia5110_OutChar              
00000200  __STACK_SIZE                   
00000225  Nokia5110_OutString            
00000243  Nokia5110_OutUDec              
00000455  Nokia5110_OutSDec              
0000068b  Nokia5110_OutUFix1             
00000719  Nokia5110_SetCursor            
00000755  Nokia5110_Clear                
00000781  Nokia5110_DrawFullImage        
000007b3  Nokia5110_PrintBMP             
00000997  Nokia5110_ClearBuffer          
000009c1  Nokia5110_DisplayBuffer        
000009cb  Nokia5110_ClrPxl               
000009f1  Nokia5110_SetPxl               
00000a21  SystemCoreClockUpdate          
00000c95  SystemInit                     
00000d4d  min                            
00000d9b  max                            
00000de7  avg                            
00000e29  main                           
00000fb9  Clock_Init48MHz                
000010cf  Clock_GetFreq                  
000010d5  delay                          
000010e3  Clock_Delay1us                 
0000110d  Clock_Delay1ms                 
00001199  ultrasoundint                  
000011e3  Ultrasound_Init                
00001215  Ultrasound_Start               
0000123f  Ultrasound_End                 
000012c1  ta2dummy                       
000012cd  TimerA2Capture_Init            
00001349  TA2_N_IRQHandler               
00001349  TA2_N_IRQHandler               
00001391  __aeabi_memcpy                 
00001391  __aeabi_memcpy4                
00001391  __aeabi_memcpy8                
00001391  memcpy                         
0000142d  __aeabi_memclr                 
0000142d  __aeabi_memclr4                
0000142d  __aeabi_memclr8                
0000142f  __aeabi_memset                 
0000142f  __aeabi_memset4                
0000142f  __aeabi_memset8                
00001435  memset                         
000014a7  __mpu_init                     
000014a9  __TI_auto_init                 
00001519  __TI_decompress_lzss           
00001581  _c_int00                       
000015d5  C$$EXIT                        
000015d9  abort                          
000015e1  exit                           
00001629  copy_in                        
00001675  DisableInterrupts              
0000167b  EnableInterrupts               
00001681  StartCritical                  
0000168b  EndCritical                    
00001693  WaitForInterrupt               
00001699  _args_main                     
000016b1  _register_unlock               
000016b7  _register_lock                 
000016bf  _nop                           
000016c5  __TI_decompress_none           
000016d3  Reset_Handler                  
000016df  ADC14_IRQHandler               
000016df  AES256_IRQHandler              
000016df  BusFault_Handler               
000016df  COMP_E0_IRQHandler             
000016df  COMP_E1_IRQHandler             
000016df  CS_IRQHandler                  
000016df  DMA_ERR_IRQHandler             
000016df  DMA_INT0_IRQHandler            
000016df  DMA_INT1_IRQHandler            
000016df  DMA_INT2_IRQHandler            
000016df  DMA_INT3_IRQHandler            
000016df  DebugMon_Handler               
000016df  Default_Handler                
000016df  EUSCIA0_IRQHandler             
000016df  EUSCIA1_IRQHandler             
000016df  EUSCIA2_IRQHandler             
000016df  EUSCIA3_IRQHandler             
000016df  EUSCIB0_IRQHandler             
000016df  EUSCIB1_IRQHandler             
000016df  EUSCIB2_IRQHandler             
000016df  EUSCIB3_IRQHandler             
000016df  FLCTL_IRQHandler               
000016df  FPU_IRQHandler                 
000016df  HardFault_Handler              
000016df  MemManage_Handler              
000016df  NMI_Handler                    
000016df  PCM_IRQHandler                 
000016df  PORT1_IRQHandler               
000016df  PORT2_IRQHandler               
000016df  PORT3_IRQHandler               
000016df  PORT4_IRQHandler               
000016df  PORT5_IRQHandler               
000016df  PORT6_IRQHandler               
000016df  PSS_IRQHandler                 
000016df  PendSV_Handler                 
000016df  RTC_C_IRQHandler               
000016df  SVC_Handler                    
000016df  SysTick_Handler                
000016df  T32_INT1_IRQHandler            
000016df  T32_INT2_IRQHandler            
000016df  T32_INTC_IRQHandler            
000016df  TA0_0_IRQHandler               
000016df  TA0_N_IRQHandler               
000016df  TA1_0_IRQHandler               
000016df  TA1_N_IRQHandler               
000016df  TA2_0_IRQHandler               
000016df  TA3_0_IRQHandler               
000016df  TA3_N_IRQHandler               
000016df  UsageFault_Handler             
000016df  WDT_A_IRQHandler               
000016e1  __TI_zero_init                 
000016ed  _system_pre_init               
000016f1  _system_post_cinit             
000018d2  Masks                          
000018fc  __TI_Handler_Table_Base        
00001908  __TI_Handler_Table_Limit       
00001910  __TI_CINIT_Base                
00001920  __TI_CINIT_Limit               
20000000  Screen                         
200001f8  CmBuff                         
2000020c  InBuff                         
20000220  Average                        
20000222  Current                        
20000224  Maximum                        
20000226  Minimum                        
20000228  Ultrasound_FirstTime           
2000022a  Ultrasound_SecondTime          
2000022c  ClockFrequency                 
20000230  Prewait                        
20000234  CPMwait                        
20000238  Postwait                       
2000023c  IFlags                         
20000240  Crystalstable                  
20000244  __TI_cleanup_ptr               
20000248  __TI_dtors_ptr                 
2000024c  __TI_enable_exit_profile_output
20000250  Ultrasound_Count               
20000254  Ultrasound_Valid               
20000258  Ultrasound_Busy                
2000025c  _lock                          
20000260  _unlock                        
20000264  CaptureTask2                   
20000268  main_func_sp                   
2000026c  SystemCoreClock                
2000fe00  __stack                        
20010000  __STACK_END                    
4000480c  WDTCTL_SYM                     
ffffffff  __TI_pprof_out_hndl            
ffffffff  __TI_prof_data_size            
ffffffff  __TI_prof_data_start           
ffffffff  __binit__                      
ffffffff  __c_args__                     
ffffffff  binit                          
UNDEFED   SHT$$INIT_ARRAY$$Base          
UNDEFED   SHT$$INIT_ARRAY$$Limit         

[162 symbols]
