******************************************************************************
                  TI ARM Linker PC v16.9.3                     
******************************************************************************
>> Linked Wed Jan 24 20:51:09 2018

OUTPUT FILE NAME:   <PWMSine.out>
ENTRY POINT SYMBOL: "_c_int00"  address: 00000c01


MEMORY CONFIGURATION

         name            origin    length      used     unused   attr    fill
----------------------  --------  ---------  --------  --------  ----  --------
  MAIN                  00000000   00040000  00000df2  0003f20e  R  X
  INFO                  00200000   00004000  00000000  00004000  R  X
  SRAM_CODE             01000000   00010000  00000239  0000fdc7  RW X
  SRAM_DATA             20000000   00010000  00000239  0000fdc7  RW  


SEGMENT ALLOCATION MAP

run origin  load origin   length   init length attrs members
----------  ----------- ---------- ----------- ----- -------
00000000    00000000    00000df8   00000df8    r-x
  00000000    00000000    000000e4   000000e4    r-- .intvecs
  000000e4    000000e4    00000c8e   00000c8e    r-x .text
  00000d72    00000d72    00000040   00000040    r-- .const
  00000db8    00000db8    00000040   00000040    r-- .cinit
20000000    20000000    0000003c   00000000    rw-
  20000000    20000000    00000035   00000000    rw- .data
  20000038    20000038    00000004   00000000    rw- .bss
2000fe00    2000fe00    00000200   00000000    rw-
  2000fe00    2000fe00    00000200   00000000    rw- .stack


SECTION ALLOCATION MAP

 output                                  attributes/
section   page    origin      length       input sections
--------  ----  ----------  ----------   ----------------
.intvecs   0    00000000    000000e4     
                  00000000    000000e4     startup_msp432p401r_ccs.obj (.intvecs:retain)

.binit     0    00000000    00000000     

.text      0    000000e4    00000c8e     
                  000000e4    0000032c     system_msp432p401r.obj (.text)
                  00000410    00000228     PWM.obj (.text)
                  00000638    000001e0     Clock.obj (.text)
                  00000818    000000f4     LaunchPad.obj (.text)
                  0000090c    000000a8     TimerA2.obj (.text)
                  000009b4    0000009c     rtsv7M4_T_le_v4SPD16_eabi.lib : memcpy_t2.obj (.text)
                  00000a50    0000007a                                   : memset_t2.obj (.text)
                  00000aca    00000002                                   : mpu_init.obj (.text)
                  00000acc    00000070                                   : autoinit.obj (.text)
                  00000b3c    00000068                                   : copy_decompress_lzss.obj (.text:decompress:lzss)
                  00000ba4    0000005c     PWMSine.obj (.text)
                  00000c00    00000054     rtsv7M4_T_le_v4SPD16_eabi.lib : boot.obj (.text)
                  00000c54    00000054                                   : exit.obj (.text)
                  00000ca8    0000004c                                   : cpy_tbl.obj (.text)
                  00000cf4    00000024     CortexM.obj (.text)
                  00000d18    00000018     rtsv7M4_T_le_v4SPD16_eabi.lib : args_main.obj (.text)
                  00000d30    00000014                                   : _lock.obj (.text)
                  00000d44    0000000e                                   : copy_decompress_none.obj (.text:decompress:none)
                  00000d52    0000000e     startup_msp432p401r_ccs.obj (.text)
                  00000d60    0000000c     rtsv7M4_T_le_v4SPD16_eabi.lib : copy_zero_init.obj (.text:decompress:ZI)
                  00000d6c    00000004                                   : pre_init.obj (.text)
                  00000d70    00000002                                   : startup.obj (.text)

.const     0    00000d72    00000040     
                  00000d72    00000040     PWMSine.obj (.const:Wave)

.cinit     0    00000db8    00000040     
                  00000db8    00000017     (.cinit..data.load) [load image, compression = lzss]
                  00000dcf    00000001     --HOLE-- [fill = 0]
                  00000dd0    0000000c     (__TI_handler_table)
                  00000ddc    00000004     --HOLE-- [fill = 0]
                  00000de0    00000008     (.cinit..bss.load) [load image, compression = zero_init]
                  00000de8    00000010     (__TI_cinit_table)

.init_array 
*          0    00000000    00000000     UNINITIALIZED

.data      0    20000000    00000035     UNINITIALIZED
                  20000000    00000018     Clock.obj (.data)
                  20000018    0000000c     rtsv7M4_T_le_v4SPD16_eabi.lib : exit.obj (.data:$O1$$)
                  20000024    00000008                                   : _lock.obj (.data:$O1$$)
                  2000002c    00000004                                   : stkdepth_vars.obj (.data)
                  20000030    00000004     system_msp432p401r.obj (.data)
                  20000034    00000001     PWMSine.obj (.data)

.bss       0    20000038    00000004     UNINITIALIZED
                  20000038    00000004     (.common:TimerA2Task)

.stack     0    2000fe00    00000200     UNINITIALIZED
                  2000fe00    00000200     --HOLE--

MODULE SUMMARY

       Module                        code   ro data   rw data
       ------                        ----   -------   -------
    .\
       system_msp432p401r.obj        812    0         8      
       PWM.obj                       552    0         0      
       Clock.obj                     480    0         48     
       LaunchPad.obj                 244    0         0      
       startup_msp432p401r_ccs.obj   14     228       0      
       TimerA2.obj                   168    0         8      
       PWMSine.obj                   92     64        2      
       CortexM.obj                   36     0         0      
    +--+-----------------------------+------+---------+---------+
       Total:                        2398   292       66     
                                                             
    C:\ti\ccsv7\tools\compiler\ti-cgt-arm_16.9.3.LTS\lib\rtsv7M4_T_le_v4SPD16_eabi.lib
       memcpy_t2.obj                 156    0         0      
       memset_t2.obj                 122    0         0      
       autoinit.obj                  112    0         0      
       exit.obj                      84     0         24     
       copy_decompress_lzss.obj      104    0         0      
       boot.obj                      84     0         0      
       cpy_tbl.obj                   76     0         0      
       _lock.obj                     20     0         16     
       args_main.obj                 24     0         0      
       copy_decompress_none.obj      14     0         0      
       copy_zero_init.obj            12     0         0      
       stkdepth_vars.obj             0      0         8      
       pre_init.obj                  4      0         0      
       mpu_init.obj                  2      0         0      
       startup.obj                   2      0         0      
    +--+-----------------------------+------+---------+---------+
       Total:                        816    0         48     
                                                             
       Stack:                        0      0         1024   
       Linker Generated:             0      59        0      
    +--+-----------------------------+------+---------+---------+
       Grand Total:                  3214   351       1138   


LINKER GENERATED COPY TABLES

__TI_cinit_table @ 00000de8 records: 2, size/record: 8, table size: 16
	.data: load addr=00000db8, load size=00000017 bytes, run addr=20000000, run size=00000035 bytes, compression=lzss
	.bss: load addr=00000de0, load size=00000008 bytes, run addr=20000038, run size=00000004 bytes, compression=zero_init


LINKER GENERATED HANDLER TABLE

__TI_handler_table @ 00000dd0 records: 3, size/record: 4, table size: 12
	index: 0, handler: __TI_decompress_lzss
	index: 1, handler: __TI_decompress_none
	index: 2, handler: __TI_zero_init


GLOBAL SYMBOLS: SORTED ALPHABETICALLY BY Name 

address   name                           
-------   ----                           
00000d5f  ADC14_IRQHandler               
00000d5f  AES256_IRQHandler              
00000d5f  BusFault_Handler               
00000c55  C$$EXIT                        
00000d5f  COMP_E0_IRQHandler             
00000d5f  COMP_E1_IRQHandler             
20000008  CPMwait                        
00000d5f  CS_IRQHandler                  
20000000  ClockFrequency                 
0000078d  Clock_Delay1ms                 
00000763  Clock_Delay1us                 
0000074f  Clock_GetFreq                  
00000639  Clock_Init48MHz                
20000014  Crystalstable                  
00000d5f  DMA_ERR_IRQHandler             
00000d5f  DMA_INT0_IRQHandler            
00000d5f  DMA_INT1_IRQHandler            
00000d5f  DMA_INT2_IRQHandler            
00000d5f  DMA_INT3_IRQHandler            
00000d5f  DebugMon_Handler               
00000d5f  Default_Handler                
00000cf5  DisableInterrupts              
00000d5f  EUSCIA0_IRQHandler             
00000d5f  EUSCIA1_IRQHandler             
00000d5f  EUSCIA2_IRQHandler             
00000d5f  EUSCIA3_IRQHandler             
00000d5f  EUSCIB0_IRQHandler             
00000d5f  EUSCIB1_IRQHandler             
00000d5f  EUSCIB2_IRQHandler             
00000d5f  EUSCIB3_IRQHandler             
00000cfb  EnableInterrupts               
00000d0b  EndCritical                    
00000d5f  FLCTL_IRQHandler               
00000d5f  FPU_IRQHandler                 
00000d5f  HardFault_Handler              
20000010  IFlags                         
00000819  LaunchPad_Init                 
00000889  LaunchPad_Input                
000008a3  LaunchPad_LED                  
000008c1  LaunchPad_Output               
00000d5f  MemManage_Handler              
00000d5f  NMI_Handler                    
00000ba5  OutputSineWave                 
00000d5f  PCM_IRQHandler                 
00000d5f  PORT1_IRQHandler               
00000d5f  PORT2_IRQHandler               
00000d5f  PORT3_IRQHandler               
00000d5f  PORT4_IRQHandler               
00000d5f  PORT5_IRQHandler               
00000d5f  PORT6_IRQHandler               
00000d5f  PSS_IRQHandler                 
000004fb  PWM_Duty1                      
0000051b  PWM_Duty2                      
000005bf  PWM_Duty3                      
000005df  PWM_Duty4                      
00000411  PWM_Init1                      
00000477  PWM_Init12                     
0000053b  PWM_Init34                     
00000d5f  PendSV_Handler                 
2000000c  Postwait                       
20000004  Prewait                        
00000d5f  RTC_C_IRQHandler               
00000d53  Reset_Handler                  
UNDEFED   SHT$$INIT_ARRAY$$Base          
UNDEFED   SHT$$INIT_ARRAY$$Limit         
00000d5f  SVC_Handler                    
00000d01  StartCritical                  
00000d5f  SysTick_Handler                
20000030  SystemCoreClock                
000000e5  SystemCoreClockUpdate          
00000359  SystemInit                     
00000d5f  T32_INT1_IRQHandler            
00000d5f  T32_INT2_IRQHandler            
00000d5f  T32_INTC_IRQHandler            
00000d5f  TA0_0_IRQHandler               
00000d5f  TA0_N_IRQHandler               
00000d5f  TA1_0_IRQHandler               
00000d5f  TA1_N_IRQHandler               
0000097f  TA2_0_IRQHandler               
0000097f  TA2_0_IRQHandler               
00000d5f  TA2_N_IRQHandler               
00000d5f  TA3_0_IRQHandler               
00000d5f  TA3_N_IRQHandler               
20000038  TimerA2Task                    
0000090d  TimerA2_Init                   
0000096b  TimerA2_Stop                   
00000d5f  UsageFault_Handler             
4000480c  WDTCTL_SYM                     
00000d5f  WDT_A_IRQHandler               
00000d13  WaitForInterrupt               
00000d72  Wave                           
20010000  __STACK_END                    
00000200  __STACK_SIZE                   
00000de8  __TI_CINIT_Base                
00000df8  __TI_CINIT_Limit               
00000dd0  __TI_Handler_Table_Base        
00000ddc  __TI_Handler_Table_Limit       
00000acd  __TI_auto_init                 
20000018  __TI_cleanup_ptr               
00000b3d  __TI_decompress_lzss           
00000d45  __TI_decompress_none           
2000001c  __TI_dtors_ptr                 
20000020  __TI_enable_exit_profile_output
ffffffff  __TI_pprof_out_hndl            
ffffffff  __TI_prof_data_size            
ffffffff  __TI_prof_data_start           
00000000  __TI_static_base__             
00000d61  __TI_zero_init                 
00000a51  __aeabi_memclr                 
00000a51  __aeabi_memclr4                
00000a51  __aeabi_memclr8                
000009b5  __aeabi_memcpy                 
000009b5  __aeabi_memcpy4                
000009b5  __aeabi_memcpy8                
00000a53  __aeabi_memset                 
00000a53  __aeabi_memset4                
00000a53  __aeabi_memset8                
ffffffff  __binit__                      
ffffffff  __c_args__                     
00000acb  __mpu_init                     
2000fe00  __stack                        
00000d19  _args_main                     
00000c01  _c_int00                       
20000024  _lock                          
00000d3f  _nop                           
00000d37  _register_lock                 
00000d31  _register_unlock               
00000d71  _system_post_cinit             
00000d6d  _system_pre_init               
20000028  _unlock                        
00000c59  abort                          
ffffffff  binit                          
00000ca9  copy_in                        
00000755  delay                          
00000c61  exit                           
00000000  interruptVectors               
00000bcf  main                           
2000002c  main_func_sp                   
000009b5  memcpy                         
00000a59  memset                         


GLOBAL SYMBOLS: SORTED BY Symbol Address 

address   name                           
-------   ----                           
00000000  __TI_static_base__             
00000000  interruptVectors               
000000e5  SystemCoreClockUpdate          
00000200  __STACK_SIZE                   
00000359  SystemInit                     
00000411  PWM_Init1                      
00000477  PWM_Init12                     
000004fb  PWM_Duty1                      
0000051b  PWM_Duty2                      
0000053b  PWM_Init34                     
000005bf  PWM_Duty3                      
000005df  PWM_Duty4                      
00000639  Clock_Init48MHz                
0000074f  Clock_GetFreq                  
00000755  delay                          
00000763  Clock_Delay1us                 
0000078d  Clock_Delay1ms                 
00000819  LaunchPad_Init                 
00000889  LaunchPad_Input                
000008a3  LaunchPad_LED                  
000008c1  LaunchPad_Output               
0000090d  TimerA2_Init                   
0000096b  TimerA2_Stop                   
0000097f  TA2_0_IRQHandler               
0000097f  TA2_0_IRQHandler               
000009b5  __aeabi_memcpy                 
000009b5  __aeabi_memcpy4                
000009b5  __aeabi_memcpy8                
000009b5  memcpy                         
00000a51  __aeabi_memclr                 
00000a51  __aeabi_memclr4                
00000a51  __aeabi_memclr8                
00000a53  __aeabi_memset                 
00000a53  __aeabi_memset4                
00000a53  __aeabi_memset8                
00000a59  memset                         
00000acb  __mpu_init                     
00000acd  __TI_auto_init                 
00000b3d  __TI_decompress_lzss           
00000ba5  OutputSineWave                 
00000bcf  main                           
00000c01  _c_int00                       
00000c55  C$$EXIT                        
00000c59  abort                          
00000c61  exit                           
00000ca9  copy_in                        
00000cf5  DisableInterrupts              
00000cfb  EnableInterrupts               
00000d01  StartCritical                  
00000d0b  EndCritical                    
00000d13  WaitForInterrupt               
00000d19  _args_main                     
00000d31  _register_unlock               
00000d37  _register_lock                 
00000d3f  _nop                           
00000d45  __TI_decompress_none           
00000d53  Reset_Handler                  
00000d5f  ADC14_IRQHandler               
00000d5f  AES256_IRQHandler              
00000d5f  BusFault_Handler               
00000d5f  COMP_E0_IRQHandler             
00000d5f  COMP_E1_IRQHandler             
00000d5f  CS_IRQHandler                  
00000d5f  DMA_ERR_IRQHandler             
00000d5f  DMA_INT0_IRQHandler            
00000d5f  DMA_INT1_IRQHandler            
00000d5f  DMA_INT2_IRQHandler            
00000d5f  DMA_INT3_IRQHandler            
00000d5f  DebugMon_Handler               
00000d5f  Default_Handler                
00000d5f  EUSCIA0_IRQHandler             
00000d5f  EUSCIA1_IRQHandler             
00000d5f  EUSCIA2_IRQHandler             
00000d5f  EUSCIA3_IRQHandler             
00000d5f  EUSCIB0_IRQHandler             
00000d5f  EUSCIB1_IRQHandler             
00000d5f  EUSCIB2_IRQHandler             
00000d5f  EUSCIB3_IRQHandler             
00000d5f  FLCTL_IRQHandler               
00000d5f  FPU_IRQHandler                 
00000d5f  HardFault_Handler              
00000d5f  MemManage_Handler              
00000d5f  NMI_Handler                    
00000d5f  PCM_IRQHandler                 
00000d5f  PORT1_IRQHandler               
00000d5f  PORT2_IRQHandler               
00000d5f  PORT3_IRQHandler               
00000d5f  PORT4_IRQHandler               
00000d5f  PORT5_IRQHandler               
00000d5f  PORT6_IRQHandler               
00000d5f  PSS_IRQHandler                 
00000d5f  PendSV_Handler                 
00000d5f  RTC_C_IRQHandler               
00000d5f  SVC_Handler                    
00000d5f  SysTick_Handler                
00000d5f  T32_INT1_IRQHandler            
00000d5f  T32_INT2_IRQHandler            
00000d5f  T32_INTC_IRQHandler            
00000d5f  TA0_0_IRQHandler               
00000d5f  TA0_N_IRQHandler               
00000d5f  TA1_0_IRQHandler               
00000d5f  TA1_N_IRQHandler               
00000d5f  TA2_N_IRQHandler               
00000d5f  TA3_0_IRQHandler               
00000d5f  TA3_N_IRQHandler               
00000d5f  UsageFault_Handler             
00000d5f  WDT_A_IRQHandler               
00000d61  __TI_zero_init                 
00000d6d  _system_pre_init               
00000d71  _system_post_cinit             
00000d72  Wave                           
00000dd0  __TI_Handler_Table_Base        
00000ddc  __TI_Handler_Table_Limit       
00000de8  __TI_CINIT_Base                
00000df8  __TI_CINIT_Limit               
20000000  ClockFrequency                 
20000004  Prewait                        
20000008  CPMwait                        
2000000c  Postwait                       
20000010  IFlags                         
20000014  Crystalstable                  
20000018  __TI_cleanup_ptr               
2000001c  __TI_dtors_ptr                 
20000020  __TI_enable_exit_profile_output
20000024  _lock                          
20000028  _unlock                        
2000002c  main_func_sp                   
20000030  SystemCoreClock                
20000038  TimerA2Task                    
2000fe00  __stack                        
20010000  __STACK_END                    
4000480c  WDTCTL_SYM                     
ffffffff  __TI_pprof_out_hndl            
ffffffff  __TI_prof_data_size            
ffffffff  __TI_prof_data_start           
ffffffff  __binit__                      
ffffffff  __c_args__                     
ffffffff  binit                          
UNDEFED   SHT$$INIT_ARRAY$$Base          
UNDEFED   SHT$$INIT_ARRAY$$Limit         

[140 symbols]
